02-14 20:24:56.508 D/sound_trigger_hw_common(  836): st_hw_check_vad_support: disable vad, session does not meet requirement
02-14 20:24:56.508 D/sound_trigger_hw(  836): handle_audio_concurrency:[1] LPI: pause SVA session
02-14 20:24:56.508 D/sound_trigger_hw(  836): active_state_fn:[1] handle event id 11
02-14 20:24:56.508 D/sound_trigger_hw(  836): ape_stop:[1] Enter
02-14 20:24:56.509 D/sound_trigger_hw(  836): ape_stop:[1] Exit, status=0
02-14 20:24:56.509 D/sound_trigger_hw(  836): ape_dereg_sm_params:[1] Enter
02-14 20:24:56.509 D/sound_trigger_hw(  836): ape_enable_use_case: disable use case = listen-voice-wakeup-2 preproc
02-14 20:24:56.528 D/sound_trigger_hw(  836): sound_trigger_set_device: disable device (7) = listen-ape-handset-mic-preproc
02-14 20:24:56.528 D/sound_trigger_hw(  836): session[1]: active_state_fn ---> loaded_state_fn
02-14 20:24:56.529 D/sound_trigger_platform(  836): platform_stdev_reset_backend_cfg: Setting VA_CDC_DMA_TX_0 TX island to false
02-14 20:24:56.530 D/sound_trigger_hw(  836): handle_audio_concurrency:[1] LPI: resume SVA session
02-14 20:24:56.530 D/sound_trigger_hw(  836): loaded_state_fn:[c1-1] handle event id 12
02-14 20:24:56.530 E/sound_trigger_hw(  836): check_gcs_usecase_switch: Invalid session or non CPE session!
02-14 20:24:56.530 D/sound_trigger_hw(  836): ape_dereg_sm:[1] Enter
02-14 20:24:56.530 I/sound_trigger_hw(  836): callback_thread_loop:[1] Received SNDRV_LSM_EVENT_STATUS_V3 status=0
02-14 20:24:56.530 D/sound_trigger_hw(  836): callback_thread_loop:[1] Exit
02-14 20:24:56.532 D/sound_trigger_hw(  836): ape_dereg_sm:[1] Exit, status=0
02-14 20:24:56.532 D/sound_trigger_hw(  836): ape_reg_sm:[1] Enter
02-14 20:24:56.532 D/sound_trigger_platform(  836): platform_stdev_get_capture_device: Device = 0x80000004
02-14 20:24:56.532 D/sound_trigger_platform(  836): platform_stdev_get_capture_device: Available device = 0x80000004
02-14 20:24:56.532 D/sound_trigger_platform(  836): platform_stdev_get_capture_device: Device = 0x80000004
02-14 20:24:56.532 D/sound_trigger_platform(  836): platform_stdev_get_capture_device: Available device = 0x80000004
02-14 20:24:56.532 D/sound_trigger_platform(  836): platform_stdev_send_calibration_v2: sending lsm cal for device(1) acdb_id(100) index(0) app_id(3)
02-14 20:24:56.532 D/android.hardware.audio.service(  836): Failed to fetch the lookup information of the device 00000064 
02-14 20:24:56.532 D/android.hardware.audio.service(  836): Failed to fetch the lookup information of the device 00000064 
02-14 20:24:56.532 D/sound_trigger_hw(  836): ape_reg_sm: opening pcm device=16
02-14 20:24:56.533 D/sound_trigger_hw(  836): lsm_set_session_data_v2: Sending lpi_enable = true to LSM
02-14 20:24:56.534 D/sound_trigger_hw(  836): ape_reg_sm:[1] Exit, status=0
02-14 20:24:56.534 D/sound_trigger_platform(  836): check_and_set_codec_backend_cfg: Setting VA_CDC_DMA_TX_0 TX island to true
02-14 20:24:56.534 D/sound_trigger_hw(  836): callback_thread_loop:[1] Enter
02-14 20:24:56.534 I/sound_trigger_hw(  836): callback_thread_loop:[1] Waiting for SNDRV_LSM_EVENT_STATUS_V3
02-14 20:24:56.535 D/sound_trigger_platform(  836): platform_stdev_get_capture_device: Device = 0x80000004
02-14 20:24:56.535 D/sound_trigger_platform(  836): platform_stdev_get_capture_device: Available device = 0x80000004
02-14 20:24:56.535 D/sound_trigger_platform(  836): platform_stdev_get_device_sample_rate: sample rate 16000
02-14 20:24:56.535 D/sound_trigger_platform(  836): platform_stdev_send_calibration_v2: send dev cal for device(1) acdb_id(100) cal_mode(0) app_id(0)
02-14 20:24:56.535 D/android.hardware.audio.service(  836): Failed to fetch the lookup information of the device 00000064 
02-14 20:24:56.536 D/android.hardware.audio.service(  836): Failed to fetch the lookup information of the device 00000064 
02-14 20:24:56.536 D/sound_trigger_platform(  836): platform_stdev_get_capture_device: Device = 0x80000004
02-14 20:24:56.536 D/sound_trigger_platform(  836): platform_stdev_get_capture_device: Available device = 0x80000004
02-14 20:24:56.536 D/sound_trigger_hw(  836): sound_trigger_set_device: enable device (1) = listen-ape-handset-mic
02-14 20:24:56.536 D/audio_route(  836): Apply path: listen-ape-handset-mic
02-14 20:24:56.536 D/sound_trigger_hw(  836): ape_reg_sm_params:[1] Enter
02-14 20:24:56.536 D/audio_route(  836): Apply path: listen-voice-wakeup-2 port
02-14 20:24:56.537 D/sound_trigger_hw(  836): ape_enable_use_case: enable use case = listen-voice-wakeup-2
02-14 20:24:56.537 D/sound_trigger_platform(  836): platform_stdev_get_capture_device: Device = 0x80000004
02-14 20:24:56.537 D/sound_trigger_platform(  836): platform_stdev_get_capture_device: Available device = 0x80000004
02-14 20:24:56.537 D/sound_trigger_platform(  836): platform_stdev_send_stream_app_type_cfg: send Stream App Type Cfg for LPI
02-14 20:24:56.537 D/audio_route(  836): Apply path: listen-voice-wakeup-2
02-14 20:24:56.570 D/sound_trigger_hw(  836): ape_reg_sm_params: st_recogntion_mode 1, det_mode 1, lab 1
02-14 20:24:56.570 D/sound_trigger_hw(  836): ape_reg_sm_params: second state detection supported
02-14 20:24:56.571 D/sound_trigger_hw(  836): ape_start:[1] Enter
02-14 20:24:56.571 D/sound_trigger_hw(  836): ape_start:[1] Exit, status=0
02-14 20:24:56.571 D/sound_trigger_hw(  836): session[1]: loaded_state_fn ---> active_state_fn
02-14 20:24:56.571 D/soundtrigger(  836): audio_extn_sound_trigger_update_stream_status: uc_info->id 0 of type 0 for Event 2, with Raise=1
02-14 20:24:56.572 I/sound_trigger_platform(  836): platform_stdev_check_and_update_concurrency: Received PLAYBACK_STREAM event, event type 2, usecase type 0
02-14 20:24:56.572 D/sound_trigger_platform(  836): platform_stdev_get_capture_device: Device = 0x80000004
02-14 20:24:56.572 D/sound_trigger_platform(  836): platform_stdev_get_capture_device: Available device = 0x80000004
02-14 20:24:56.572 D/sound_trigger_platform(  836): platform_stdev_check_and_update_concurrency: dedicated path 0, reset backend 1, tx 0, rx 0, concurrency session allowed
02-14 20:24:56.572 D/sound_trigger_platform(  836): platform_stdev_get_capture_device: Device = 0x80000004
02-14 20:24:56.572 D/sound_trigger_platform(  836): platform_stdev_get_capture_device: Available device = 0x80000004
02-14 20:24:56.572 D/sound_trigger_hw_common(  836): st_hw_check_vad_support: disable vad, session does not meet requirement
02-14 20:24:56.572 D/hardware_info(  836): hw_info_append_hw_type : device_name = speaker
02-14 20:24:56.572 D/audio_hw_primary(  836): disable_snd_device: device ref cnt is 1[2]
02-14 20:24:56.572 D/audio_hw_primary(  836): disable_snd_device: snd_device(2: speaker)[SND_DEVICE_OUT_SPEAKER]
02-14 20:24:56.575 D/hardware_info(  836): hw_info_append_hw_type : device_name = vi-feedback
02-14 20:24:56.575 D/audio_hw_primary(  836): disable_snd_device: device ref cnt is 1[246]
02-14 20:24:56.575 D/audio_hw_primary(  836): disable_snd_device: snd_device(246: vi-feedback)[SND_DEVICE_IN_CAPTURE_VI_FEEDBACK]
02-14 20:24:56.576 I/soundtrigger(  836): audio_extn_sound_trigger_update_device_status: device 0xf6 of type 1 for Event 0, with Raise=0
02-14 20:24:56.576 D/audio_hw_primary(  836): disable_audio_route: reset and update mixer path: spkr-vi-record
02-14 20:24:56.577 D/audio_hw_primary(  836): [force reset] del spkr-vi-record 1
02-14 20:24:56.577 D/soundtrigger(  836): audio_extn_sound_trigger_update_stream_status: uc_info->id 53 of type 1 for Event 2, with Raise=0
02-14 20:24:56.577 D/soundtrigger(  836): audio_extn_sound_trigger_update_stream_status: uc_info->id 53 of type 1 for Event 2, with Raise=0
02-14 20:24:56.578 I/soundtrigger(  836): audio_extn_sound_trigger_update_device_status: device 0x2 of type 0 for Event 0, with Raise=0
02-14 20:24:56.578 D/audio_hw_primary(  836): stop_output_stream: exit: status(0)
02-14 20:24:56.578 D/audio_hw_primary(  836): out_standby: exit
02-14 20:24:56.799 D/DisplayModeController(  920): setDesiredMode 4630946480857061762 {mode={fps=60.00 Hz, modePtr={id=1, vsyncRate=60.00 Hz, peakRefreshRate=60.00 Hz}}, emitEvent=false, force=false}
02-14 20:24:56.803 I/SDM     (  838): HWDeviceDRM::UpdateMixerAttributes: Mixer WxH 1080x2400-0 for Peripheral
02-14 20:24:56.804 I/SDM     (  838): HWCDisplay::SubmitDisplayConfig: Active configuration changed to: 1
02-14 20:24:57.217 D/BoundBrokerSvc( 3999): onUnbind: Intent { act=com.google.android.gms.libs.gmscorelogger.service.START dat=chimera-action:/... xflg=0x4 cmp=com.google.android.gms/.chimera.PersistentDirectBootAwareApiService }
02-14 20:24:57.873 E/WifiHAL (  851): wifi_get_cached_scan_results: Wifi Cached Scan Result not supported by driver
02-14 20:24:57.873 E/WifiStaIfaceAidlImpl( 1738): getCachedScanData failed with service-specific exception: android.os.ServiceSpecificException:  (code 4)
02-14 20:24:57.959 W/NotificationService( 1738): Toast already killed. pkg=com.github.libretube.debug token=android.os.BinderProxy@586c6c7
02-14 20:24:58.185 D/DisplayModeController(  920): setDesiredMode 4630946480857061762 {mode={fps=120.00 Hz, modePtr={id=0, vsyncRate=120.00 Hz, peakRefreshRate=120.00 Hz}}, emitEvent=true, force=false}
02-14 20:24:58.196 I/SDM     (  838): HWDeviceDRM::UpdateMixerAttributes: Mixer WxH 1080x2400-0 for Peripheral
02-14 20:24:58.196 I/SDM     (  838): HWCDisplay::SubmitDisplayConfig: Active configuration changed to: 0
02-14 20:24:58.222 D/BufferPoolAccessor2.0( 1348): bufferpool2 0xb400007c154fdc18 : 3(276480 size) total buffers - 1(92160 size) used buffers - 259/262 (recycle/alloc) - 6/258 (fetch/transfer)
02-14 20:24:58.222 D/BufferPoolAccessor2.0( 1348): evictor expired: 1, evicted: 1
02-14 20:24:58.233 D/BufferPoolAccessor2.0( 9828): bufferpool2 0xb4000072ab1556b8 : 4(23040 size) total buffers - 0(0 size) used buffers - 265/270 (recycle/alloc) - 5/530 (fetch/transfer)
02-14 20:24:58.233 D/BufferPoolAccessor2.0( 9828): evictor expired: 1, evicted: 1
02-14 20:24:58.782 E/WifiHAL (  851): wifi_get_cached_scan_results: Wifi Cached Scan Result not supported by driver
02-14 20:24:58.783 E/WifiStaIfaceAidlImpl( 1738): getCachedScanData failed with service-specific exception: android.os.ServiceSpecificException:  (code 4)
02-14 20:24:59.233 D/BufferPoolAccessor2.0( 9828): evictor expired: 1, evicted: 1
02-14 20:24:59.357 I/okhttp.OkHttpClient( 9828): --> GET https://i.ytimg.com/sb/uIwj95733_E/storyboard3_L2/M11.jpg?sqp=-oaymwENSDfyq4qpAwVwAcABBqLzl_8DBgjR_cLMBg==&sigh=rs$AOn4CLCXDhN5GhGa9UMuRjpjibNDj8gZlQ
02-14 20:24:59.360 I/okhttp.OkHttpClient( 9828): <-- HTTP FAILED: java.io.IOException: Canceled
02-14 20:24:59.362 I/okhttp.OkHttpClient( 9828): --> GET https://i.ytimg.com/sb/uIwj95733_E/storyboard3_L2/M11.jpg?sqp=-oaymwENSDfyq4qpAwVwAcABBqLzl_8DBgjR_cLMBg==&sigh=rs$AOn4CLCXDhN5GhGa9UMuRjpjibNDj8gZlQ
02-14 20:24:59.370 I/okhttp.OkHttpClient( 9828): <-- HTTP FAILED: java.io.IOException: Canceled
02-14 20:24:59.373 D/LoungeSender( 9828): seek request targetMs=3148827 playing=true
02-14 20:24:59.373 I/okhttp.OkHttpClient( 9828): --> GET https://i.ytimg.com/sb/uIwj95733_E/storyboard3_L2/M12.jpg?sqp=-oaymwENSDfyq4qpAwVwAcABBqLzl_8DBgjR_cLMBg==&sigh=rs$AOn4CLCXDhN5GhGa9UMuRjpjibNDj8gZlQ
02-14 20:24:59.375 D/LoungeSender( 9828): sendActions count=1 screen=or6bcditvg2i8li50g1esarnh9 rid=1345 sid=DA5FF96838576E2F aid=44 id=02edc995231a4a66a4789ee224cefc8c
02-14 20:24:59.375 W/C2BqBuffer(  879): last successful dequeue was 6023887 us ago, 71 consecutive failures
02-14 20:24:59.377 I/okhttp.OkHttpClient( 9828): --> POST https://www.youtube.com/api/lounge/bc/bind?device=REMOTE_CONTROL&app=android-remote&name=LibreTube%20%2822101320G%29&id=02edc995231a4a66a4789ee224cefc8c&gsessionid=xN1KT6EI7Vt-OY_ru4SNIidiRnwoKNc3&loungeIdToken=AGdO5p-cwZ3Ali1f7u5SsbZpiBbXn7qJdUP8NZ-pI42cPvvrfjjLs8OAf8BxhbcVCYK2mwz5jYdZXhNW3B_hDJIXxfFQuCyrsryoB_rpLuC0ApOrT0zeEts&VER=8&v=2&theme=cl&ui=1&capabilities=remote_queue&RID=1345&conn=longpoll&prop=yls&ctype=lb&t=1&cpn=xVrbm13zViI8PX6C&TYPE=xmlhttp&CI=0&CVER=1&SID=DA5FF96838576E2F&AID=44
02-14 20:24:59.377 I/okhttp.OkHttpClient( 9828): Content-Type: application/x-www-form-urlencoded
02-14 20:24:59.377 I/okhttp.OkHttpClient( 9828): Content-Length: 219
02-14 20:24:59.377 I/okhttp.OkHttpClient( 9828): <-- HTTP FAILED: java.io.IOException: Canceled
02-14 20:24:59.377 I/okhttp.OkHttpClient( 9828): count=1&ofs=44&actions=%5B%5B44%2C%5B%22seekTo%22%2C%7B%22newTime%22%3A3148.827%2C%22reason%22%3A0%2C%22seekPlaybackRate%22%3A1.0%7D%5D%5D%5D&req0__sc=seekTo&req0_newTime=3148.827&req0_reason=0&req0_seekPlaybackRate=1.0
02-14 20:24:59.377 I/okhttp.OkHttpClient( 9828): --> END POST (219-byte body)
02-14 20:24:59.389 D/MediaSessionService( 1738): onSessionPlaybackStateChanged: record=com.github.libretube.debug/androidx.media3.session.id.com.github.libretube.services.OnlinePlayerService/60 (userId=0) playbackState=PlaybackState {state=PAUSED(2), position=3148827, buffered position=3148827, speed=0.0, updated=30509569, actions=7340029, custom actions=[], active item id=0, error=null}
02-14 20:24:59.390 D/MediaSessionService( 1738): onSessionPlaybackStateChanged: record=com.github.libretube.debug/androidx.media3.session.id.com.github.libretube.services.OnlinePlayerService/60 (userId=0) playbackState=PlaybackState {state=PAUSED(2), position=3148827, buffered position=3148827, speed=0.0, updated=30509570, actions=7340029, custom actions=[], active item id=0, error=null}
02-14 20:24:59.391 D/MediaCodec( 9828): keep callback message for reclaim
02-14 20:24:59.391 D/CCodecBufferChannel( 9828): [c2.qti.vp9.decoder#672] flushed work; ignored.
02-14 20:24:59.391 D/CCodecBufferChannel( 9828): [c2.qti.vp9.decoder#672] Discard frames from previous generation.
02-14 20:24:59.391 D/CCodecBufferChannel( 9828): [c2.qti.vp9.decoder#672] flushed work; ignored.
02-14 20:24:59.391 D/CCodecBufferChannel( 9828): [c2.qti.vp9.decoder#672] Discard frames from previous generation.
02-14 20:24:59.391 E/QC2Interface(  879): Failed to query parameters
02-14 20:24:59.391 I/CCodecConfig( 9828): query failed after returning 19 values (BAD_INDEX)
02-14 20:24:59.392 D/CCodecBufferChannel( 9828): [c2.qti.vp9.decoder#672] flushed work; ignored.
02-14 20:24:59.392 D/CCodecBufferChannel( 9828): [c2.qti.vp9.decoder#672] Discard frames from previous generation.
02-14 20:24:59.392 D/CCodecBufferChannel( 9828): [c2.qti.vp9.decoder#672] flushed work; ignored.
02-14 20:24:59.392 D/CCodecBufferChannel( 9828): [c2.qti.vp9.decoder#672] Discard frames from previous generation.
02-14 20:24:59.392 D/CCodecBufferChannel( 9828): [c2.qti.vp9.decoder#672] flushed work; ignored.
02-14 20:24:59.392 D/CCodecBufferChannel( 9828): [c2.qti.vp9.decoder#672] Discard frames from previous generation.
02-14 20:24:59.392 D/CCodecBufferChannel( 9828): [c2.qti.vp9.decoder#672] flushed work; ignored.
02-14 20:24:59.392 D/CCodecBufferChannel( 9828): [c2.qti.vp9.decoder#672] Discard frames from previous generation.
02-14 20:24:59.392 D/CCodecBufferChannel( 9828): [c2.qti.vp9.decoder#672] flushed work; ignored.
02-14 20:24:59.392 D/CCodecBufferChannel( 9828): [c2.qti.vp9.decoder#672] Discard frames from previous generation.
02-14 20:24:59.392 D/CCodecBufferChannel( 9828): [c2.qti.vp9.decoder#672] flushed work; ignored.
02-14 20:24:59.392 D/CCodecBufferChannel( 9828): [c2.qti.vp9.decoder#672] Discard frames from previous generation.
02-14 20:24:59.392 D/CCodecBufferChannel( 9828): [c2.qti.vp9.decoder#672] flushed work; ignored.
02-14 20:24:59.392 D/CCodecBufferChannel( 9828): [c2.qti.vp9.decoder#672] Discard frames from previous generation.
02-14 20:24:59.392 D/CCodecBufferChannel( 9828): [c2.qti.vp9.decoder#672] flushed work; ignored.
02-14 20:24:59.392 D/CCodecBufferChannel( 9828): [c2.qti.vp9.decoder#672] Discard frames from previous generation.
02-14 20:24:59.392 D/CCodecBufferChannel( 9828): [c2.qti.vp9.decoder#672] flushed work; ignored.
02-14 20:24:59.392 D/CCodecBufferChannel( 9828): [c2.qti.vp9.decoder#672] Discard frames from previous generation.
02-14 20:24:59.392 D/CCodecBufferChannel( 9828): [c2.qti.vp9.decoder#672] flushed work; ignored.
02-14 20:24:59.392 D/CCodecBufferChannel( 9828): [c2.qti.vp9.decoder#672] Discard frames from previous generation.
02-14 20:24:59.392 D/CCodecBufferChannel( 9828): [c2.qti.vp9.decoder#672] flushed work; ignored.
02-14 20:24:59.392 D/CCodecBufferChannel( 9828): [c2.qti.vp9.decoder#672] Discard frames from previous generation.
02-14 20:24:59.392 D/CCodecBufferChannel( 9828): [c2.qti.vp9.decoder#672] flushed work; ignored.
02-14 20:24:59.392 D/CCodecBufferChannel( 9828): [c2.qti.vp9.decoder#672] Discard frames from previous generation.
02-14 20:24:59.392 D/CCodecBufferChannel( 9828): [c2.qti.vp9.decoder#672] flushed work; ignored.
02-14 20:24:59.392 D/CCodecBufferChannel( 9828): [c2.qti.vp9.decoder#672] Discard frames from previous generation.
02-14 20:24:59.392 D/CCodecBufferChannel( 9828): [c2.qti.vp9.decoder#672] flushed work; ignored.
02-14 20:24:59.392 D/CCodecBufferChannel( 9828): [c2.qti.vp9.decoder#672] Discard frames from previous generation.
02-14 20:24:59.392 D/CCodecBufferChannel( 9828): [c2.qti.vp9.decoder#672] flushed work; ignored.
02-14 20:24:59.392 D/CCodecBufferChannel( 9828): [c2.qti.vp9.decoder#672] Discard frames from previous generation.
02-14 20:24:59.392 D/MediaSessionService( 1738): onSessionPlaybackStateChanged: record=com.github.libretube.debug/androidx.media3.session.id.com.github.libretube.services.OnlinePlayerService/60 (userId=0) playbackState=PlaybackState {state=PAUSED(2), position=3148827, buffered position=3148827, speed=0.0, updated=30509572, actions=7340029, custom actions=[], active item id=0, error=null}
02-14 20:24:59.396 E/QC2Interface(  879): Failed to query parameters
02-14 20:24:59.397 W/Codec2Client( 9828): query -- param skipped: index = 1342179345.
02-14 20:24:59.397 W/Codec2Client( 9828): query -- param skipped: index = 2415921170.
02-14 20:24:59.397 W/Codec2Client( 9828): query -- param skipped: index = 1610614798.
02-14 20:24:59.397 E/QC2Interface(  879): Failed to query parameters
02-14 20:24:59.397 D/CCodecBuffers( 9828): [c2.android.opus.decoder#13:1D-Output.Impl[N]] Client returned a buffer it does not own according to our record: 0
02-14 20:24:59.397 D/MediaCodec( 9828): keep callback message for reclaim
02-14 20:24:59.398 I/CCodecConfig( 9828): query failed after returning 8 values (BAD_INDEX)
02-14 20:24:59.398 W/Codec2Client( 9828): query -- param skipped: index = 1342179345.
02-14 20:24:59.398 W/Codec2Client( 9828): query -- param skipped: index = 2415921170.
02-14 20:24:59.422 I/okhttp.OkHttpClient( 9828): <-- 200 https://www.youtube.com/api/lounge/bc/bind?device=REMOTE_CONTROL&app=android-remote&name=LibreTube%20%2822101320G%29&id=02edc995231a4a66a4789ee224cefc8c&gsessionid=xN1KT6EI7Vt-OY_ru4SNIidiRnwoKNc3&loungeIdToken=AGdO5p-cwZ3Ali1f7u5SsbZpiBbXn7qJdUP8NZ-pI42cPvvrfjjLs8OAf8BxhbcVCYK2mwz5jYdZXhNW3B_hDJIXxfFQuCyrsryoB_rpLuC0ApOrT0zeEts&VER=8&v=2&theme=cl&ui=1&capabilities=remote_queue&RID=1345&conn=longpoll&prop=yls&ctype=lb&t=1&cpn=xVrbm13zViI8PX6C&TYPE=xmlhttp&CI=0&CVER=1&SID=DA5FF96838576E2F&AID=44 (45ms)
02-14 20:24:59.423 I/okhttp.OkHttpClient( 9828): cache-control: no-cache, no-store, max-age=0, must-revalidate
02-14 20:24:59.423 I/okhttp.OkHttpClient( 9828): pragma: no-cache
02-14 20:24:59.423 I/okhttp.OkHttpClient( 9828): expires: Mon, 01 Jan 1990 00:00:00 GMT
02-14 20:24:59.423 I/okhttp.OkHttpClient( 9828): date: Sat, 14 Feb 2026 19:25:00 GMT
02-14 20:24:59.423 I/okhttp.OkHttpClient( 9828): content-type: text/plain; charset=utf-8
02-14 20:24:59.423 I/okhttp.OkHttpClient( 9828): x-content-type-options: nosniff
02-14 20:24:59.423 I/okhttp.OkHttpClient( 9828): x-xss-protection: 1; mode=block
02-14 20:24:59.423 I/okhttp.OkHttpClient( 9828): server: GSE
02-14 20:24:59.423 I/okhttp.OkHttpClient( 9828): alt-svc: h3=":443"; ma=2592000,h3-29=":443"; ma=2592000
02-14 20:24:59.424 I/okhttp.OkHttpClient( 9828): 11
02-14 20:24:59.424 I/okhttp.OkHttpClient( 9828): [1,13,1328]
02-14 20:24:59.424 I/okhttp.OkHttpClient( 9828): <-- END HTTP (14-byte body)
02-14 20:24:59.433 D/LoungeSender( 9828): Sent 1 action(s) to screen=or6bcditvg2i8li50g1esarnh9 body=11
02-14 20:24:59.433 D/LoungeSender( 9828): [1,13,1328]
02-14 20:24:59.494 I/System.out( 3221): pause
02-14 20:24:59.595 D/BufferPoolAccessor2.0( 1348): bufferpool2 0xb400007c154f1098 : 0(0 size) total buffers - 0(0 size) used buffers - 0/0 (recycle/alloc) - 0/0 (fetch/transfer)
02-14 20:24:59.595 D/BufferPoolAccessor2.0( 1348): bufferpool2 0xb400007c154f1538 : 0(0 size) total buffers - 0(0 size) used buffers - 67/70 (recycle/alloc) - 3/69 (fetch/transfer)
02-14 20:24:59.595 D/BufferPoolAccessor2.0( 1348): bufferpool2 0xb400007c154f3598 : 0(0 size) total buffers - 0(0 size) used buffers - 0/0 (recycle/alloc) - 0/0 (fetch/transfer)
02-14 20:24:59.595 D/BufferPoolAccessor2.0( 1348): bufferpool2 0xb400007c154fce38 : 2(16384 size) total buffers - 2(16384 size) used buffers - 2496/2500 (recycle/alloc) - 32/2500 (fetch/transfer)
02-14 20:24:59.595 D/BufferPoolAccessor2.0( 1348): bufferpool2 0xb400007c154fa498 : 0(0 size) total buffers - 0(0 size) used buffers - 0/0 (recycle/alloc) - 0/0 (fetch/transfer)
02-14 20:24:59.595 D/BufferPoolAccessor2.0( 1348): bufferpool2 0xb400007c154f9da8 : 3(49152 size) total buffers - 3(49152 size) used buffers - 140/149 (recycle/alloc) - 16/149 (fetch/transfer)
02-14 20:24:59.595 D/BufferPoolAccessor2.0( 1348): bufferpool2 0xb400007c154f4f08 : 0(0 size) total buffers - 0(0 size) used buffers - 0/0 (recycle/alloc) - 0/0 (fetch/transfer)
02-14 20:24:59.618 I/NotificationListener( 2665): received notification removed event - com.github.libretube.debug#UserHandle{0},category=-1
02-14 20:24:59.620 I/AiAiEcho( 3977): SmartspaceNotificationPredictor no parser can handle this notification or notification is invalid
02-14 20:24:59.628 D/LocalImageResolver( 4361): Couldn't use ImageDecoder for drawable, falling back to non-resized load.
02-14 20:24:59.631 E/rks.dynamicspot( 4361): No package ID ff found for resource ID 0xffffffff.
02-14 20:24:59.651 I/QcrilOemhookMsgTunnel( 2437): [0]processOemHookIndication length=22
02-14 20:24:59.658 W/IWlanNetworkService( 2421): 5892 > Response Processed
02-14 20:24:59.666 D/SatelliteController( 2555): Satellite for carrier is not supported.
02-14 20:24:59.666 D/SatelliteController( 2555): Satellite for carrier is not supported.
02-14 20:24:59.667 D/SatelliteController( 2555): registerForSatelliteModemStateChanged: add Listeners for ModemState
02-14 20:24:59.667 E/SatelliteController( 2555): registerForSatelliteModemStateChanged: mSatelliteSessionController is not initialized yet
02-14 20:24:59.670 D/SatelliteController( 2555): registerForSatelliteModemStateChanged: add Listeners for ModemState
02-14 20:24:59.670 E/SatelliteController( 2555): registerForSatelliteModemStateChanged: mSatelliteSessionController is not initialized yet
02-14 20:24:59.673 D/SatelliteController( 2555): isCarrierRoamingNtnEligible: satellite access is not allowed
02-14 20:24:59.673 D/SatelliteController( 2555): evaluateCarrierRoamingNtnEligibilityChange: isCarrierRoamingNtnEligible=false
02-14 20:24:59.673 D/SatelliteController( 2555): getSelectedSatelliteSubId: subId=-1
02-14 20:24:59.673 D/SatelliteController( 2555): notifyNtnEligibility: phoneId=0 currentNtnEligibility=false
02-14 20:24:59.673 V/SatelliteController( 2555): getWwanIsInService: return true
02-14 20:24:59.674 D/SatelliteController( 2555): updateLastNotifiedNtnModeAndNotify: subId=1 initialized=true lastNotifiedNtnMode=false currNtnMode=false
02-14 20:24:59.675 D/SatelliteController( 2555): iisInCarrierRoamingNbIotNtn: satellite is disabled
02-14 20:24:59.676 I/LocationAccessPolicy( 1738): org.zwanoo.android.speedtest is aware of fine but the app-ops permission is specifically denied.
02-14 20:24:59.676 I/LocationAccessPolicy( 1738): org.zwanoo.android.speedtest is aware of coarse but the app-ops permission is specifically denied.
02-14 20:24:59.677 I/LocationAccessPolicy( 1738): org.zwanoo.android.speedtest is aware of fine but the app-ops permission is specifically denied.
02-14 20:24:59.677 I/LocationAccessPolicy( 1738): org.zwanoo.android.speedtest is aware of coarse but the app-ops permission is specifically denied.
02-14 20:24:59.677 W/ContextImpl( 1738): Calling a method in the system process without a qualified user: android.app.ContextImpl.sendBroadcastMultiplePermissions:1319 android.content.Context.sendBroadcastMultiplePermissions:2584 com.android.server.TelephonyRegistry.broadcastServiceStateChanged:4166 com.android.server.TelephonyRegistry.notifyServiceStateForPhoneId:1848 com.android.internal.telephony.ITelephonyRegistry$Stub.onTransact:613 
02-14 20:24:59.678 W/ContextImpl( 1738): Calling a method in the system process without a qualified user: android.app.ContextImpl.sendBroadcastMultiplePermissions:1352 com.android.server.TelephonyRegistry.broadcastServiceStateChanged:4171 com.android.server.TelephonyRegistry.notifyServiceStateForPhoneId:1848 com.android.internal.telephony.ITelephonyRegistry$Stub.onTransact:613 android.os.Binder.execTransactInternal:1421 
02-14 20:24:59.681 W/ContextImpl( 1738): Calling a method in the system process without a qualified user: android.app.ContextImpl.sendBroadcastMultiplePermissions:1352 com.android.server.TelephonyRegistry.broadcastServiceStateChanged:4180 com.android.server.TelephonyRegistry.notifyServiceStateForPhoneId:1848 com.android.internal.telephony.ITelephonyRegistry$Stub.onTransact:613 android.os.Binder.execTransactInternal:1421 
02-14 20:24:59.682 W/ContextImpl( 1738): Calling a method in the system process without a qualified user: android.app.ContextImpl.sendBroadcastMultiplePermissions:1352 com.android.server.TelephonyRegistry.broadcastServiceStateChanged:4186 com.android.server.TelephonyRegistry.notifyServiceStateForPhoneId:1848 com.android.internal.telephony.ITelephonyRegistry$Stub.onTransact:613 android.os.Binder.execTransactInternal:1421 
02-14 20:24:59.684 D/ServiceStateProvider( 2555): subId=1
02-14 20:24:59.684 D/ActivityManager( 1738): sync unfroze 8515 com.android.cellbroadcastreceiver.module for 3
02-14 20:24:59.685 D/ActivityThread( 8515): Package [com.github.libretube.debug] reported as REPLACED, but missing application info. Assuming REMOVED.
02-14 20:24:59.685 D/SatelliteController( 2555): iisInCarrierRoamingNbIotNtn: satellite is disabled
02-14 20:24:59.685 D/ActivityThread( 8515): Package [com.github.libretube.debug] reported as REPLACED, but missing application info. Assuming REMOVED.
02-14 20:24:59.687 D/ActivityThread( 8515): Package [com.github.libretube.debug] reported as REPLACED, but missing application info. Assuming REMOVED.
02-14 20:24:59.688 D/ActivityThread( 8515): Package [com.github.libretube.debug] reported as REPLACED, but missing application info. Assuming REMOVED.
02-14 20:24:59.689 I/Telephony( 2555): TelecomAccountRegistry$TelecomAccountTelephonyCallback: TelecomAccountRegistry: onServiceStateChanged: newState=0, mServiceState=0
02-14 20:24:59.689 D/CellBroadcastReceiver( 8515): onReceive Intent { act=android.intent.action.SERVICE_STATE flg=0x1000010 xflg=0x4 cmp=com.android.cellbroadcastreceiver.module/com.android.cellbroadcastreceiver.CellBroadcastReceiver (has extras) }
02-14 20:24:59.690 I/Telephony( 2555): isRttCurrentlySupported -- regular acct, hasVoiceAvailability: true
02-14 20:24:59.690 I/Telephony( 2555):  isRttSupported: false
02-14 20:24:59.690 I/Telephony( 2555):  alwaysAllowWhileRoaming: false
02-14 20:24:59.690 I/Telephony( 2555):  isRoaming: false
02-14 20:24:59.690 I/Telephony( 2555):  isOnWfc: false
02-14 20:24:59.690 D/CellBroadcastReceiver( 8515): onServiceStateChanged, ss: 0
02-14 20:24:59.690 D/CellBroadcastReceiver( 8515): networkOperator: 26003
02-14 20:24:59.691 D/CellBroadcastReceiver( 8515): update supported roaming operator as 
02-14 20:24:59.741 D/CCodecBufferChannel( 9828): [c2.qti.vp9.decoder#672] Ignoring stale input buffer done callback: last flush index = 169, frameIndex = 169
02-14 20:24:59.742 D/BufferPoolAccessor2.0( 9828): bufferpool2 0xb4000072ab14b288 : 4(15679488 size) total buffers - 4(15679488 size) used buffers - 165/174 (recycle/alloc) - 12/174 (fetch/transfer)
02-14 20:24:59.784 D/LoungeSender( 9828): ping sendActions count=1 screen=or6bcditvg2i8li50g1esarnh9 rid=1346 sid=DA5FF96838576E2F aid=45 id=02edc995231a4a66a4789ee224cefc8c
02-14 20:24:59.786 I/okhttp.OkHttpClient( 9828): --> POST https://www.youtube.com/api/lounge/bc/bind?device=REMOTE_CONTROL&app=android-remote&name=LibreTube%20%2822101320G%29&id=02edc995231a4a66a4789ee224cefc8c&gsessionid=xN1KT6EI7Vt-OY_ru4SNIidiRnwoKNc3&loungeIdToken=AGdO5p-cwZ3Ali1f7u5SsbZpiBbXn7qJdUP8NZ-pI42cPvvrfjjLs8OAf8BxhbcVCYK2mwz5jYdZXhNW3B_hDJIXxfFQuCyrsryoB_rpLuC0ApOrT0zeEts&VER=8&v=2&theme=cl&ui=1&capabilities=remote_queue&RID=1346&conn=longpoll&prop=yls&ctype=lb&t=1&cpn=xVrbm13zViI8PX6C&TYPE=xmlhttp&CI=0&CVER=1&SID=DA5FF96838576E2F&AID=45
02-14 20:24:59.786 I/okhttp.OkHttpClient( 9828): Content-Type: application/x-www-form-urlencoded
02-14 20:24:59.786 I/okhttp.OkHttpClient( 9828): Content-Length: 88
02-14 20:24:59.786 I/okhttp.OkHttpClient( 9828): count=1&ofs=45&actions=%5B%5B45%2C%5B%22getNowPlaying%22%5D%5D%5D&req0__sc=getNowPlaying
02-14 20:24:59.786 I/okhttp.OkHttpClient( 9828): --> END POST (88-byte body)
02-14 20:24:59.790 I/QC2Comp (  879): [vp9D_79] Stats: Pending(9) i/p-done(8) Works: Q: 193/Done 185|Work-Rate: Q(4.0/s Avg=18.4/s) Done(5.600/s Avg=17.590/s)| Stream: 25.00fps 2.8Mbps
02-14 20:24:59.790 I/QC2Comp (  879): Mem-usage:  [In-1D - 10 bufs 37.383 MB] [1D-0 - 13 bufs 0.203 MB] [2D-67 - 22 bufs 67.547 MB]
02-14 20:24:59.790 I/QC2Comp (  879): Total Mem-usage: 105.133 MB
02-14 20:24:59.831 I/okhttp.OkHttpClient( 9828): <-- 200 https://www.youtube.com/api/lounge/bc/bind?device=REMOTE_CONTROL&app=android-remote&name=LibreTube%20%2822101320G%29&id=02edc995231a4a66a4789ee224cefc8c&gsessionid=xN1KT6EI7Vt-OY_ru4SNIidiRnwoKNc3&loungeIdToken=AGdO5p-cwZ3Ali1f7u5SsbZpiBbXn7qJdUP8NZ-pI42cPvvrfjjLs8OAf8BxhbcVCYK2mwz5jYdZXhNW3B_hDJIXxfFQuCyrsryoB_rpLuC0ApOrT0zeEts&VER=8&v=2&theme=cl&ui=1&capabilities=remote_queue&RID=1346&conn=longpoll&prop=yls&ctype=lb&t=1&cpn=xVrbm13zViI8PX6C&TYPE=xmlhttp&CI=0&CVER=1&SID=DA5FF96838576E2F&AID=45 (44ms)
02-14 20:24:59.831 I/okhttp.OkHttpClient( 9828): cache-control: no-cache, no-store, max-age=0, must-revalidate
02-14 20:24:59.831 I/okhttp.OkHttpClient( 9828): pragma: no-cache
02-14 20:24:59.831 I/okhttp.OkHttpClient( 9828): expires: Mon, 01 Jan 1990 00:00:00 GMT
02-14 20:24:59.831 I/okhttp.OkHttpClient( 9828): date: Sat, 14 Feb 2026 19:25:00 GMT
02-14 20:24:59.831 I/okhttp.OkHttpClient( 9828): content-type: text/plain; charset=utf-8
02-14 20:24:59.831 I/okhttp.OkHttpClient( 9828): x-content-type-options: nosniff
02-14 20:24:59.831 I/okhttp.OkHttpClient( 9828): x-xss-protection: 1; mode=block
02-14 20:24:59.831 I/okhttp.OkHttpClient( 9828): server: GSE
02-14 20:24:59.831 I/okhttp.OkHttpClient( 9828): alt-svc: h3=":443"; ma=2592000,h3-29=":443"; ma=2592000
02-14 20:24:59.832 I/okhttp.OkHttpClient( 9828): 8
02-14 20:24:59.832 I/okhttp.OkHttpClient( 9828): [1,14,0]
02-14 20:24:59.832 I/okhttp.OkHttpClient( 9828): <-- END HTTP (10-byte body)
02-14 20:24:59.835 D/LoungeSender( 9828): Ping sent 1 action(s) to screen=or6bcditvg2i8li50g1esarnh9 body=8
02-14 20:24:59.835 D/LoungeSender( 9828): [1,14,0]
02-14 20:24:59.835 D/LoungeSender( 9828): parseNowPlaying no status snippet=[1,14,0]
02-14 20:25:00.019 W/MediaDataLoader( 2273): Invalid album art uri https://i.ytimg.com/vi_webp/uIwj95733_E/maxresdefault.webp
02-14 20:25:00.019 W/MediaDataLoader( 2273): Invalid album art uri https://i.ytimg.com/vi_webp/uIwj95733_E/maxresdefault.webp
02-14 20:25:00.019 W/MediaDataLoader( 2273): Invalid album art uri https://i.ytimg.com/vi_webp/uIwj95733_E/maxresdefault.webp
02-14 20:25:00.470 I/QcrilOemhookMsgTunnel( 2437): [0]processOemHookIndication length=22
02-14 20:25:00.476 W/IWlanNetworkService( 2421): 5893 > Response Processed
02-14 20:25:00.476 I/QImsService( 2488): ImsRadioIndicationHidl : onVopsChanged()
02-14 20:25:00.477 I/QImsService( 2488): ImsSenderRxr : [UNSL]< UNSOL_VOPS_CHANGED false[SUB0]
02-14 20:25:00.477 I/QcrilOemhookMsgTunnel( 2437): [0]processOemHookIndication length=22
02-14 20:25:00.478 I/QImsService( 2488): ImsServiceSubHandler : Message received: what = 25
02-14 20:25:00.478 I/QImsService( 2488): ImsServiceSub : [0] broadcastVopsSsacIntent Vops = false , Ssac = false , PhoneId = 0
02-14 20:25:00.484 I/QImsService( 2488): ImsRadioIndicationHidl : onVopsChanged()
02-14 20:25:00.484 W/IWlanNetworkService( 2421): 5894 > Response Processed
02-14 20:25:00.484 I/QImsService( 2488): ImsSenderRxr : [UNSL]< UNSOL_VOPS_CHANGED true[SUB0]
02-14 20:25:00.484 I/QcrilOemhookMsgTunnel( 2437): [0]processOemHookIndication length=22
02-14 20:25:00.485 I/QImsService( 2488): ImsServiceSubHandler : Message received: what = 25
02-14 20:25:00.485 I/QImsService( 2488): ImsServiceSub : [0] broadcastVopsSsacIntent Vops = true , Ssac = false , PhoneId = 0
02-14 20:25:00.492 W/IWlanNetworkService( 2421): 5895 > Response Processed
02-14 20:25:00.500 D/SatelliteController( 2555): Satellite for carrier is not supported.
02-14 20:25:00.500 D/SatelliteController( 2555): Satellite for carrier is not supported.
02-14 20:25:00.501 D/SatelliteController( 2555): registerForSatelliteModemStateChanged: add Listeners for ModemState
02-14 20:25:00.501 E/SatelliteController( 2555): registerForSatelliteModemStateChanged: mSatelliteSessionController is not initialized yet
02-14 20:25:00.503 D/SatelliteController( 2555): registerForSatelliteModemStateChanged: add Listeners for ModemState
02-14 20:25:00.503 E/SatelliteController( 2555): registerForSatelliteModemStateChanged: mSatelliteSessionController is not initialized yet
02-14 20:25:00.506 D/SatelliteController( 2555): isCarrierRoamingNtnEligible: satellite access is not allowed
02-14 20:25:00.506 D/SatelliteController( 2555): evaluateCarrierRoamingNtnEligibilityChange: isCarrierRoamingNtnEligible=false
02-14 20:25:00.506 D/SatelliteController( 2555): getSelectedSatelliteSubId: subId=-1
02-14 20:25:00.506 D/SatelliteController( 2555): notifyNtnEligibility: phoneId=0 currentNtnEligibility=false
02-14 20:25:00.506 V/SatelliteController( 2555): getWwanIsInService: return true
02-14 20:25:00.507 D/SatelliteController( 2555): updateLastNotifiedNtnModeAndNotify: subId=1 initialized=true lastNotifiedNtnMode=false currNtnMode=false
02-14 20:25:00.507 D/SatelliteController( 2555): iisInCarrierRoamingNbIotNtn: satellite is disabled
02-14 20:25:00.515 I/LocationAccessPolicy( 1738): org.zwanoo.android.speedtest is aware of fine but the app-ops permission is specifically denied.
02-14 20:25:00.516 I/LocationAccessPolicy( 1738): org.zwanoo.android.speedtest is aware of coarse but the app-ops permission is specifically denied.
02-14 20:25:00.518 I/LocationAccessPolicy( 1738): org.zwanoo.android.speedtest is aware of fine but the app-ops permission is specifically denied.
02-14 20:25:00.519 I/LocationAccessPolicy( 1738): org.zwanoo.android.speedtest is aware of coarse but the app-ops permission is specifically denied.
02-14 20:25:00.520 W/ContextImpl( 1738): Calling a method in the system process without a qualified user: android.app.ContextImpl.sendBroadcastMultiplePermissions:1319 android.content.Context.sendBroadcastMultiplePermissions:2584 com.android.server.TelephonyRegistry.broadcastServiceStateChanged:4166 com.android.server.TelephonyRegistry.notifyServiceStateForPhoneId:1848 com.android.internal.telephony.ITelephonyRegistry$Stub.onTransact:613 
02-14 20:25:00.522 W/ContextImpl( 1738): Calling a method in the system process without a qualified user: android.app.ContextImpl.sendBroadcastMultiplePermissions:1352 com.android.server.TelephonyRegistry.broadcastServiceStateChanged:4171 com.android.server.TelephonyRegistry.notifyServiceStateForPhoneId:1848 com.android.internal.telephony.ITelephonyRegistry$Stub.onTransact:613 android.os.Binder.execTransactInternal:1421 
02-14 20:25:00.525 W/ContextImpl( 1738): Calling a method in the system process without a qualified user: android.app.ContextImpl.sendBroadcastMultiplePermissions:1352 com.android.server.TelephonyRegistry.broadcastServiceStateChanged:4180 com.android.server.TelephonyRegistry.notifyServiceStateForPhoneId:1848 com.android.internal.telephony.ITelephonyRegistry$Stub.onTransact:613 android.os.Binder.execTransactInternal:1421 
02-14 20:25:00.527 W/ContextImpl( 1738): Calling a method in the system process without a qualified user: android.app.ContextImpl.sendBroadcastMultiplePermissions:1352 com.android.server.TelephonyRegistry.broadcastServiceStateChanged:4186 com.android.server.TelephonyRegistry.notifyServiceStateForPhoneId:1848 com.android.internal.telephony.ITelephonyRegistry$Stub.onTransact:613 android.os.Binder.execTransactInternal:1421 
02-14 20:25:00.529 D/ServiceStateProvider( 2555): subId=1
02-14 20:25:00.530 D/CellBroadcastReceiver( 8515): onReceive Intent { act=android.intent.action.SERVICE_STATE flg=0x1000010 xflg=0x4 cmp=com.android.cellbroadcastreceiver.module/com.android.cellbroadcastreceiver.CellBroadcastReceiver (has extras) }
02-14 20:25:00.531 D/CellBroadcastReceiver( 8515): onServiceStateChanged, ss: 0
02-14 20:25:00.532 D/CellBroadcastReceiver( 8515): networkOperator: 26003
02-14 20:25:00.532 D/CellBroadcastReceiver( 8515): update supported roaming operator as 
02-14 20:25:00.535 D/SatelliteController( 2555): iisInCarrierRoamingNbIotNtn: satellite is disabled
02-14 20:25:00.540 I/Telephony( 2555): TelecomAccountRegistry$TelecomAccountTelephonyCallback: TelecomAccountRegistry: onServiceStateChanged: newState=0, mServiceState=0
02-14 20:25:00.542 I/Telephony( 2555): isRttCurrentlySupported -- regular acct, hasVoiceAvailability: true
02-14 20:25:00.542 I/Telephony( 2555):  isRttSupported: false
02-14 20:25:00.542 I/Telephony( 2555):  alwaysAllowWhileRoaming: false
02-14 20:25:00.542 I/Telephony( 2555):  isRoaming: false
02-14 20:25:00.542 I/Telephony( 2555):  isOnWfc: false
02-14 20:25:00.573 D/LoungeSender( 9828): seek guard ping drift=1201 expected=3148827
02-14 20:25:00.574 D/LoungeSender( 9828): ping sendActions count=1 screen=or6bcditvg2i8li50g1esarnh9 rid=1347 sid=DA5FF96838576E2F aid=46 id=02edc995231a4a66a4789ee224cefc8c
02-14 20:25:00.576 I/okhttp.OkHttpClient( 9828): --> POST https://www.youtube.com/api/lounge/bc/bind?device=REMOTE_CONTROL&app=android-remote&name=LibreTube%20%2822101320G%29&id=02edc995231a4a66a4789ee224cefc8c&gsessionid=xN1KT6EI7Vt-OY_ru4SNIidiRnwoKNc3&loungeIdToken=AGdO5p-cwZ3Ali1f7u5SsbZpiBbXn7qJdUP8NZ-pI42cPvvrfjjLs8OAf8BxhbcVCYK2mwz5jYdZXhNW3B_hDJIXxfFQuCyrsryoB_rpLuC0ApOrT0zeEts&VER=8&v=2&theme=cl&ui=1&capabilities=remote_queue&RID=1347&conn=longpoll&prop=yls&ctype=lb&t=1&cpn=xVrbm13zViI8PX6C&TYPE=xmlhttp&CI=0&CVER=1&SID=DA5FF96838576E2F&AID=46
02-14 20:25:00.576 I/okhttp.OkHttpClient( 9828): Content-Type: application/x-www-form-urlencoded
02-14 20:25:00.576 I/okhttp.OkHttpClient( 9828): Content-Length: 88
02-14 20:25:00.577 I/okhttp.OkHttpClient( 9828): count=1&ofs=46&actions=%5B%5B46%2C%5B%22getNowPlaying%22%5D%5D%5D&req0__sc=getNowPlaying
02-14 20:25:00.577 I/okhttp.OkHttpClient( 9828): --> END POST (88-byte body)
02-14 20:25:00.623 I/okhttp.OkHttpClient( 9828): <-- 200 https://www.youtube.com/api/lounge/bc/bind?device=REMOTE_CONTROL&app=android-remote&name=LibreTube%20%2822101320G%29&id=02edc995231a4a66a4789ee224cefc8c&gsessionid=xN1KT6EI7Vt-OY_ru4SNIidiRnwoKNc3&loungeIdToken=AGdO5p-cwZ3Ali1f7u5SsbZpiBbXn7qJdUP8NZ-pI42cPvvrfjjLs8OAf8BxhbcVCYK2mwz5jYdZXhNW3B_hDJIXxfFQuCyrsryoB_rpLuC0ApOrT0zeEts&VER=8&v=2&theme=cl&ui=1&capabilities=remote_queue&RID=1347&conn=longpoll&prop=yls&ctype=lb&t=1&cpn=xVrbm13zViI8PX6C&TYPE=xmlhttp&CI=0&CVER=1&SID=DA5FF96838576E2F&AID=46 (46ms)
02-14 20:25:00.623 I/okhttp.OkHttpClient( 9828): cache-control: no-cache, no-store, max-age=0, must-revalidate
02-14 20:25:00.623 I/okhttp.OkHttpClient( 9828): pragma: no-cache
02-14 20:25:00.623 I/okhttp.OkHttpClient( 9828): expires: Mon, 01 Jan 1990 00:00:00 GMT
02-14 20:25:00.623 I/okhttp.OkHttpClient( 9828): date: Sat, 14 Feb 2026 19:25:01 GMT
02-14 20:25:00.623 I/okhttp.OkHttpClient( 9828): content-type: text/plain; charset=utf-8
02-14 20:25:00.623 I/okhttp.OkHttpClient( 9828): x-content-type-options: nosniff
02-14 20:25:00.623 I/okhttp.OkHttpClient( 9828): x-xss-protection: 1; mode=block
02-14 20:25:00.624 I/okhttp.OkHttpClient( 9828): server: GSE
02-14 20:25:00.624 I/okhttp.OkHttpClient( 9828): alt-svc: h3=":443"; ma=2592000,h3-29=":443"; ma=2592000
02-14 20:25:00.624 I/okhttp.OkHttpClient( 9828): 8
02-14 20:25:00.624 I/okhttp.OkHttpClient( 9828): [1,16,0]
02-14 20:25:00.624 I/okhttp.OkHttpClient( 9828): <-- END HTTP (10-byte body)
02-14 20:25:00.627 D/NativePermissionController(  911): checkPermission: missing 1 for 10759
02-14 20:25:00.627 D/NativePermissionController(  911): checkPermission: missing 3 for 10759
02-14 20:25:00.627 D/NativePermissionController(  911): checkPermission: missing 5 for 10759
02-14 20:25:00.628 D/AudioFlinger(  911): Client defaulted notificationFrames to 6000 for frameCount 12000
02-14 20:25:00.628 D/LoungeSender( 9828): Ping sent 1 action(s) to screen=or6bcditvg2i8li50g1esarnh9 body=8
02-14 20:25:00.628 D/LoungeSender( 9828): [1,16,0]
02-14 20:25:00.628 I/AF::PthrPatchRecord(  911): creating track with enforcement level 0
02-14 20:25:00.628 D/LoungeSender( 9828): parseNowPlaying no status snippet=[1,16,0]
02-14 20:25:00.637 D/MediaSessionService( 1738): onSessionPlaybackStateChanged: record=com.github.libretube.debug/androidx.media3.session.id.com.github.libretube.services.OnlinePlayerService/60 (userId=0) playbackState=PlaybackState {state=PAUSED(2), position=3148827, buffered position=3198720, speed=0.0, updated=30510816, actions=7340029, custom actions=[], active item id=0, error=null}
02-14 20:25:00.738 I/System.out( 3221): pause
02-14 20:25:00.851 I/NotificationListener( 2665): received notification removed event - com.github.libretube.debug#UserHandle{0},category=-1
02-14 20:25:00.852 I/AiAiEcho( 3977): SmartspaceNotificationPredictor no parser can handle this notification or notification is invalid
02-14 20:25:00.859 D/LocalImageResolver( 4361): Couldn't use ImageDecoder for drawable, falling back to non-resized load.
02-14 20:25:00.861 E/rks.dynamicspot( 4361): No package ID ff found for resource ID 0xffffffff.
02-14 20:25:01.253 W/MediaDataLoader( 2273): Invalid album art uri https://i.ytimg.com/vi_webp/uIwj95733_E/maxresdefault.webp
02-14 20:25:01.253 W/MediaDataLoader( 2273): Invalid album art uri https://i.ytimg.com/vi_webp/uIwj95733_E/maxresdefault.webp
02-14 20:25:01.253 W/MediaDataLoader( 2273): Invalid album art uri https://i.ytimg.com/vi_webp/uIwj95733_E/maxresdefault.webp
02-14 20:25:01.804 E/WifiHAL (  851): wifi_get_cached_scan_results: Wifi Cached Scan Result not supported by driver
02-14 20:25:01.804 E/WifiStaIfaceAidlImpl( 1738): getCachedScanData failed with service-specific exception: android.os.ServiceSpecificException:  (code 4)
02-14 20:25:01.833 D/ServerConnectionStateProviderImplKt( 8342): Using external URL
02-14 20:25:01.835 I/NullBinder( 3999): NullBinder for android.net.action.RECOMMEND_NETWORKS triggering remote TransactionTooLargeException due to Service without Chimera impl, calling uid: 1000, calling pid: 0
02-14 20:25:01.835 W/.gms.persistent( 3999): Large reply transaction of 1056768 bytes, interface descriptor , code 1
02-14 20:25:02.703 W/AOSP-MdnsDiscoveryManag( 3999): Error while decoding multicast packet (2449): 1 [CONTEXT service_id=168 ]
02-14 20:25:02.703 V/serviceDiscovery( 1738): [MdnsAdvertiser.wlan0] VERBOSE Parsed packet with transactionId(4): 1 questions, 0 answers, 0 authority, 0 additional from /10.0.0.216:5353
02-14 20:25:02.704 W/AOSP-MdnsDiscoveryManag( 3999): Error while decoding multicast packet (2450): 1 [CONTEXT service_id=168 ]
02-14 20:25:02.706 V/serviceDiscovery( 1738): [MdnsAdvertiser.wlan0] VERBOSE Parsed packet with transactionId(4): 1 questions, 0 answers, 0 authority, 0 additional from /[fe80::b066:ccff:fe6e:fad0%wlan0]:5353
02-14 20:25:03.371 D/DisplayModeController(  920): setDesiredMode 4630946480857061762 {mode={fps=60.00 Hz, modePtr={id=1, vsyncRate=60.00 Hz, peakRefreshRate=60.00 Hz}}, emitEvent=true, force=false}
02-14 20:25:03.376 I/SDM     (  838): HWDeviceDRM::UpdateMixerAttributes: Mixer WxH 1080x2400-0 for Peripheral
02-14 20:25:03.377 I/SDM     (  838): HWCDisplay::SubmitDisplayConfig: Active configuration changed to: 1
02-14 20:25:03.408 I/DisplayDeviceRepository( 1738): Display device changed render timings: "Wbudowany ekran", renderFrameRate=60.000004, presentationDeadlineNanos=16666666, appVsyncOffsetNanos=1000000, frameRateOverrides=[]
02-14 20:25:03.409 D/WindowManager( 1738): DeferredDisplayUpdater: partially applying DisplayInfo(1080 x 2400) immediately
02-14 20:25:03.410 D/audio_hw_primary(  836): adev_set_parameters: enter: screen_state=on
02-14 20:25:03.410 V/msm8974_platform(  836): platform_set_parameters: enter: screen_state=on
02-14 20:25:03.410 D/msm8974_platform(  836): platform_set_parameters: exit with code(0)
02-14 20:25:03.410 D/sound_trigger_hw(  836): handle_screen_status_change: screen on
02-14 20:25:03.410 D/audio_hw_primary(  836): adev_set_parameters: exit with code(0)
02-14 20:25:03.480 D/DisplayModeController(  920): setDesiredMode 4630946480857061762 {mode={fps=120.00 Hz, modePtr={id=0, vsyncRate=120.00 Hz, peakRefreshRate=120.00 Hz}}, emitEvent=true, force=false}
02-14 20:25:03.483 I/SDM     (  838): HWDeviceDRM::UpdateMixerAttributes: Mixer WxH 1080x2400-0 for Peripheral
02-14 20:25:03.484 I/SDM     (  838): HWCDisplay::SubmitDisplayConfig: Active configuration changed to: 0
02-14 20:25:03.507 I/DisplayDeviceRepository( 1738): Display device changed render timings: "Wbudowany ekran", renderFrameRate=120.00001, presentationDeadlineNanos=8333333, appVsyncOffsetNanos=2000000, frameRateOverrides=[]
02-14 20:25:03.508 D/WindowManager( 1738): DeferredDisplayUpdater: partially applying DisplayInfo(1080 x 2400) immediately
02-14 20:25:03.509 D/audio_hw_primary(  836): adev_set_parameters: enter: screen_state=on
02-14 20:25:03.509 V/msm8974_platform(  836): platform_set_parameters: enter: screen_state=on
02-14 20:25:03.509 D/msm8974_platform(  836): platform_set_parameters: exit with code(0)
02-14 20:25:03.509 D/sound_trigger_hw(  836): handle_screen_status_change: screen on
02-14 20:25:03.509 D/audio_hw_primary(  836): adev_set_parameters: exit with code(0)
02-14 20:25:03.628 D/BufferPoolAccessor2.0( 9828): bufferpool2 0xb4000072ab1556b8 : 5(28800 size) total buffers - 4(23040 size) used buffers - 722/732 (recycle/alloc) - 10/1444 (fetch/transfer)
02-14 20:25:03.629 D/BufferPoolAccessor2.0( 1348): bufferpool2 0xb400007c154fdc18 : 3(276480 size) total buffers - 1(92160 size) used buffers - 715/720 (recycle/alloc) - 9/711 (fetch/transfer)
02-14 20:25:04.386 W/C2BqBuffer(  879): last successful dequeue was 3942304 us ago, 54 consecutive failures
02-14 20:25:04.652 D/SatelliteController( 2555): iisInCarrierRoamingNbIotNtn: satellite is disabled
02-14 20:25:04.791 I/QC2Comp (  879): [vp9D_79] Stats: Pending(17) i/p-done(17) Works: Q: 284/Done 268|Work-Rate: Q(18.2/s Avg=18.3/s) Done(16.599/s Avg=17.271/s)| Stream: 25.00fps 1.6Mbps
02-14 20:25:04.791 I/QC2Comp (  879): Mem-usage:  [In-1D - 10 bufs 37.383 MB] [1D-0 - 13 bufs 0.203 MB] [2D-67 - 22 bufs 67.547 MB]
02-14 20:25:04.791 I/QC2Comp (  879): Total Mem-usage: 105.133 MB
02-14 20:25:04.826 E/WifiHAL (  851): wifi_get_cached_scan_results: Wifi Cached Scan Result not supported by driver
02-14 20:25:04.826 E/WifiStaIfaceAidlImpl( 1738): getCachedScanData failed with service-specific exception: android.os.ServiceSpecificException:  (code 4)
02-14 20:25:06.234 D/BufferPoolAccessor2.0( 9828): bufferpool2 0xb4000072ab14b288 : 5(19599360 size) total buffers - 0(0 size) used buffers - 270/280 (recycle/alloc) - 13/281 (fetch/transfer)
02-14 20:25:06.234 D/BufferPoolAccessor2.0( 9828): evictor expired: 1, evicted: 1
02-14 20:25:06.264 D/ActivityManager( 1738): freezing 19793 com.google.android.gms
02-14 20:25:07.459 D/ActivityManager( 1738): sync unfroze 19793 com.google.android.gms for 6
02-14 20:25:07.469 I/Authzen (19793): [DeviceStateSyncManager] The server is in sync with current state. Nothing to do
02-14 20:25:07.839 E/WifiHAL (  851): wifi_get_cached_scan_results: Wifi Cached Scan Result not supported by driver
02-14 20:25:07.839 E/WifiStaIfaceAidlImpl( 1738): getCachedScanData failed with service-specific exception: android.os.ServiceSpecificException:  (code 4)
02-14 20:25:07.857 I/NullBinder( 3999): NullBinder for android.net.action.RECOMMEND_NETWORKS triggering remote TransactionTooLargeException due to Service without Chimera impl, calling uid: 1000, calling pid: 0
02-14 20:25:07.857 W/.gms.persistent( 3999): Large reply transaction of 1056768 bytes, interface descriptor , code 1
02-14 20:25:07.861 D/ServerConnectionStateProviderImplKt( 8342): Using external URL
02-14 20:25:09.078 D/ActivityManager( 1738): freezing 8342 io.homeassistant.companion.android
02-14 20:25:09.081 D/InetDiagMessage( 1738): Destroyed 0 sockets, proto=IPPROTO_TCP, family=AF_INET, states=14
02-14 20:25:09.083 W/ActivityManager( 1738): Foreground service started from background can not have location/camera/microphone access: service com.mendhak.gpslogger/.GpsLoggingService
02-14 20:25:09.083 D/InetDiagMessage( 1738): Destroyed 2 sockets, proto=IPPROTO_TCP, family=AF_INET6, states=14
02-14 20:25:09.083 D/InetDiagMessage( 1738): Destroyed live tcp sockets for uids={10691} in 3ms
02-14 20:25:09.084 I/GpsLoggingService( 3596): handleIntent:221 - Intent received - Get Next Point
02-14 20:25:09.085 I/GpsLoggingService( 3596): startGpsManager:746 - Requesting GPS location updates
02-14 20:25:09.088 I/GpsLoggingService( 3596): startGpsManager:774 - Requesting cell and wifi location updates
