02-14 20:24:48.970 I/okhttp.OkHttpClient( 9828): --> POST https://www.youtube.com/api/lounge/bc/bind?device=REMOTE_CONTROL&app=android-remote&name=LibreTube%20%2822101320G%29&id=02edc995231a4a66a4789ee224cefc8c&loungeIdToken=AGdO5p-cwZ3Ali1f7u5SsbZpiBbXn7qJdUP8NZ-pI42cPvvrfjjLs8OAf8BxhbcVCYK2mwz5jYdZXhNW3B_hDJIXxfFQuCyrsryoB_rpLuC0ApOrT0zeEts&VER=8&v=2&theme=cl&ui=1&capabilities=remote_queue&RID=1338&conn=longpoll&prop=yls&ctype=lb&t=1&cpn=5IG1E5KbbnFo5BAF&TYPE=xmlhttp&CI=0&CVER=1
02-14 20:24:48.970 I/okhttp.OkHttpClient( 9828): Content-Type: application/x-www-form-urlencoded
02-14 20:24:48.970 I/okhttp.OkHttpClient( 9828): Content-Length: 28
02-14 20:24:48.970 I/okhttp.OkHttpClient( 9828): count=0&ofs=0&actions=%5B%5D
02-14 20:24:48.970 I/okhttp.OkHttpClient( 9828): --> END POST (28-byte body)
02-14 20:24:48.973 D/SatelliteController( 2555): iisInCarrierRoamingNbIotNtn: satellite is disabled
02-14 20:24:48.981 D/AudioSystem( 9828): onNewService: media.audio_policy service obtained 0xb4000073eb129040
02-14 20:24:48.982 D/AudioSystem( 9828): getService: checking for service media.audio_policy: 0xb4000073eb129040
02-14 20:24:48.982 D/NativePermissionController(  911): checkPermission: missing 13 for 10759
02-14 20:24:48.982 D/NativePermissionController(  911): checkPermission: missing 13 for 10759
02-14 20:24:48.985 D/NativePermissionController(  911): checkPermission: missing 13 for 10759
02-14 20:24:48.985 D/NativePermissionController(  911): checkPermission: missing 13 for 10759
02-14 20:24:48.995 W/BitmapDrawable( 9828): BitmapDrawable created with null Bitmap
02-14 20:24:49.012 I/ActivityManager( 1738): Background started FGS: Allowed [callingPackage: com.github.libretube.debug; callingUid: 10759; uidState: TOP ; uidBFSL: [BFSL]; intent: Intent { xflg=0x4 cmp=com.github.libretube.debug/com.github.libretube.services.OnlinePlayerService }; code:PROC_STATE_TOP; tempAllowListReason:<null>; allowWiu:12; targetSdkVersion:35; callerTargetSdkVersion:35; startForegroundCount:0; bindFromPackage:null: isBindService:false]
02-14 20:24:49.014 D/CompatChangeReporter( 1738): Compat change id reported: 296558535; UID 10759; state: ENABLED
02-14 20:24:49.014 D/CompatChangeReporter( 1738): Compat change id reported: 317799821; UID 10759; state: ENABLED
02-14 20:24:49.014 D/BackgroundInstallControlService( 1738): Package event received: 0
02-14 20:24:49.016 D/CompatChangeReporter( 1738): Compat change id reported: 264179692; UID 10759; state: ENABLED
02-14 20:24:49.025 W/BitmapDrawable( 9828): BitmapDrawable created with null Bitmap
02-14 20:24:49.027 W/BitmapDrawable( 9828): BitmapDrawable created with null Bitmap
02-14 20:24:49.033 W/HWUI    ( 9828): Image decoding logging dropped!
02-14 20:24:49.038 W/BitmapDrawable( 9828): BitmapDrawable created with null Bitmap
02-14 20:24:49.039 W/BitmapDrawable( 9828): BitmapDrawable created with null Bitmap
02-14 20:24:49.102 W/HWUI    ( 9828): Image decoding logging dropped!
02-14 20:24:49.114 W/HWUI    ( 9828): Image decoding logging dropped!
02-14 20:24:49.117 D/MediaSessionService( 1738): onSessionPlaybackStateChanged: record=com.github.libretube.debug/androidx.media3.session.id.com.github.libretube.services.OnlinePlayerService/60 (userId=0) playbackState=PlaybackState {state=BUFFERING(6), position=1301253, buffered position=1301253, speed=0.0, updated=30499296, actions=7340027, custom actions=[], active item id=0, error=null}
02-14 20:24:49.189 W/HWUI    ( 9828): Image decoding logging dropped!
02-14 20:24:49.207 D/audio_hw_primary(  836): adev_get_parameters:offloadVariableRateSupported
02-14 20:24:49.207 D/soundtrigger(  836): audio_extn_sound_trigger_get_parameters input string<offloadVariableRateSupported=>
02-14 20:24:49.207 D/soundtrigger(  836): extract_sm_handle input string <offloadVariableRateSupported=> param string <offloadVariableRateSupported=>
02-14 20:24:49.207 D/audio_hw_extn(  836): audio_extn_get_parameters: returns 
02-14 20:24:49.207 V/msm8974_platform(  836): platform_get_parameters: exit: returns - 
02-14 20:24:49.207 D/audio_hw_primary(  836): adev_get_parameters: exit: returns - 
02-14 20:24:49.209 E/APM::EffectDescriptor(  911): isNonOffloadableEffectEnabled: non offloadable effect DAP, uuid 9d4921da-8225-4f29-aefa-39537a04bcaa, enabled on session 0
02-14 20:24:49.209 E/APM::EffectDescriptor(  911): isNonOffloadableEffectEnabled: non offloadable effect DAP, uuid 9d4921da-8225-4f29-aefa-39537a04bcaa, enabled on session 0
02-14 20:24:49.210 I/DMCodecAdapterFactory( 9828): Creating an asynchronous MediaCodec adapter for track type audio
02-14 20:24:49.212 D/CCodec  ( 9828): allocate(c2.android.opus.decoder)
02-14 20:24:49.213 I/ApexCodecsLazy( 9828): Failed to load libcom.android.media.swcodec.apexcodecs.so: dlopen failed: library "libcom.android.media.swcodec.apexcodecs.so" not found
02-14 20:24:49.213 I/Codec2Client( 9828): Available Codec2 services: "default" "default1" "software"
02-14 20:24:49.215 I/CCodec  ( 9828): setting up 'default' as default (vendor) store
02-14 20:24:49.221 D/BufferPoolAccessor2.0( 1348): bufferpool2 0xb400007c154f1098 : 0(0 size) total buffers - 0(0 size) used buffers - 0/0 (recycle/alloc) - 0/0 (fetch/transfer)
02-14 20:24:49.221 D/BufferPoolAccessor2.0( 1348): bufferpool2 0xb400007c154f1538 : 0(0 size) total buffers - 0(0 size) used buffers - 67/70 (recycle/alloc) - 3/69 (fetch/transfer)
02-14 20:24:49.221 D/BufferPoolAccessor2.0( 1348): bufferpool2 0xb400007c154f3598 : 0(0 size) total buffers - 0(0 size) used buffers - 0/0 (recycle/alloc) - 0/0 (fetch/transfer)
02-14 20:24:49.221 D/BufferPoolAccessor2.0( 1348): bufferpool2 0xb400007c154fce38 : 2(16384 size) total buffers - 2(16384 size) used buffers - 2496/2500 (recycle/alloc) - 32/2500 (fetch/transfer)
02-14 20:24:49.221 D/BufferPoolAccessor2.0( 1348): bufferpool2 0xb400007c154fa498 : 0(0 size) total buffers - 0(0 size) used buffers - 0/0 (recycle/alloc) - 0/0 (fetch/transfer)
02-14 20:24:49.221 D/BufferPoolAccessor2.0( 1348): bufferpool2 0xb400007c154f9da8 : 3(49152 size) total buffers - 3(49152 size) used buffers - 140/149 (recycle/alloc) - 16/149 (fetch/transfer)
02-14 20:24:49.222 I/CCodec  ( 9828): Created component [c2.android.opus.decoder] for [c2.android.opus.decoder]
02-14 20:24:49.222 D/CCodecConfig( 9828): read media type: audio/opus
02-14 20:24:49.226 D/ReflectedParamUpdater( 9828): extent() != 1 for single value type: algo.buffers.max-count.values
02-14 20:24:49.226 D/ReflectedParamUpdater( 9828): extent() != 1 for single value type: output.subscribed-indices.values
02-14 20:24:49.226 D/ReflectedParamUpdater( 9828): extent() != 1 for single value type: input.buffers.allocator-ids.values
02-14 20:24:49.226 D/ReflectedParamUpdater( 9828): extent() != 1 for single value type: output.buffers.allocator-ids.values
02-14 20:24:49.226 D/ReflectedParamUpdater( 9828): extent() != 1 for single value type: algo.buffers.allocator-ids.values
02-14 20:24:49.227 D/ReflectedParamUpdater( 9828): extent() != 1 for single value type: output.buffers.pool-ids.values
02-14 20:24:49.227 D/ReflectedParamUpdater( 9828): extent() != 1 for single value type: algo.buffers.pool-ids.values
02-14 20:24:49.227 I/CCodecConfig( 9828): query failed after returning 8 values (BAD_INDEX)
02-14 20:24:49.227 D/CCodecConfig( 9828): c2 config diff is Dict {
02-14 20:24:49.227 D/CCodecConfig( 9828):   c2::u32 coded.bitrate.value = 6000
02-14 20:24:49.227 D/CCodecConfig( 9828):   c2::u32 input.buffers.max-size.value = 5760
02-14 20:24:49.227 D/CCodecConfig( 9828):   c2::u32 input.delay.value = 0
02-14 20:24:49.227 D/CCodecConfig( 9828):   string input.media-type.value = "audio/opus"
02-14 20:24:49.227 D/CCodecConfig( 9828):   c2::u32 output.large-frame.max-size = 0
02-14 20:24:49.227 D/CCodecConfig( 9828):   c2::u32 output.large-frame.threshold-size = 0
02-14 20:24:49.227 D/CCodecConfig( 9828):   string output.media-type.value = "audio/raw"
02-14 20:24:49.227 D/CCodecConfig( 9828):   c2::u32 raw.channel-count.value = 1
02-14 20:24:49.227 D/CCodecConfig( 9828):   c2::u32 raw.sample-rate.value = 48000
02-14 20:24:49.227 D/CCodecConfig( 9828): }
02-14 20:24:49.229 I/MediaCodec( 9828): MediaCodec will operate in async mode
02-14 20:24:49.230 D/CCodec  ( 9828): [c2.android.opus.decoder] buffers are bound to CCodec for this session
02-14 20:24:49.230 D/CCodecConfig( 9828): no c2 equivalents for csd-1
02-14 20:24:49.230 D/CCodecConfig( 9828): no c2 equivalents for csd-2
02-14 20:24:49.230 D/CCodecConfig( 9828): no c2 equivalents for log-session-id
02-14 20:24:49.230 D/CCodecConfig( 9828): no c2 equivalents for importance
02-14 20:24:49.230 D/CCodecConfig( 9828): no c2 equivalents for flags
02-14 20:24:49.230 D/CCodecConfig( 9828): c2 config diff is   c2::u32 raw.channel-count.value = 2
02-14 20:24:49.230 W/Codec2Client( 9828): query -- param skipped: index = 1107298332.
02-14 20:24:49.230 D/CCodec  ( 9828): encoding statistics level = 0
02-14 20:24:49.230 D/CCodec  ( 9828): setup formats input: AMessage(what = 0x00000000) = {
02-14 20:24:49.230 D/CCodec  ( 9828):   int32_t bitrate = 6000
02-14 20:24:49.230 D/CCodec  ( 9828):   int32_t channel-count = 2
02-14 20:24:49.230 D/CCodec  ( 9828):   int32_t max-input-size = 5760
02-14 20:24:49.230 D/CCodec  ( 9828):   string mime = "audio/opus"
02-14 20:24:49.230 D/CCodec  ( 9828):   int32_t sample-rate = 48000
02-14 20:24:49.230 D/CCodec  ( 9828): }
02-14 20:24:49.230 D/CCodec  ( 9828): setup formats output: AMessage(what = 0x00000000) = {
02-14 20:24:49.230 D/CCodec  ( 9828):   int32_t buffer-batch-max-output-size = 0
02-14 20:24:49.230 D/CCodec  ( 9828):   int32_t buffer-batch-threshold-output-size = 0
02-14 20:24:49.230 D/CCodec  ( 9828):   int32_t channel-count = 2
02-14 20:24:49.230 D/CCodec  ( 9828):   string mime = "audio/raw"
02-14 20:24:49.230 D/CCodec  ( 9828):   int32_t sample-rate = 48000
02-14 20:24:49.230 D/CCodec  ( 9828):   int32_t android._config-pcm-encoding = 2
02-14 20:24:49.230 D/CCodec  ( 9828): }
02-14 20:24:49.230 I/CCodecConfig( 9828): query failed after returning 8 values (BAD_INDEX)
02-14 20:24:49.231 E/libretube.debug( 9828): Failed to query component interface for required system resources: 6
02-14 20:24:49.231 D/MediaCodec( 9828): keep callback message for reclaim
02-14 20:24:49.231 W/Codec2Client( 9828): query -- param skipped: index = 1342179345.
02-14 20:24:49.231 W/Codec2Client( 9828): query -- param skipped: index = 2415921170.
02-14 20:24:49.231 D/BackgroundInstallControlService( 1738): Package event received: 0
02-14 20:24:49.231 E/C2Store ( 9828): debug.c2.use_dmabufheaps set, but no system heap. Ignoring override!
02-14 20:24:49.231 D/C2Store ( 9828): Using ION
02-14 20:24:49.232 D/CCodecBufferChannel( 9828): [c2.android.opus.decoder#13] Created input block pool with allocatorID 16 => poolID 17 - OK (0)
02-14 20:24:49.233 I/CCodecBufferChannel( 9828): [c2.android.opus.decoder#13] Created output block pool with allocatorID 16 => poolID 274 - OK
02-14 20:24:49.233 D/CCodecBufferChannel( 9828): [c2.android.opus.decoder#13] Configured output block pool ids 274 => OK
02-14 20:24:49.233 D/WM-DelayedWorkTracker( 3596): Scheduling work 2c749cbc-1088-4394-b813-e45485e8c8e4
02-14 20:24:49.233 D/WM-GreedyScheduler( 3596): Starting tracking for 2c749cbc-1088-4394-b813-e45485e8c8e4
02-14 20:24:49.234 E/Codec2-ComponentInterface( 1348): We have a failed config
02-14 20:24:49.237 D/SimpleC2Component( 1348): Using output block pool with poolID 274 => got 274 - 0
02-14 20:24:49.238 D/WM-ConstraintTracker( 3596): NetworkStateTracker24: initial state = NetworkState(isConnected=true, isValidated=true, isMetered=false, isNotRoaming=true)
02-14 20:24:49.238 D/WM-NetworkStateTracker( 3596): Registering network callback
02-14 20:24:49.238 D/ConnectivityService( 1738): requestNetwork for uid/pid:10747/3596 activeRequest: null callbackRequest: 8705 [NetworkRequest [ REQUEST id=8706, [ Capabilities: INTERNET&NOT_RESTRICTED&TRUSTED&NOT_VCN_MANAGED&NOT_BANDWIDTH_CONSTRAINED Uid: 10747 RequestorUid: 10747 RequestorPkg: com.mendhak.gpslogger UnderlyingNetworks: Null] ]] callback flags: 0 order: 2147483647 isUidTracked: false declaredMethods: AVAIL|LOST|NC
02-14 20:24:49.238 I/NotificationListener( 2665): received notification removed event - com.github.libretube.debug#UserHandle{0},category=-1
02-14 20:24:49.240 D/WM-GreedyScheduler( 3596): Constraints met: Scheduling work ID WorkGenerationalId(workSpecId=2c749cbc-1088-4394-b813-e45485e8c8e4, generation=0)
02-14 20:24:49.240 D/WM-NetworkStateTracker( 3596): Network capabilities changed: [ Transports: WIFI Capabilities: NOT_METERED&INTERNET&NOT_RESTRICTED&TRUSTED&NOT_VPN&VALIDATED&NOT_ROAMING&FOREGROUND&NOT_CONGESTED&NOT_SUSPENDED&NOT_VCN_MANAGED&NOT_BANDWIDTH_CONSTRAINED LinkUpBandwidth>=263379Kbps LinkDnBandwidth>=73106Kbps TransportInfo: <SSID: <unknown ssid>, BSSID: 02:00:00:00:00:00, MAC: 02:00:00:00:00:00, IP: /10.0.0.216, Security type: 2, Supplicant state: COMPLETED, Wi-Fi standard: 11ac, RSSI: -52, Link speed: 866Mbps, Tx Link speed: 866Mbps, Max Supported Tx Link speed: 866Mbps, Rx Link speed: 866Mbps, Max Supported Rx Link speed: 866Mbps, Frequency: 5180MHz, Net ID: -1, Metered hint: false, score: 60, isUsable: true, CarrierMerged: false, SubscriptionId: -1, IsPrimary: -1, Trusted: true, Restricted: false, Ephemeral: false, OEM paid: false, OEM private: false, OSU AP: false, FQDN: <none>, Provider friendly name: <none>, Requesting package name: <none><none>MLO Information: , Is TID-To-Link negotiation supported by the AP: false, AP MLD Address: <none>, AP MLO Link Id: <none>, AP MLO Affiliated links: <none>, Vendor Data: <none>> SignalStrength: -52 UnderlyingNetworks: Null]
02-14 20:24:49.240 I/rks.dynamicspot( 4361): AssetManager2(0xb40000725b0fd138) locale list changing from [] to [pl-PL]
02-14 20:24:49.241 I/AiAiEcho( 3977): SmartspaceNotificationPredictor no parser can handle this notification or notification is invalid
02-14 20:24:49.243 W/HWUI    ( 9828): Image decoding logging dropped!
02-14 20:24:49.243 D/WM-Processor( 3596): Processor: processing WorkGenerationalId(workSpecId=2c749cbc-1088-4394-b813-e45485e8c8e4, generation=0)
02-14 20:24:49.245 I/C2SoftOpusDec( 1348): Configuring decoder: 48000 Hz, 2 channels
02-14 20:24:49.248 D/ConnectivityService( 1738): NetReassign [8706 : null  142] [c 0] [a 4] [i 4]
02-14 20:24:49.251 W/LoudnessCodecController( 9828): MediaCodec mime type not supported for loudness annotation
02-14 20:24:49.251 V/LoudnessCodecController( 9828): Could not extract codec loudness information
02-14 20:24:49.253 D/WifiNetworkFactory( 1738): got request NetworkRequest [ REQUEST id=8706, [ Capabilities: INTERNET&NOT_RESTRICTED&TRUSTED&NOT_VCN_MANAGED&NOT_BANDWIDTH_CONSTRAINED Uid: 10747 RequestorUid: 10747 RequestorPkg: com.mendhak.gpslogger UnderlyingNetworks: Null] ]
02-14 20:24:49.253 D/WM-WorkerWrapper( 3596): Starting work for com.mendhak.gpslogger.loggers.customurl.CustomUrlWorker
02-14 20:24:49.253 D/UntrustedWifiNetworkFactory( 1738): got request NetworkRequest [ REQUEST id=8706, [ Capabilities: INTERNET&NOT_RESTRICTED&TRUSTED&NOT_VCN_MANAGED&NOT_BANDWIDTH_CONSTRAINED Uid: 10747 RequestorUid: 10747 RequestorPkg: com.mendhak.gpslogger UnderlyingNetworks: Null] ]
02-14 20:24:49.253 D/LocalImageResolver( 4361): Couldn't use ImageDecoder for drawable, falling back to non-resized load.
02-14 20:24:49.254 D/OemPaidWifiNetworkFactory( 1738): got request NetworkRequest [ REQUEST id=8706, [ Capabilities: INTERNET&NOT_RESTRICTED&TRUSTED&NOT_VCN_MANAGED&NOT_BANDWIDTH_CONSTRAINED Uid: 10747 RequestorUid: 10747 RequestorPkg: com.mendhak.gpslogger UnderlyingNetworks: Null] ]
02-14 20:24:49.254 I/CustomUrlWorker( 3596): doWork:59 - HTTP Request - https://track.think.fox/api/v1/owntracks/points?api_key=19404e10451662533f1524a94f59a8ea
02-14 20:24:49.254 D/MultiInternetWifiNetworkFactory( 1738): got request NetworkRequest [ REQUEST id=8706, [ Capabilities: INTERNET&NOT_RESTRICTED&TRUSTED&NOT_VCN_MANAGED&NOT_BANDWIDTH_CONSTRAINED Uid: 10747 RequestorUid: 10747 RequestorPkg: com.mendhak.gpslogger UnderlyingNetworks: Null] ]
02-14 20:24:49.254 D/WM-SystemJobService( 3596): onStartJob for WorkGenerationalId(workSpecId=2c749cbc-1088-4394-b813-e45485e8c8e4, generation=0)
02-14 20:24:49.255 D/Networks( 3596): getKnownServersStore:65 - Getting local truststore - /storage/emulated/0/Android/data/com.mendhak.gpslogger/files/knownservers.bks
02-14 20:24:49.255 D/WM-Processor( 3596): Work WorkGenerationalId(workSpecId=2c749cbc-1088-4394-b813-e45485e8c8e4, generation=0) is already enqueued for processing
02-14 20:24:49.257 D/Networks( 3596): getKnownServersStore:65 - Getting local truststore - /storage/emulated/0/Android/data/com.mendhak.gpslogger/files/knownservers.bks
02-14 20:24:49.259 E/rks.dynamicspot( 4361): No package ID ff found for resource ID 0xffffffff.
02-14 20:24:49.267 D/MediaCodec( 9828): keep callback message for reclaim
02-14 20:24:49.268 I/CCodecConfig( 9828): query failed after returning 8 values (BAD_INDEX)
02-14 20:24:49.268 W/Codec2Client( 9828): query -- param skipped: index = 1342179345.
02-14 20:24:49.268 W/Codec2Client( 9828): query -- param skipped: index = 2415921170.
02-14 20:24:49.269 I/DMCodecAdapterFactory( 9828): Creating an asynchronous MediaCodec adapter for track type video
02-14 20:24:49.270 D/CCodec  ( 9828): allocate(c2.qti.vp9.decoder)
02-14 20:24:49.272 I/CCodec  ( 9828): setting up 'default' as default (vendor) store
02-14 20:24:49.272 E/vendor.qti.media.c2@1.0-service(  879): Missing dependency coding.temporal-layering
02-14 20:24:49.273 I/vendor.qti.media.c2@1.0-service(  879): missing struct descriptor #Param::CoreIndex(-Vc010) for field window of struct #Param::CoreIndex(FV1c00d)
02-14 20:24:49.273 I/vendor.qti.media.c2@1.0-service(  879): missing struct descriptor #Param::CoreIndex(-Vc01a) for field misr_info_top_field of struct #Param::CoreIndex(-Vc01b)
02-14 20:24:49.273 I/vendor.qti.media.c2@1.0-service(  879): missing struct descriptor #Param::CoreIndex(-Vc01a) for field misr_info_bottom_field of struct #Param::CoreIndex(-Vc01b)
02-14 20:24:49.273 I/vendor.qti.media.c2@1.0-service(  879): missing struct descriptor #Param::CoreIndex(--002) for field mastering of struct #Param::CoreIndex(--180a)
02-14 20:24:49.273 E/StandardCaps(  879): Failed to read platform hdr value
02-14 20:24:49.274 I/QC2Comp (  879): Create: Allocated component[79] for name c2.qti.vp9.decoder : [32 bit]
02-14 20:24:49.274 I/QC2CompStore(  879): Created component(c2.qti.vp9.decoder) id(79)
02-14 20:24:49.274 I/CCodec  ( 9828): Created component [c2.qti.vp9.decoder] for [c2.qti.vp9.decoder]
02-14 20:24:49.275 E/QC2Interface(  879): Failed to query parameters
02-14 20:24:49.275 D/CCodecConfig( 9828): read media type: video/x-vnd.on2.vp9
02-14 20:24:49.276 D/ReflectedParamUpdater( 9828): extent() != 1 for single value type: vendor.qti-ext-dec-info-misr.misr_info_top_field.misr_dpb_luma
02-14 20:24:49.276 D/ReflectedParamUpdater( 9828): extent() != 1 for single value type: vendor.qti-ext-dec-info-misr.misr_info_top_field.misr_dpb_chroma
02-14 20:24:49.276 D/ReflectedParamUpdater( 9828): extent() != 1 for single value type: vendor.qti-ext-dec-info-misr.misr_info_top_field.misr_opb_luma
02-14 20:24:49.276 D/ReflectedParamUpdater( 9828): extent() != 1 for single value type: vendor.qti-ext-dec-info-misr.misr_info_top_field.misr_opb_chroma
02-14 20:24:49.276 D/ReflectedParamUpdater( 9828): extent() != 1 for single value type: vendor.qti-ext-dec-info-misr.misr_info_bottom_field.misr_dpb_luma
02-14 20:24:49.276 D/ReflectedParamUpdater( 9828): extent() != 1 for single value type: vendor.qti-ext-dec-info-misr.misr_info_bottom_field.misr_dpb_chroma
02-14 20:24:49.276 D/ReflectedParamUpdater( 9828): extent() != 1 for single value type: vendor.qti-ext-dec-info-misr.misr_info_bottom_field.misr_opb_luma
02-14 20:24:49.276 D/ReflectedParamUpdater( 9828): extent() != 1 for single value type: vendor.qti-ext-dec-info-misr.misr_info_bottom_field.misr_opb_chroma
02-14 20:24:49.276 D/ReflectedParamUpdater( 9828): extent() != 1 for single value type: output.buffers.pool-ids.values
02-14 20:24:49.278 D/ReflectedParamUpdater( 9828): ignored struct field vendor.qti-ext-dec-panscan.window
02-14 20:24:49.278 D/CCodecConfig( 9828): ignoring local param raw.size (0xd2001800) as it is already supported
02-14 20:24:49.278 D/CCodecConfig( 9828): ignoring local param default.color (0x5200180b) as it is already supported
02-14 20:24:49.278 D/CCodecConfig( 9828): ignoring local param raw.hdr-static-info (0xd200180a) as it is already supported
02-14 20:24:49.278 E/QC2Interface(  879): Failed to query parameters
02-14 20:24:49.278 I/CCodecConfig( 9828): query failed after returning 19 values (BAD_INDEX)
02-14 20:24:49.278 D/CCodecConfig( 9828): c2 config diff is Dict {
02-14 20:24:49.278 D/CCodecConfig( 9828):   c2::i32 algo.priority.value = 0
02-14 20:24:49.278 D/CCodecConfig( 9828):   c2::float algo.rate.value = 30
02-14 20:24:49.278 D/CCodecConfig( 9828):   c2::u32 algo.secure-mode.value = 0
02-14 20:24:49.278 D/CCodecConfig( 9828):   c2::float coded.frame-rate.value = 30
02-14 20:24:49.278 D/CCodecConfig( 9828):   c2::u32 coded.pl.level = 0
02-14 20:24:49.278 D/CCodecConfig( 9828):   c2::u32 coded.pl.profile = 28672
02-14 20:24:49.278 D/CCodecConfig( 9828):   c2::u32 coded.vui.color.matrix = 255
02-14 20:24:49.278 D/CCodecConfig( 9828):   c2::u32 coded.vui.color.primaries = 0
02-14 20:24:49.278 D/CCodecConfig( 9828):   c2::u32 coded.vui.color.range = 0
02-14 20:24:49.278 D/CCodecConfig( 9828):   c2::u32 coded.vui.color.transfer = 255
02-14 20:24:49.278 D/CCodecConfig( 9828):   c2::u32 default.color.matrix = 0
02-14 20:24:49.278 D/CCodecConfig( 9828):   c2::u32 default.color.primaries = 0
02-14 20:24:49.278 D/CCodecConfig( 9828):   c2::u32 default.color.range = 0
02-14 20:24:49.278 D/CCodecConfig( 9828):   c2::u32 default.color.transfer = 0
02-14 20:24:49.278 D/CCodecConfig( 9828):   c2::u32 input.buffers.max-size.value = 16588800
02-14 20:24:49.278 D/CCodecConfig( 9828):   c2::u32 input.delay.value = 0
02-14 20:24:49.278 D/CCodecConfig( 9828):   Buffer input.hdr10-plus-info.value = {
02-14 20:24:49.278 D/CCodecConfig( 9828):     00000000:  00                                                .
02-14 20:24:49.278 D/CCodecConfig( 9828):   }
02-14 20:24:49.278 D/CCodecConfig( 9828):   string input.media-type.value = "video/x-vnd.on2.vp9"
02-14 20:24:49.278 D/CCodecConfig( 9828):   c2::u32 output.delay.value = 1
02-14 20:24:49.278 D/CCodecConfig( 9828):   Buffer output.hdr10-plus-info.value = {
02-14 20:24:49.278 D/CCodecConfig( 9828):   }
02-14 20:24:49.278 D/CCodecConfig( 9828):   string output.media-type.value = "video/raw"
02-14 20:24:49.278 D/CCodecConfig( 9828):   c2::u32 raw.color.matrix = 255
02-14 20:24:49.278 D/CCodecConfig( 9828):   c2::u32 raw.color.primaries = 0
02-14 20:24:49.278 D/CCodecConfig( 9828):   c2::u32 raw.color.range = 0
02-14 20:24:49.278 D/CCodecConfig( 9828):   c2::u32 raw.col
02-14 20:24:49.279 W/ColorUtils( 9828): expected specified color aspects (0:0:255:255)
02-14 20:24:49.280 I/MediaCodec( 9828): MediaCodec will operate in async mode
02-14 20:24:49.281 D/SurfaceUtils( 9828): connecting to surface 0xb40000730b12bea0, reason connectToSurface
02-14 20:24:49.281 I/MediaCodec( 9828): [c2.qti.vp9.decoder] setting surface generation to 10063873
02-14 20:24:49.281 D/SurfaceUtils( 9828): disconnecting from surface 0xb40000730b12bea0, reason connectToSurface(reconnect)
02-14 20:24:49.281 D/SurfaceUtils( 9828): connecting to surface 0xb40000730b12be90, reason connectToSurface(reconnect-with-listener)
02-14 20:24:49.282 D/CCodec  ( 9828): [c2.qti.vp9.decoder] buffers are bound to CCodec for this session
02-14 20:24:49.282 D/CCodecConfig( 9828): no c2 equivalents for log-session-id
02-14 20:24:49.282 D/CCodecConfig( 9828): no c2 equivalents for importance
02-14 20:24:49.282 D/CCodecConfig( 9828): no c2 equivalents for color-standard
02-14 20:24:49.282 D/CCodecConfig( 9828): no c2 equivalents for native-window
02-14 20:24:49.282 D/CCodecConfig( 9828): no c2 equivalents for native-window-generation
02-14 20:24:49.282 D/CCodecConfig( 9828): no c2 equivalents for flags
02-14 20:24:49.282 E/CustomUrlWorker( 3596): doWork:94 - Exception during Custom URL processing javax.net.ssl.SSLHandshakeException: Read error: ssl=0xb40000738b0dfed8: Failure in SSL library, usually a protocol error
02-14 20:24:49.282 E/CustomUrlWorker( 3596): error:10000458:SSL routines:OPENSSL_internal:TLSV1_ALERT_UNRECOGNIZED_NAME (external/boringssl/src/ssl/tls_record.cc:484 0xb4000073eb154ec0:0x00000003)
02-14 20:24:49.282 E/StandardCaps(  879): Failed to read platform hdr value
02-14 20:24:49.282 E/StandardCaps(  879): Failed to read platform hdr value
02-14 20:24:49.283 D/CCodecConfig( 9828): c2 config diff is   c2::float coded.frame-rate.value = 25
02-14 20:24:49.283 D/CCodecConfig( 9828):   c2::u32 default.color.matrix = 1
02-14 20:24:49.283 D/CCodecConfig( 9828):   c2::u32 default.color.primaries = 1
02-14 20:24:49.283 D/CCodecConfig( 9828):   c2::u32 default.color.range = 2
02-14 20:24:49.283 D/CCodecConfig( 9828):   c2::u32 default.color.transfer = 3
02-14 20:24:49.283 D/CCodecConfig( 9828):   c2::u32 input.buffers.max-size.value = 3919872
02-14 20:24:49.283 D/CCodecConfig( 9828):   c2::u32 raw.max-size.height = 1080
02-14 20:24:49.283 D/CCodecConfig( 9828):   c2::u32 raw.max-size.width = 1920
02-14 20:24:49.283 D/CCodecConfig( 9828):   c2::u32 raw.size.height = 1080
02-14 20:24:49.283 D/CCodecConfig( 9828):   c2::u32 raw.size.width = 1920
02-14 20:24:49.283 I/WM-WorkerWrapper( 3596): Worker result FAILURE for Work [ id=2c749cbc-1088-4394-b813-e45485e8c8e4, tags={ com.mendhak.gpslogger.loggers.customurl.CustomUrlWorker } ]
02-14 20:24:49.283 E/QC2Interface(  879): Failed to query parameters
02-14 20:24:49.283 W/Codec2Client( 9828): query -- param skipped: index = 1107298332.
02-14 20:24:49.283 D/CCodec  ( 9828): client requested max input size 777600, which is smaller than what component recommended (3919872); overriding with component recommendation.
02-14 20:24:49.283 W/CCodec  ( 9828): This behavior is subject to change. It is recommended that app developers double check whether the requested max input size is in reasonable range.
02-14 20:24:49.283 D/CCodec  ( 9828): encoding statistics level = 0
02-14 20:24:49.283 D/CCodec  ( 9828): setup formats input: AMessage(what = 0x00000000) = {
02-14 20:24:49.283 D/CCodec  ( 9828):   int32_t feature-secure-playback = 0
02-14 20:24:49.283 D/CCodec  ( 9828):   int32_t frame-rate = 25
02-14 20:24:49.283 D/CCodec  ( 9828):   int32_t height = 1080
02-14 20:24:49.283 D/CCodec  ( 9828):   int32_t max-input-size = 3919872
02-14 20:24:49.283 D/CCodec  ( 9828):   string mime = "video/x-vnd.on2.vp9"
02-14 20:24:49.283 D/CCodec  ( 9828):   int32_t priority = 0
02-14 20:24:49.283 D/CCodec  ( 9828):   int32_t profile = 1
02-14 20:24:49.283 D/CCodec  ( 9828):   int32_t width = 1920
02-14 20:24:49.283 D/CCodec  ( 9828):   Rect crop(0, 0, 1919, 1079)
02-14 20:24:49.283 D/CCodec  ( 9828): }
02-14 20:24:49.283 D/CCodec  ( 9828): setup formats output: AMessage(what = 0x00000000) = {
02-14 20:24:49.283 D/CCodec  ( 9828):   int32_t android._color-format = 0
02-14 20:24:49.283 D/CCodec  ( 9828):   int32_t android._video-scaling = 1
02-14 20:24:49.283 D/CCodec  ( 9828):   int32_t android._dataspace = 260
02-14 20:24:49.283 D/CCodec  ( 9828):   int32_t color-standard = 130817
02-14 20:24:49.283 D/CCodec  ( 9828):   int32_t color-range = 2
02-14 20:24:49.283 D/CCodec  ( 9828):   int32_t color-transfer = 65791
02-14 20:24:49.283 D/CCodec  ( 9828):   int32_t sar-height = 1
02-14 20:24:49.283 D/CCodec  ( 9828):   int32_t rotation-degrees = 0
02-14 20:24:49.283 D/CCodec  ( 9828):   Buffer hdr-static-info = {
02-14 20:24:49.283 D/CCodec  ( 9828):     00000000:  00 00 00 00 00 00 00 00  00 00 00 00 00 00 00 00  ................
02-14 20:24:49.283 D/CCodec  ( 9828):     00000010:  00 00 00 00 00 00 00 00  00                       .........
02-14 20:24:49.283 D/CCodec  ( 9828):   }
02-14 20:24:49.283 D/CCodec  ( 9828):   int32_t sar-width = 1
02-14 20:24:49.283 D/CCodec  ( 9828):   Rect crop(0, 0, 1919, 1079)
02-14 20:24:49.283 D/CCodec  ( 9828):   int32_t width = 1920
02-14 20:24:49.283 D/CCodec  ( 9828):   int32_t feature-secure-playback = 0
02-14 20:24:49.283 D/CCodec  ( 9828):   int32_t frame-rate = 25
02-14 20:24:49.283 D/CCodec  ( 9828):   Buffer hdr10-plus-info = {
02-14 20:24:49.283 D/CCodec  ( 9828):   }
02-14 20:24:49.283 D/CCodec  ( 9828):   int32_t height = 1080
02-14 20:24:49.283 D/CCodec  ( 9828):   int32_t max-height = 1080
02-14 20:24:49.283 D/CCodec  ( 9828):   int32_t max-width = 1920
02-14 20:24:49.283 D/CCodec  ( 9828):   string mime = "video/raw"
02-14 20:24:49.283 D/CCodec  ( 9828):   int32_t priority = 0
02-14 20:24:49.283 D/CCodec  ( 9828):   int32_t color-format = 2130708361
02-14 20:24:49.283 D/CCodec  ( 9828): }
02-14 20:24:49.283 E/QC2Interface(  879): Failed to query parameters
02-14 20:24:49.283 I/CCodecConfig( 9828): query failed after returning 19 values (BAD_INDEX)
02-14 20:24:49.284 E/QC2Interface(  879): Failed to query parameters
02-14 20:24:49.284 E/libretube.debug( 9828): Failed to query component interface for required system resources: 6
02-14 20:24:49.284 D/MediaCodec( 9828): keep callback message for reclaim
02-14 20:24:49.284 D/WM-Processor( 3596): Processor 2c749cbc-1088-4394-b813-e45485e8c8e4 executed; reschedule = false
02-14 20:24:49.284 D/WM-GreedyScheduler( 3596): Stopping tracking for WorkGenerationalId(workSpecId=2c749cbc-1088-4394-b813-e45485e8c8e4, generation=0)
02-14 20:24:49.284 I/QC2Registry(  879): Build pipelined codec for session
02-14 20:24:49.284 I/QC2Registry(  879): Getting stages for pipelined codec
02-14 20:24:49.284 I/QC2V4l2Codec(  879): [vp9D_79] output buffer allocation timeout threshold set to 0ms
02-14 20:24:49.284 I/QC2Registry(  879): Pipelining not enabled
02-14 20:24:49.284 I/QC2Registry(  879): Doesn't support pipelining. Create standalone codec
02-14 20:24:49.284 D/WM-SystemJobService( 3596): 2c749cbc-1088-4394-b813-e45485e8c8e4 executed on JobScheduler
02-14 20:24:49.285 I/QC2V4l2Driver(  879): [vp9D_79] Device /dev/video32 opened with fd: 7
02-14 20:24:49.287 W/QC2V4l2Codec(  879): [vp9D_79] unknown/unsupported param default.color index = 0x5200180B
02-14 20:24:49.287 W/QC2V4l2Codec(  879): [vp9D_79] unknown/unsupported param raw.max-size index = 0x52002003
02-14 20:24:49.287 W/QC2V4l2Codec(  879): [vp9D_79] unknown/unsupported param input.buffers.max-size index = 0xC200081E
02-14 20:24:49.287 E/QC2V4l2Codec(  879): [vp9D_79]  ? is not a supported pixel format!
02-14 20:24:49.287 I/QC2Buf  (  879): use shared ref tracker
02-14 20:24:49.287 I/QC2Buf  (  879): Reconfig: clearing from 0 bufs. Peak mem=0 MB
02-14 20:24:49.287 I/QC2Buf  (  879): Reconfig: clearing from 0 bufs. Peak mem=0 MB
02-14 20:24:49.288 D/WM-GreedyScheduler( 3596): Cancelling work ID 2c749cbc-1088-4394-b813-e45485e8c8e4
02-14 20:24:49.290 E/QC2Interface(  879): Failed to query parameters
02-14 20:24:49.290 W/Codec2Client( 9828): query -- param skipped: index = 1342179345.
02-14 20:24:49.290 W/Codec2Client( 9828): query -- param skipped: index = 2415921170.
02-14 20:24:49.290 W/Codec2Client( 9828): query -- param skipped: index = 1610614798.
02-14 20:24:49.290 E/QC2Interface(  879): Failed to query parameters
02-14 20:24:49.290 D/CCodecBufferChannel( 9828): [c2.qti.vp9.decoder#672] Query input allocators returned 0 params => BAD_INDEX (6)
02-14 20:24:49.290 D/CCodecBufferChannel( 9828): [c2.qti.vp9.decoder#672] Created input block pool with allocatorID 16 => poolID 18 - OK (0)
02-14 20:24:49.290 E/QC2Interface(  879): Failed to query parameters
02-14 20:24:49.290 D/CCodecBufferChannel( 9828): [c2.qti.vp9.decoder#672] Query output allocators returned 0 params => BAD_INDEX (6)
02-14 20:24:49.291 E/QC2Interface(  879): Failed to query parameters
02-14 20:24:49.291 D/CCodecBufferChannel( 9828): [c2.qti.vp9.decoder#672] Query output surface allocator returned 0 params => BAD_INDEX (6)
02-14 20:24:49.291 I/CCodecBufferChannel( 9828): [c2.qti.vp9.decoder#672] Created output block pool with allocatorID 18 => poolID 67 - OK
02-14 20:24:49.291 D/CCodecBufferChannel( 9828): [c2.qti.vp9.decoder#672] Configured output block pool ids 67 => OK
02-14 20:24:49.291 D/Codec2-OutputBufferQueue( 9828): remote graphic buffer migration 0/0
02-14 20:24:49.291 E/QC2Interface(  879): Few parameters failed to configure
02-14 20:24:49.291 D/Codec2Client( 9828): setOutputSurface -- failed to set consumer usage (6/BAD_INDEX)
02-14 20:24:49.291 D/Codec2Client( 9828): setOutputSurface -- generation=10063873 consumer usage=0x900
02-14 20:24:49.292 D/C2BqBuffer(  879): local generation change 10063873 , bqId: 42210938585089 migrated buffers # 0
02-14 20:24:49.292 D/Codec2Client( 9828): Surface configure completed
02-14 20:24:49.296 D/WM-NetworkStateTracker( 3596): Unregistering network callback
02-14 20:24:49.297 E/QC2Interface(  879): Failed to query parameters
02-14 20:24:49.297 W/ResourceManagerServiceUtils( 1317): Ignoring request to add new resource entry with value <= 0
02-14 20:24:49.305 I/QC2Buf  (  879): use shared ref tracker
02-14 20:24:49.305 I/QC2Buf  (  879): Reconfig: clearing from 0 bufs. Peak mem=0 MB
02-14 20:24:49.305 I/QC2Buf  (  879): Reconfig: clearing from 0 bufs. Peak mem=0 MB
02-14 20:24:49.306 D/CCodecConfig( 9828): c2 config diff is   c2::u32 output.delay.value = 13
02-14 20:24:49.307 D/Codec2-OutputBufferQueue( 9828): set max dequeue count 20 from update
02-14 20:24:49.309 D/CCodecBufferChannel( 9828): [c2.qti.vp9.decoder#672] Ignoring stale input buffer done callback: last flush index = 0, frameIndex = 0
02-14 20:24:49.313 E/QC2Interface(  879): Failed to query parameters
02-14 20:24:49.314 D/CCodecConfig( 9828): c2 config diff is   c2::u32 raw.color.matrix = 1
02-14 20:24:49.314 D/CCodecConfig( 9828):   c2::u32 raw.color.primaries = 1
02-14 20:24:49.314 D/CCodecConfig( 9828):   c2::u32 raw.color.range = 2
02-14 20:24:49.314 D/CCodecConfig( 9828):   c2::u32 raw.color.transfer = 3
02-14 20:24:49.314 D/CCodecConfig( 9828):   c2::u32 raw.crop.height = 1080
02-14 20:24:49.314 D/CCodecConfig( 9828):   c2::u32 raw.crop.left = 0
02-14 20:24:49.314 D/CCodecConfig( 9828):   c2::u32 raw.crop.top = 0
02-14 20:24:49.314 D/CCodecConfig( 9828):   c2::u32 raw.crop.width = 1920
02-14 20:24:49.315 D/CCodecBuffers( 9828): [c2.qti.vp9.decoder#672:2D-Output] popFromStashAndRegister: at 1001299480000us, output format changed to AMessage(what = 0x00000000) = {
02-14 20:24:49.315 D/CCodecBuffers( 9828):   int32_t android._color-format = 0
02-14 20:24:49.315 D/CCodecBuffers( 9828):   int32_t android._video-scaling = 1
02-14 20:24:49.315 D/CCodecBuffers( 9828):   int32_t android._dataspace = 260
02-14 20:24:49.315 D/CCodecBuffers( 9828):   int32_t color-standard = 1
02-14 20:24:49.315 D/CCodecBuffers( 9828):   int32_t color-range = 2
02-14 20:24:49.315 D/CCodecBuffers( 9828):   int32_t color-transfer = 3
02-14 20:24:49.315 D/CCodecBuffers( 9828):   int32_t sar-height = 1
02-14 20:24:49.315 D/CCodecBuffers( 9828):   int32_t rotation-degrees = 0
02-14 20:24:49.315 D/CCodecBuffers( 9828):   Buffer hdr-static-info = {
02-14 20:24:49.315 D/CCodecBuffers( 9828):     00000000:  00 00 00 00 00 00 00 00  00 00 00 00 00 00 00 00  ................
02-14 20:24:49.315 D/CCodecBuffers( 9828):     00000010:  00 00 00 00 00 00 00 00  00                       .........
02-14 20:24:49.315 D/CCodecBuffers( 9828):   }
02-14 20:24:49.315 D/CCodecBuffers( 9828):   int32_t sar-width = 1
02-14 20:24:49.315 D/CCodecBuffers( 9828):   Rect crop(0, 0, 1919, 1079)
02-14 20:24:49.315 D/CCodecBuffers( 9828):   int32_t width = 1920
02-14 20:24:49.315 D/CCodecBuffers( 9828):   int32_t feature-secure-playback = 0
02-14 20:24:49.315 D/CCodecBuffers( 9828):   int32_t frame-rate = 25
02-14 20:24:49.315 D/CCodecBuffers( 9828):   Buffer hdr10-plus-info = {
02-14 20:24:49.315 D/CCodecBuffers( 9828):   }
02-14 20:24:49.315 D/CCodecBuffers( 9828):   int32_t height = 1080
02-14 20:24:49.315 D/CCodecBuffers( 9828):   int32_t max-height = 1080
02-14 20:24:49.315 D/CCodecBuffers( 9828):   int32_t max-width = 1920
02-14 20:24:49.315 D/CCodecBuffers( 9828):   string mime = "video/raw"
02-14 20:24:49.315 D/CCodecBuffers( 9828):   int32_t priority = 0
02-14 20:24:49.315 D/CCodecBuffers( 9828):   int32_t color-format = 2130708361
02-14 20:24:49.315 D/CCodecBuffers( 9828): }
02-14 20:24:49.317 E/QC2Interface(  879): Failed to query parameters
02-14 20:24:49.340 I/NotificationListener( 2665): received notification removed event - com.github.libretube.debug#UserHandle{0},category=-1
02-14 20:24:49.344 I/AiAiEcho( 3977): SmartspaceNotificationPredictor no parser can handle this notification or notification is invalid
02-14 20:24:49.349 D/LocalImageResolver( 4361): Couldn't use ImageDecoder for drawable, falling back to non-resized load.
02-14 20:24:49.351 E/rks.dynamicspot( 4361): No package ID ff found for resource ID 0xffffffff.
02-14 20:24:49.438 D/NativePermissionController(  911): checkPermission: missing 1 for 10759
02-14 20:24:49.438 D/NativePermissionController(  911): checkPermission: missing 3 for 10759
02-14 20:24:49.438 D/NativePermissionController(  911): checkPermission: missing 5 for 10759
02-14 20:24:49.439 D/AudioFlinger(  911): Client defaulted notificationFrames to 6000 for frameCount 12000
02-14 20:24:49.439 I/AF::PthrPatchRecord(  911): creating track with enforcement level 0
02-14 20:24:49.444 I/libretube.debug( 9828): hiddenapi: Accessing hidden method Landroid/media/AudioTrack;->getLatency()I (runtime_flags=0, domain=platform, api=unsupported) from Landroidx/media3/exoplayer/audio/AudioTrackPositionTracker; (domain=app) using reflection: allowed
02-14 20:24:49.700 D/DlbDlbEffect(  836): handle_EFFECT_CMD_DISABLE()
02-14 20:24:49.700 D/DlbDlbCrossfadeProcess(  836): setEnabled transitioning from PREROLL_ACTIVE state to PROCESS_BYPASSED
02-14 20:24:49.703 D/DlbDlbEffect(  836): handle_EFFECT_CMD_SET_CONFIG()
02-14 20:24:49.703 D/DlbDlbEffect(  836): handle_EFFECT_CMD_SET_CONFIG()
02-14 20:24:49.703 D/DlbDlbEffect(  836): handle_EFFECT_CMD_SET_DEVICE(device=0x00000002)
02-14 20:24:49.703 D/DlbDapCrossfadeProcess(  836): deviceChanged()
02-14 20:24:49.703 D/DlbDapEndpointParamCache(  836): setDevice(device=0x00000002)
02-14 20:24:49.703 D/DlbDapEndpointParamCache(  836): setDevice() Applying parameters for new device 0x00000002
02-14 20:24:49.703 D/DlbDap2Process(  836): setParam(dea = #1[4])
02-14 20:24:49.703 D/DlbDap2Process(  836): setParam(iea = #1[6])
02-14 20:24:49.703 D/DlbDap2Process(  836): setParam(dsa = #1[10])
02-14 20:24:49.703 D/DlbDap2Process(  836): setParam(beb = #1[0])
02-14 20:24:49.703 D/DlbDap2Process(  836): setParam(plb = #1[0])
02-14 20:24:49.703 D/DlbDap2Process(  836): setParam(vmb = #1[80])
02-14 20:24:49.703 D/DlbDap2Process(  836): setParam(dsb = #1[0])
02-14 20:24:49.703 D/DlbDap2Process(  836): setParam(ded = #1[0])
02-14 20:24:49.703 D/DlbDap2Process(  836): setParam(vbm = #1[0])
02-14 20:24:49.703 D/DlbDap2Process(  836): Got DAP mix matrix (length=2) for processing mode 0
02-14 20:24:49.704 D/DlbDap2Process(  836): Got DAP mix matrix (length=4) for processing mode 1
02-14 20:24:49.704 D/DlbDap2Process(  836): Got DAP mix matrix (length=12) for processing mode 10
02-14 20:24:49.704 D/DlbDap2Process(  836): Got DAP mix matrix (length=16) for processing mode 11
02-14 20:24:49.704 D/DlbDap2Process(  836): Got DAP mix matrix (length=16) for processing mode 6
02-14 20:24:49.704 D/DlbDap2Process(  836): setParam(dom = #63[1, 0, 1, 0, 2, 16384, 16384, 1, 4, 16384, 0, 0, 16384, 10, 12, 16384, 0, 0, 16384, 11583, 11583, 8192, 8192, 16384, 0, 0, 16384, 11, 16, 16384, 0, 0, 16384, 11583, 11583, 8192, 8192, 16384, 0, 0, 16384, 16384, 0, 0, 16384, 6, 16, 16384, 0, 0, 16384, 11583, 11583, 8192, 8192, 16384, 0, 0, 16384, 16384, 0, 0, 16384])
02-14 20:24:49.704 D/DlbDap2Process(  836): setParam(svm = #1[2])
02-14 20:24:49.704 D/DlbDap2Process(  836): setParam(bew = #1[16])
02-14 20:24:49.704 D/DlbDap2Process(  836): setParam(hpaa = #1[900])
02-14 20:24:49.704 D/DlbDap2Process(  836): setParam(dvla = #1[2])
02-14 20:24:49.704 D/DlbDap2Process(  836): setParam(dfsa = #1[10])
02-14 20:24:49.704 D/DlbDap2Process(  836): setParam(dhsa = #1[10])
02-14 20:24:49.704 D/DlbDap2Process(  836): setParam(arsa = #5[2, 64, 64, 96, 96])
02-14 20:24:49.704 D/DlbDap2Process(  836): setParam(vbhb = #6[0, 0, 0, 0, 0, 0])
02-14 20:24:49.704 D/DlbDap2Process(  836): setParam(avsb = #1[3])
02-14 20:24:49.704 D/DlbDap2Process(  836): setParam(svsb = #1[0])
02-14 20:24:49.704 D/DlbDap2Process(  836): setParam(dvlc = #1[0])
02-14 20:24:49.704 D/DlbDap2Process(  836): setParam(dvmc = #1[0])
02-14 20:24:49.704 D/DlbDap2Process(  836): setParam(svrc = #8[35, 32568, 11164, 5090, 0, 3, 3, 3])
02-14 20:24:49.704 D/DlbDap2Process(  836): setParam(arod = #1[0])
02-14 20:24:49.704 D/DlbDap2Process(  836): setParam(vssd = #1[4])
02-14 20:24:49.704 D/DlbDap2Process(  836): setParam(mvbe = #1[0])
02-14 20:24:49.704 D/DlbDap2Process(  836): setParam(bmde = #1[0])
02-14 20:24:49.704 D/DlbDap2Process(  836): setParam(arde = #1[1])
02-14 20:24:49.704 D/DlbDap2Process(  836): setParam(mdee = #1[0])
02-14 20:24:49.704 D/DlbDap2Process(  836): setParam(dvle = #1[1])
02-14 20:24:49.704 D/DlbDap2Process(  836): setParam(rsse = #1[0])
02-14 20:24:49.704 D/DlbDap2Process(  836): setParam(becf = #1[250])
02-14 20:24:49.705 D/DlbDap2Process(  836): setParam(vbmf = #2[94, 469])
02-14 20:24:49.705 D/DlbDap2Process(  836): setParam(vbsf = #2[35, 160])
02-14 20:24:49.705 D/DlbDap2Process(  836): setParam(vbbg = #1[10])
02-14 20:24:49.705 D/DlbDap2Process(  836): setParam(vbhg = #3[-32, -144, -192])
02-14 20:24:49.705 D/DlbDap2Process(  836): setParam(vbog = #1[0])
02-14 20:24:49.705 D/DlbDap2Process(  836): setParam(vbrg = #1[0])
02-14 20:24:49.705 D/DlbDap2Process(  836): setParam(vbsg = #1[0])
02-14 20:24:49.705 D/DlbDap2Process(  836): setParam(dvli = #1[-256])
02-14 20:24:49.705 D/DlbDap2Process(  836): setParam(dhfm = #1[1])
02-14 20:24:49.705 D/DlbDap2Process(  836): setParam(vbhm = #4[-2080, 48, 48, 48])
02-14 20:24:49.705 D/DlbDap2Process(  836): setParam(beon = #1[0])
02-14 20:24:49.705 D/DlbDap2Process(  836): setParam(ceon = #1[1])
02-14 20:24:49.705 D/DlbDap2Process(  836): setParam(deon = #1[0])
02-14 20:24:49.705 D/DlbDap2Process(  836): setParam(geon = #1[1])
02-14 20:24:49.705 D/DlbDap2Process(  836): setParam(ieon = #1[0])
02-14 20:24:49.705 I/okhttp.OkHttpClient( 9828): <-- 200 https://sponsor.ajay.app/api/skipSegments/c7b0?category=sponsor&category=intro&category=selfpromo&category=interaction&category=outro&category=filler&category=music_offtopic&category=preview&category=exclusive_access&category=hook&category=poi_highlight&actionType=skip&actionType=mute&actionType=full&actionType=poi&actionType=chapter (791ms, unknown-length body)
02-14 20:24:49.705 D/DlbDap2Process(  836): setParam(ngon = #1[1])
02-14 20:24:49.705 D/DlbDap2Process(  836): setParam(aoon = #1[1])
02-14 20:24:49.705 D/DlbDap2Process(  836): setParam(hpon = #1[0])
02-14 20:24:49.705 D/DlbDap2Process(  836): setParam(aron = #1[1])
02-14 20:24:49.705 D/DlbDap2Process(  836): setParam(dvlo = #1[-256])
02-14 20:24:49.705 D/DlbDap2Process(  836): setParam(dplp = #1[256])
02-14 20:24:49.705 D/DlbDap2Process(  836): setParam(artp = #1[12])
02-14 20:24:49.705 D/DlbDap2Process(  836): setParam(hpar = #1[1600])
02-14 20:24:49.705 D/DlbDap2Process(  836): setParam(iebs = #41[20, 47, 141, 234, 328, 469, 656, 844, 1031, 1313, 1688, 2250, 3000, 3750, 4688, 5813, 7125, 9000, 11250, 13875, 19688, 157, 167, 218, 218, 203, 188, 192, 192, 205, 213, 218, 209, 193, 159, 134, 97, 71, 22, -90, -283])
02-14 20:24:49.706 D/DlbDap2Process(  836): setParam(aobs = #62[20, 2, 47, 141, 234, 328, 469, 656, 844, 1031, 1313, 1688, 2250, 3000, 3750, 4688, 5813, 7125, 9000, 11250, 13875, 19688, 144, 160, 160, 160, 120, 88, 99, 88, 92, 91, 80, 92, 101, 101, 104, 84, 89, 90, 80, 80, 144, 192, 144, 128, 112, 115, 104, 104, 88, 80, 76, 90, 84, 106, 83, 100, 96, 92, 96, 96])
02-14 20:24:49.706 D/DlbDap2Process(  836): setParam(arbs = #81[20, 47, 141, 234, 328, 469, 656, 844, 1031, 1313, 1688, 2250, 3000, 3750, 4688, 5813, 7125, 9000, 11250, 13875, 19688, -240, -352, -288, -272, -336, -336, -336, -240, -192, -192, -192, -192, -192, -192, -192, -192, -192, -192, -192, -192, -48, -160, -96, -80, -144, -144, -144, -48, 0, 0, 0, 0, 0, 0, 0, 0, 0, 0, 0, 0, 1, 1, 1, 1, 1, 1, 1, 1, 0, 0, 0, 0, 0, 0, 0, 0, 0, 0, 0, 0])
02-14 20:24:49.706 D/DlbDap2Process(  836): setParam(ards = #1[8])
02-14 20:24:49.706 D/DlbDap2Process(  836): setParam(hpat = #1[-256])
02-14 20:24:49.706 D/DlbDap2Process(  836): setParam(vbct = #7[0, 0, -320, 96, 32, 50, 50])
02-14 20:24:49.706 D/DlbDlbBufferAdapter(  836): Effect dumpParams(ceqt = #312[2, 155, 0, 12209, 0, 11945, -2527, 11769, -3250, 11769, -3250, 11915, 2130, 11870, -276, 11655, -4668, 13074, 914, 12443, -434, 11579, -2250, 13728, -959, 12171, -973, 12198, -526, 12198, -526, 13743, -720, 12912, -282, 12599, -3612, 11700, -4258, 13553, -2389, 13686, -1438, 12278, 247, 12130, 454, 13074, -914, 11079, -1164, 12262, -2162, 12504, -1174, 11708, -1437, 11445, -2853, 11606, -4038, 12236, -4697, 11969, -3432, 11445, -2853, 10709, -3070, 11773, -4053, 13711, -4455, 13926, -3731, 11842, -3847, 10746, -6567, 9779,
02-14 20:24:49.706 D/DlbDlbBufferAdapter(  836):   ceqt continue:     -6596, 10244, -5719, 9085, -4492, 9285, -4019, 10137, -4220, 11443, -6122, 11325, -9220, 10152, -11743, 4129, -5513, 4753, -6188, 5569, -7243, 6595, -9002, 7945, -11253, 9974, -13267, 13704, -14272, 19836, -1800, 15047, 17310, 6189, 21090, -4189, 17986, -5064, 14249, -4317, 11547, -3573, 9382, -3097, 7983, -2826, 7244, -2668, 6944, -2566, 6895, -2461, 7073, -2356, 7382, -2366, 7690, -2536, 7972, -2769, 8259, -3003, 8606, -3326, 9084, -3895, 9842, -4758, 11058, -2112, 15607, 10707, 16488, 22678, 6502, 26213, 0, 0, 12209, 0,
02-14 20:24:49.706 D/DlbDlbBufferAdapter(  836):   ceqt continue:     11945, 2527, 11768, 3252, 11768, 3252, 12126, -2157, 13104, 228, 11212, 4465, 11767, -822, 13753, 480, 12105, 2374, 13074, 914, 12171, 973, 12198, 526, 12198, 526, 12054, 868, 12449, 217, 11815, 3659, 11773, 4053, 12907, 2275, 13686, 1438, 13762, 0, 12449, -217, 12485, 938, 11761, 1857, 11650, 1845, 13056, 1142, 12945, 2050, 12299, 3279, 11361, 3953, 11018, 4460, 11969, 3432, 12033, 3203, 11969, 3432, 11153, 3840, 12465, 4050, 13858, 3973, 13711, 4455, 11350, 6553, 9722, 6801, 9258, 4922, 9295, 4596,
02-14 20:24:49.706 D/DlbDlbBufferAdapter(  836):   ceqt continue:     9806, 4245, 10212, 4252, 10728, 5740, 10551, 8590, 10676, 12349, 3768, 5031, 4792, 6238, 5513, 7170, 6335, 8647, 7564, 10713, 9648, 12834, 13816, 14388, 24422, 2203, 14512, -16788, 6812, -23219, -5121, -21985, -6151, -17305, -5084, -13598, -4095, -10751, -3469, -8943, -3089, -7918, -2850, -7416, -2686, -7217, -2544, -7313, -2465, -7722, -2553, -8296, -2820, -8864, -3158, -9420, -3520, -10086, -4029, -11004, -4862, -12286, -6034, -14021, -2234, -16504, 8269, -13023, 12662, -3853, 12299, 0,])
02-14 20:24:49.706 D/DlbDap2Process(  836): setParam(hptw = #1[6])
02-14 20:24:49.706 D/DlbDap2Process(  836): setParam(vbmx = #2[100, 1500])
02-14 20:24:49.707 D/DlbDapEndpointParamCache(  836): doCommit() Committed 65 parameters out of 65.
02-14 20:24:49.707 D/DMSService(  871): setActiveDevice called with device = 0x2 (original 0x2)
02-14 20:24:49.708 D/DlbEffectDap(  836): setAudioMode(mode = 0)
02-14 20:24:49.708 D/DlbDlbEffect(  836): handle_EFFECT_CMD_SET_CONFIG()
02-14 20:24:49.709 D/DlbDlbEffect(  836): handle_EFFECT_CMD_ENABLE()
02-14 20:24:49.709 D/DlbDlbCrossfadeProcess(  836): setEnabled transitioning from PROCESS_BYPASSED state to PREROLL_ACTIVE
02-14 20:24:49.709 D/AudioFlinger(  911): moveEffectChain_ll: successful move of session 0 from srcThread 0xb4000079f95d5ff0 to dstThread 0xb4000079f8b1eff0 (2 effects moved, 1 effects started)
02-14 20:24:49.722 D/MediaRouter( 9828): onRestoreRoute() : route=RouteInfo{ name=Telefon, description=null, status=null, category=RouteCategory{ name=System types=ROUTE_TYPE_LIVE_AUDIO ROUTE_TYPE_LIVE_VIDEO  groupable=false }, supportedTypes=ROUTE_TYPE_LIVE_AUDIO ROUTE_TYPE_LIVE_VIDEO , presentationDisplay=null }
02-14 20:24:49.722 V/MediaRouter( 9828): Selecting route: RouteInfo{ name=Telefon, description=null, status=null, category=RouteCategory{ name=System types=ROUTE_TYPE_LIVE_AUDIO ROUTE_TYPE_LIVE_VIDEO  groupable=false }, supportedTypes=ROUTE_TYPE_LIVE_AUDIO ROUTE_TYPE_LIVE_VIDEO , presentationDisplay=null }
02-14 20:24:49.741 W/MediaDataLoader( 2273): Invalid album art uri https://i.ytimg.com/vi_webp/uIwj95733_E/maxresdefault.webp
02-14 20:24:49.741 W/MediaDataLoader( 2273): Invalid album art uri https://i.ytimg.com/vi_webp/uIwj95733_E/maxresdefault.webp
02-14 20:24:49.741 W/MediaDataLoader( 2273): Invalid album art uri https://i.ytimg.com/vi_webp/uIwj95733_E/maxresdefault.webp
02-14 20:24:49.743 E/WifiHAL (  851): wifi_get_cached_scan_results: Wifi Cached Scan Result not supported by driver
02-14 20:24:49.743 E/WifiStaIfaceAidlImpl( 1738): getCachedScanData failed with service-specific exception: android.os.ServiceSpecificException:  (code 4)
02-14 20:24:49.747 D/MediaResumeListener( 2273): Checking for service component for com.github.libretube.debug
02-14 20:24:49.764 D/DlbDlbEffect(  836): handle_EFFECT_CMD_SET_DEVICE(device=0x00000002)
02-14 20:24:49.764 D/DlbDapEndpointParamCache(  836): setDevice(device=0x00000002)
02-14 20:24:49.764 D/DMSService(  871): setActiveDevice called with device = 0x2 (original 0x2)
02-14 20:24:49.765 D/audio_hw_primary(  836): adev_create_audio_patch: enter: num sources 1, num_sinks 1, handle 3
02-14 20:24:49.765 D/audio_hw_primary(  836): adev_create_audio_patch: Playback patch from mix handle 29 to device 2
02-14 20:24:49.765 D/audio_hw_primary(  836): update_patch: enter
