02-14 20:25:09.088 E/LocSvc_APIClientBase(  845): onResponseCb:925] ERROR: 5 ID: 668
02-14 20:25:09.089 E/LocSvc_ApiV02(  845): reportSystemInfo:4431] system info type: 1, leap second valid: 1 current gps time:valid:1, week: 2405, msec: 588328047,current leap second:valid 1, seconds 18, next gps time: valid 0, week: 0, msec: 0,next leap second: valid 0, seconds 0
02-14 20:25:09.094 D/GpsLoggingService( 3596): onLocationChanged:957 - Has description? false, Single point? false, Last timestamp: 1771097079062, Current timestamp: 1771097109094
02-14 20:25:09.094 W/GpsLoggingService( 3596): onLocationChanged:1031 - Only accuracy of 100.0 m. Point discarded.Niedokadny punkt odrzucony
02-14 20:25:09.095 D/GpsLoggingService( 3596): onLocationChanged:957 - Has description? false, Single point? false, Last timestamp: 1771097079062, Current timestamp: 1771097109095
02-14 20:25:09.095 W/GpsLoggingService( 3596): onLocationChanged:1031 - Only accuracy of 100.0 m. Point discarded.Niedokadny punkt odrzucony
02-14 20:25:09.117 E/LocSvc_ApiV02(  845): reportLocEvent:3912] Loc event report: 0 KlobucharIonoMode_valid:0: leapSec_valid:1: tauC_valid:1 featureStatusReport_valid: 0 featureStatusReport: 0
02-14 20:25:09.117 E/LocSvc_ApiV02(  845): reportSystemInfo:4431] system info type: 1, leap second valid: 1 current gps time:valid:1, week: 2405, msec: 588328074,current leap second:valid 1, seconds 18, next gps time: valid 0, week: 0, msec: 0,next leap second: valid 0, seconds 0
02-14 20:25:09.117 E/LocSvc_ApiV02(  845): reportLocEvent:3912] Loc event report: 0 KlobucharIonoMode_valid:0: leapSec_valid:1: tauC_valid:1 featureStatusReport_valid: 0 featureStatusReport: 0
02-14 20:25:09.118 E/LocSvc_ApiV02(  845): reportLocEvent:3912] Loc event report: 0 KlobucharIonoMode_valid:0: leapSec_valid:1: tauC_valid:1 featureStatusReport_valid: 0 featureStatusReport: 0
02-14 20:25:09.118 E/LocSvc_ApiV02(  845): reportSystemInfo:4431] system info type: 1, leap second valid: 1 current gps time:valid:1, week: 2405, msec: 588328074,current leap second:valid 1, seconds 18, next gps time: valid 0, week: 0, msec: 0,next leap second: valid 0, seconds 0
02-14 20:25:09.118 E/LocSvc_ApiV02(  845): reportSystemInfo:4431] system info type: 1, leap second valid: 1 current gps time:valid:1, week: 2405, msec: 588328074,current leap second:valid 1, seconds 18, next gps time: valid 0, week: 0, msec: 0,next leap second: valid 0, seconds 0
02-14 20:25:09.234 D/BufferPoolAccessor2.0( 9828): bufferpool2 0xb4000072ab1556b8 : 5(28800 size) total buffers - 0(0 size) used buffers - 722/732 (recycle/alloc) - 10/1452 (fetch/transfer)
02-14 20:25:09.234 D/BufferPoolAccessor2.0( 9828): evictor expired: 1, evicted: 1
02-14 20:25:09.290 I/NotificationListener( 2665): received notification posted event - com.mendhak.gpslogger#UserHandle{0},category=-1
02-14 20:25:09.293 I/AiAiEcho( 3977): SmartspaceNotificationPredictor no parser can handle this notification or notification is invalid
02-14 20:25:09.453 W/C2BqBuffer(  879): last successful dequeue was 9008936 us ago, 110 consecutive failures
02-14 20:25:09.596 D/BufferPoolAccessor2.0( 1348): bufferpool2 0xb400007c154fdc18 : 3(276480 size) total buffers - 3(276480 size) used buffers - 718/723 (recycle/alloc) - 10/715 (fetch/transfer)
02-14 20:25:09.596 D/BufferPoolAccessor2.0( 1348): evictor expired: 1, evicted: 1
02-14 20:25:09.791 I/QC2Comp (  879): [vp9D_79] Stats: Pending(17) i/p-done(17) Works: Q: 284/Done 268|Work-Rate: Q(0.0/s Avg=13.8/s) Done(0.000/s Avg=13.062/s)| Stream: 25.00fps 1.6Mbps
02-14 20:25:09.791 I/QC2Comp (  879): Mem-usage:  [In-1D - 10 bufs 37.383 MB] [1D-0 - 13 bufs 0.203 MB] [2D-67 - 22 bufs 67.547 MB]
02-14 20:25:09.791 I/QC2Comp (  879): Total Mem-usage: 105.133 MB
02-14 20:25:10.062 W/AOSP-MdnsDiscoveryManag( 3999): Error while decoding multicast packet (2453): 1 [CONTEXT service_id=168 ]
02-14 20:25:10.063 W/AOSP-MdnsDiscoveryManag( 3999): Error while decoding multicast packet (2454): 1 [CONTEXT service_id=168 ]
02-14 20:25:10.123 D/WM-DelayedWorkTracker( 3596): Scheduling work a74b7694-ca08-4536-a1a5-8e67b9c9a2c9
02-14 20:25:10.123 D/WM-GreedyScheduler( 3596): Starting tracking for a74b7694-ca08-4536-a1a5-8e67b9c9a2c9
02-14 20:25:10.125 D/WM-ConstraintTracker( 3596): NetworkStateTracker24: initial state = NetworkState(isConnected=true, isValidated=true, isMetered=false, isNotRoaming=true)
02-14 20:25:10.125 D/WM-NetworkStateTracker( 3596): Registering network callback
02-14 20:25:10.125 D/ConnectivityService( 1738): requestNetwork for uid/pid:10747/3596 activeRequest: null callbackRequest: 8709 [NetworkRequest [ REQUEST id=8710, [ Capabilities: INTERNET&NOT_RESTRICTED&TRUSTED&NOT_VCN_MANAGED&NOT_BANDWIDTH_CONSTRAINED Uid: 10747 RequestorUid: 10747 RequestorPkg: com.mendhak.gpslogger UnderlyingNetworks: Null] ]] callback flags: 0 order: 2147483647 isUidTracked: false declaredMethods: AVAIL|LOST|NC
02-14 20:25:10.125 D/WM-GreedyScheduler( 3596): Constraints met: Scheduling work ID WorkGenerationalId(workSpecId=a74b7694-ca08-4536-a1a5-8e67b9c9a2c9, generation=0)
02-14 20:25:10.126 D/WM-Processor( 3596): Processor: processing WorkGenerationalId(workSpecId=a74b7694-ca08-4536-a1a5-8e67b9c9a2c9, generation=0)
02-14 20:25:10.127 D/WM-NetworkStateTracker( 3596): Network capabilities changed: [ Transports: WIFI Capabilities: NOT_METERED&INTERNET&NOT_RESTRICTED&TRUSTED&NOT_VPN&VALIDATED&NOT_ROAMING&FOREGROUND&NOT_CONGESTED&NOT_SUSPENDED&NOT_VCN_MANAGED&NOT_BANDWIDTH_CONSTRAINED LinkUpBandwidth>=263379Kbps LinkDnBandwidth>=70201Kbps TransportInfo: <SSID: <unknown ssid>, BSSID: 02:00:00:00:00:00, MAC: 02:00:00:00:00:00, IP: /10.0.0.216, Security type: 2, Supplicant state: COMPLETED, Wi-Fi standard: 11ac, RSSI: -45, Link speed: 866Mbps, Tx Link speed: 866Mbps, Max Supported Tx Link speed: 866Mbps, Rx Link speed: 866Mbps, Max Supported Rx Link speed: 866Mbps, Frequency: 5180MHz, Net ID: -1, Metered hint: false, score: 60, isUsable: true, CarrierMerged: false, SubscriptionId: -1, IsPrimary: -1, Trusted: true, Restricted: false, Ephemeral: false, OEM paid: false, OEM private: false, OSU AP: false, FQDN: <none>, Provider friendly name: <none>, Requesting package name: <none><none>MLO Information: , Is TID-To-Link negotiation supported by the AP: false, AP MLD Address: <none>, AP MLO Link Id: <none>, AP MLO Affiliated links: <none>, Vendor Data: <none>> SignalStrength: -45 UnderlyingNetworks: Null]
02-14 20:25:10.127 D/WM-WorkerWrapper( 3596): Starting work for com.mendhak.gpslogger.loggers.customurl.CustomUrlWorker
02-14 20:25:10.128 I/CustomUrlWorker( 3596): doWork:59 - HTTP Request - https://track.think.fox/api/v1/owntracks/points?api_key=19404e10451662533f1524a94f59a8ea
02-14 20:25:10.129 D/WifiNetworkFactory( 1738): got request NetworkRequest [ REQUEST id=8710, [ Capabilities: INTERNET&NOT_RESTRICTED&TRUSTED&NOT_VCN_MANAGED&NOT_BANDWIDTH_CONSTRAINED Uid: 10747 RequestorUid: 10747 RequestorPkg: com.mendhak.gpslogger UnderlyingNetworks: Null] ]
02-14 20:25:10.129 D/Networks( 3596): getKnownServersStore:65 - Getting local truststore - /storage/emulated/0/Android/data/com.mendhak.gpslogger/files/knownservers.bks
02-14 20:25:10.129 D/UntrustedWifiNetworkFactory( 1738): got request NetworkRequest [ REQUEST id=8710, [ Capabilities: INTERNET&NOT_RESTRICTED&TRUSTED&NOT_VCN_MANAGED&NOT_BANDWIDTH_CONSTRAINED Uid: 10747 RequestorUid: 10747 RequestorPkg: com.mendhak.gpslogger UnderlyingNetworks: Null] ]
02-14 20:25:10.129 D/OemPaidWifiNetworkFactory( 1738): got request NetworkRequest [ REQUEST id=8710, [ Capabilities: INTERNET&NOT_RESTRICTED&TRUSTED&NOT_VCN_MANAGED&NOT_BANDWIDTH_CONSTRAINED Uid: 10747 RequestorUid: 10747 RequestorPkg: com.mendhak.gpslogger UnderlyingNetworks: Null] ]
02-14 20:25:10.129 D/MultiInternetWifiNetworkFactory( 1738): got request NetworkRequest [ REQUEST id=8710, [ Capabilities: INTERNET&NOT_RESTRICTED&TRUSTED&NOT_VCN_MANAGED&NOT_BANDWIDTH_CONSTRAINED Uid: 10747 RequestorUid: 10747 RequestorPkg: com.mendhak.gpslogger UnderlyingNetworks: Null] ]
02-14 20:25:10.129 D/ConnectivityService( 1738): NetReassign [8710 : null  142] [c 1] [a 1] [i 2]
02-14 20:25:10.130 D/Networks( 3596): getKnownServersStore:65 - Getting local truststore - /storage/emulated/0/Android/data/com.mendhak.gpslogger/files/knownservers.bks
02-14 20:25:10.149 E/CustomUrlWorker( 3596): doWork:94 - Exception during Custom URL processing javax.net.ssl.SSLHandshakeException: Read error: ssl=0xb40000738b0dfed8: Failure in SSL library, usually a protocol error
02-14 20:25:10.149 E/CustomUrlWorker( 3596): error:10000458:SSL routines:OPENSSL_internal:TLSV1_ALERT_UNRECOGNIZED_NAME (external/boringssl/src/ssl/tls_record.cc:484 0xb4000073eb168dd0:0x00000003)
02-14 20:25:10.150 W/CustomUrlWorker( 3596): doWork:119 - Custom URL - attempt 1 of 3 failed, will retry
02-14 20:25:10.150 I/WM-WorkerWrapper( 3596): Worker result RETRY for Work [ id=a74b7694-ca08-4536-a1a5-8e67b9c9a2c9, tags={ com.mendhak.gpslogger.loggers.customurl.CustomUrlWorker } ]
02-14 20:25:10.151 D/WM-Processor( 3596): Processor a74b7694-ca08-4536-a1a5-8e67b9c9a2c9 executed; reschedule = true
02-14 20:25:10.151 D/WM-GreedyScheduler( 3596): Stopping tracking for WorkGenerationalId(workSpecId=a74b7694-ca08-4536-a1a5-8e67b9c9a2c9, generation=0)
02-14 20:25:10.156 D/WM-GreedyScheduler( 3596): Cancelling work ID a74b7694-ca08-4536-a1a5-8e67b9c9a2c9
02-14 20:25:10.159 D/WM-SystemJobScheduler( 3596): Scheduling work ID a74b7694-ca08-4536-a1a5-8e67b9c9a2c9Job ID 342903
02-14 20:25:10.164 D/WM-NetworkStateTracker( 3596): Unregistering network callback
02-14 20:25:10.558 D/ActivityManager( 1738): freezing 8515 com.android.cellbroadcastreceiver.module
02-14 20:25:10.561 D/InetDiagMessage( 1738): Destroyed 0 sockets, proto=IPPROTO_TCP, family=AF_INET, states=14
02-14 20:25:10.561 D/InetDiagMessage( 1738): Destroyed 0 sockets, proto=IPPROTO_TCP, family=AF_INET6, states=14
02-14 20:25:10.562 D/InetDiagMessage( 1738): Destroyed live tcp sockets for uids={10490} in 2ms
02-14 20:25:10.859 E/WifiHAL (  851): wifi_get_cached_scan_results: Wifi Cached Scan Result not supported by driver
02-14 20:25:10.859 E/WifiStaIfaceAidlImpl( 1738): getCachedScanData failed with service-specific exception: android.os.ServiceSpecificException:  (code 4)
02-14 20:25:11.047 D/GpsLoggingService( 3596): onSatelliteStatusChanged:730 - 0 satellites visible
02-14 20:25:11.048 D/GpsLoggingService( 3596): onSatelliteStatusChanged:734 - 0 satellites used in fix
02-14 20:25:11.048 D/GpsLoggingService( 3596): onSatelliteStatusChanged:730 - 0 satellites visible
02-14 20:25:11.048 D/GpsLoggingService( 3596): onSatelliteStatusChanged:734 - 0 satellites used in fix
02-14 20:25:11.121 D/DisplayModeController(  920): setDesiredMode 4630946480857061762 {mode={fps=60.00 Hz, modePtr={id=1, vsyncRate=60.00 Hz, peakRefreshRate=60.00 Hz}}, emitEvent=true, force=false}
02-14 20:25:11.124 I/SDM     (  838): HWDeviceDRM::UpdateMixerAttributes: Mixer WxH 1080x2400-0 for Peripheral
02-14 20:25:11.124 I/SDM     (  838): HWCDisplay::SubmitDisplayConfig: Active configuration changed to: 1
02-14 20:25:11.145 D/DisplayModeController(  920): setDesiredMode 4630946480857061762 {mode={fps=120.00 Hz, modePtr={id=0, vsyncRate=120.00 Hz, peakRefreshRate=120.00 Hz}}, emitEvent=true, force=false}
02-14 20:25:11.151 I/DisplayDeviceRepository( 1738): Display device changed render timings: "Wbudowany ekran", renderFrameRate=60.000004, presentationDeadlineNanos=16666666, appVsyncOffsetNanos=1000000, frameRateOverrides=[]
02-14 20:25:11.151 D/WindowManager( 1738): DeferredDisplayUpdater: partially applying DisplayInfo(1080 x 2400) immediately
02-14 20:25:11.152 D/audio_hw_primary(  836): adev_set_parameters: enter: screen_state=on
02-14 20:25:11.152 V/msm8974_platform(  836): platform_set_parameters: enter: screen_state=on
02-14 20:25:11.152 D/msm8974_platform(  836): platform_set_parameters: exit with code(0)
02-14 20:25:11.152 D/sound_trigger_hw(  836): handle_screen_status_change: screen on
02-14 20:25:11.152 D/audio_hw_primary(  836): adev_set_parameters: exit with code(0)
02-14 20:25:11.153 I/SDM     (  838): HWDeviceDRM::UpdateMixerAttributes: Mixer WxH 1080x2400-0 for Peripheral
02-14 20:25:11.153 I/SDM     (  838): HWCDisplay::SubmitDisplayConfig: Active configuration changed to: 0
02-14 20:25:11.167 I/DisplayDeviceRepository( 1738): Display device changed render timings: "Wbudowany ekran", renderFrameRate=120.00001, presentationDeadlineNanos=8333333, appVsyncOffsetNanos=2000000, frameRateOverrides=[]
02-14 20:25:11.168 D/WindowManager( 1738): DeferredDisplayUpdater: partially applying DisplayInfo(1080 x 2400) immediately
02-14 20:25:11.169 D/audio_hw_primary(  836): adev_set_parameters: enter: screen_state=on
02-14 20:25:11.169 V/msm8974_platform(  836): platform_set_parameters: enter: screen_state=on
02-14 20:25:11.169 D/msm8974_platform(  836): platform_set_parameters: exit with code(0)
02-14 20:25:11.169 D/sound_trigger_hw(  836): handle_screen_status_change: screen on
02-14 20:25:11.169 D/audio_hw_primary(  836): adev_set_parameters: exit with code(0)
02-14 20:25:12.046 D/GpsLoggingService( 3596): onSatelliteStatusChanged:730 - 0 satellites visible
02-14 20:25:12.047 D/GpsLoggingService( 3596): onSatelliteStatusChanged:734 - 0 satellites used in fix
02-14 20:25:12.047 D/GpsLoggingService( 3596): onSatelliteStatusChanged:730 - 0 satellites visible
02-14 20:25:12.047 D/GpsLoggingService( 3596): onSatelliteStatusChanged:734 - 0 satellites used in fix
02-14 20:25:12.164 D/GpsLoggingService( 3596): onSatelliteStatusChanged:730 - 53 satellites visible
02-14 20:25:12.164 D/GpsLoggingService( 3596): onSatelliteStatusChanged:734 - 0 satellites used in fix
02-14 20:25:12.165 D/GpsLoggingService( 3596): onSatelliteStatusChanged:730 - 53 satellites visible
02-14 20:25:12.165 D/GpsLoggingService( 3596): onSatelliteStatusChanged:734 - 0 satellites used in fix
02-14 20:25:13.350 D/LoungeSender( 9828): stale playback poll staleMs=13978
02-14 20:25:13.353 I/okhttp.OkHttpClient( 9828): --> POST https://www.youtube.com/api/lounge/bc/bind?device=REMOTE_CONTROL&app=android-remote&name=LibreTube%20%2822101320G%29&id=02edc995231a4a66a4789ee224cefc8c&gsessionid=xN1KT6EI7Vt-OY_ru4SNIidiRnwoKNc3&loungeIdToken=AGdO5p-cwZ3Ali1f7u5SsbZpiBbXn7qJdUP8NZ-pI42cPvvrfjjLs8OAf8BxhbcVCYK2mwz5jYdZXhNW3B_hDJIXxfFQuCyrsryoB_rpLuC0ApOrT0zeEts&VER=8&v=2&theme=cl&ui=1&capabilities=remote_queue&RID=1348&conn=longpoll&prop=yls&ctype=lb&t=1&cpn=xVrbm13zViI8PX6C&TYPE=xmlhttp&CI=0&CVER=1&SID=DA5FF96838576E2F
02-14 20:25:13.353 I/okhttp.OkHttpClient( 9828): Content-Type: application/x-www-form-urlencoded
02-14 20:25:13.354 I/okhttp.OkHttpClient( 9828): Content-Length: 29
02-14 20:25:13.354 I/okhttp.OkHttpClient( 9828): count=0&ofs=47&actions=%5B%5D
02-14 20:25:13.354 I/okhttp.OkHttpClient( 9828): --> END POST (29-byte body)
02-14 20:25:13.412 I/okhttp.OkHttpClient( 9828): <-- 200 https://www.youtube.com/api/lounge/bc/bind?device=REMOTE_CONTROL&app=android-remote&name=LibreTube%20%2822101320G%29&id=02edc995231a4a66a4789ee224cefc8c&gsessionid=xN1KT6EI7Vt-OY_ru4SNIidiRnwoKNc3&loungeIdToken=AGdO5p-cwZ3Ali1f7u5SsbZpiBbXn7qJdUP8NZ-pI42cPvvrfjjLs8OAf8BxhbcVCYK2mwz5jYdZXhNW3B_hDJIXxfFQuCyrsryoB_rpLuC0ApOrT0zeEts&VER=8&v=2&theme=cl&ui=1&capabilities=remote_queue&RID=1348&conn=longpoll&prop=yls&ctype=lb&t=1&cpn=xVrbm13zViI8PX6C&TYPE=xmlhttp&CI=0&CVER=1&SID=DA5FF96838576E2F (58ms)
02-14 20:25:13.413 I/okhttp.OkHttpClient( 9828): cache-control: no-cache, no-store, max-age=0, must-revalidate
02-14 20:25:13.413 I/okhttp.OkHttpClient( 9828): pragma: no-cache
02-14 20:25:13.413 I/okhttp.OkHttpClient( 9828): expires: Mon, 01 Jan 1990 00:00:00 GMT
02-14 20:25:13.413 I/okhttp.OkHttpClient( 9828): date: Sat, 14 Feb 2026 19:25:14 GMT
02-14 20:25:13.413 I/okhttp.OkHttpClient( 9828): content-type: text/plain; charset=utf-8
02-14 20:25:13.413 I/okhttp.OkHttpClient( 9828): x-content-type-options: nosniff
02-14 20:25:13.413 I/okhttp.OkHttpClient( 9828): x-xss-protection: 1; mode=block
02-14 20:25:13.413 I/okhttp.OkHttpClient( 9828): server: GSE
02-14 20:25:13.413 I/okhttp.OkHttpClient( 9828): alt-svc: h3=":443"; ma=2592000,h3-29=":443"; ma=2592000
02-14 20:25:13.414 I/okhttp.OkHttpClient( 9828): 10
02-14 20:25:13.414 I/okhttp.OkHttpClient( 9828): [1,21,890]
02-14 20:25:13.414 I/okhttp.OkHttpClient( 9828): <-- END HTTP (13-byte body)
02-14 20:25:13.415 D/LoungeSender( 9828): poll rid=1348 ofs=47 bodyLen=13 sid=DA5FF96838576E2F body=10
02-14 20:25:13.415 D/LoungeSender( 9828): [1,21,890]
02-14 20:25:13.415 D/LoungeSender( 9828): parseNowPlaying no status snippet=[1,21,890]
02-14 20:25:13.884 E/WifiHAL (  851): wifi_get_cached_scan_results: Wifi Cached Scan Result not supported by driver
02-14 20:25:13.885 E/WifiStaIfaceAidlImpl( 1738): getCachedScanData failed with service-specific exception: android.os.ServiceSpecificException:  (code 4)
02-14 20:25:14.048 D/GpsLoggingService( 3596): onSatelliteStatusChanged:730 - 53 satellites visible
02-14 20:25:14.049 D/GpsLoggingService( 3596): onSatelliteStatusChanged:734 - 0 satellites used in fix
02-14 20:25:14.049 D/GpsLoggingService( 3596): onSatelliteStatusChanged:730 - 53 satellites visible
02-14 20:25:14.049 D/GpsLoggingService( 3596): onSatelliteStatusChanged:734 - 0 satellites used in fix
02-14 20:25:14.515 W/C2BqBuffer(  879): last successful dequeue was 14071099 us ago, 166 consecutive failures
02-14 20:25:14.791 I/QC2Comp (  879): [vp9D_79] Stats: Pending(17) i/p-done(17) Works: Q: 284/Done 268|Work-Rate: Q(0.0/s Avg=11.1/s) Done(0.000/s Avg=10.502/s)| Stream: 25.00fps 1.6Mbps
02-14 20:25:14.791 I/QC2Comp (  879): Mem-usage:  [In-1D - 10 bufs 37.383 MB] [1D-0 - 13 bufs 0.203 MB] [2D-67 - 22 bufs 67.547 MB]
02-14 20:25:14.791 I/QC2Comp (  879): Total Mem-usage: 105.133 MB
02-14 20:25:15.047 D/GpsLoggingService( 3596): onSatelliteStatusChanged:730 - 53 satellites visible
02-14 20:25:15.047 D/GpsLoggingService( 3596): onSatelliteStatusChanged:734 - 0 satellites used in fix
02-14 20:25:15.047 D/GpsLoggingService( 3596): onSatelliteStatusChanged:730 - 53 satellites visible
02-14 20:25:15.048 D/GpsLoggingService( 3596): onSatelliteStatusChanged:734 - 0 satellites used in fix
02-14 20:25:15.853 D/SatelliteController( 2555): iisInCarrierRoamingNbIotNtn: satellite is disabled
02-14 20:25:16.048 D/GpsLoggingService( 3596): onSatelliteStatusChanged:730 - 53 satellites visible
02-14 20:25:16.048 D/GpsLoggingService( 3596): onSatelliteStatusChanged:734 - 0 satellites used in fix
02-14 20:25:16.048 D/GpsLoggingService( 3596): onSatelliteStatusChanged:730 - 53 satellites visible
02-14 20:25:16.049 D/GpsLoggingService( 3596): onSatelliteStatusChanged:734 - 0 satellites used in fix
02-14 20:25:16.054 I/GpsLoggingService( 3596): onFirstFix:716 - Time to first fix: 6965ms
02-14 20:25:16.054 I/GpsLoggingService( 3596): onFirstFix:716 - Time to first fix: 6965ms
02-14 20:25:16.056 D/GpsLoggingService( 3596): onLocationChanged:957 - Has description? false, Single point? false, Last timestamp: 1771097079062, Current timestamp: 1771097116055
02-14 20:25:16.057 D/GpsLoggingService( 3596): onLocationChanged:957 - Has description? false, Single point? false, Last timestamp: 1771097079062, Current timestamp: 1771097116056
02-14 20:25:16.057 D/GpsLoggingService( 3596): onLocationChanged:1101 - 50.08993709,18.21186221
02-14 20:25:16.059 I/FusedLocation( 3999): (REDACTED) location delivery to %s blocked - too close
02-14 20:25:16.059 I/FusedLocation( 3999): (REDACTED) location delivery to %s blocked - too fast
02-14 20:25:16.059 I/GpsLoggingService( 3596): onLocationChanged:1102 - 50 5' 23.7735" N 18 12' 42.704" E (GPSPasywne)
02-14 20:25:16.059 I/GpsLoggingService( 3596): Wysoko:240,728metrw
02-14 20:25:16.059 I/GpsLoggingService( 3596): Dokadno:30,668metrw
02-14 20:25:16.060 I/GpsLoggingService( 3596): resetCurrentFileName:919 - Filename: 20260214
02-14 20:25:16.062 D/ActivityManager( 1738): sync unfroze 8342 io.homeassistant.companion.android for 3
02-14 20:25:16.066 E/WebSocketCoreImpl( 8342): Websocket: onFailure
02-14 20:25:16.066 E/WebSocketCoreImpl( 8342): java.net.SocketException: Software caused connection abort
02-14 20:25:16.066 E/WebSocketCoreImpl( 8342): 	at java.net.SocketInputStream.socketRead0(Native Method)
02-14 20:25:16.066 E/WebSocketCoreImpl( 8342): 	at java.net.SocketInputStream.socketRead(SocketInputStream.java:118)
02-14 20:25:16.066 E/WebSocketCoreImpl( 8342): 	at java.net.SocketInputStream.read(SocketInputStream.java:173)
02-14 20:25:16.066 E/WebSocketCoreImpl( 8342): 	at java.net.SocketInputStream.read(SocketInputStream.java:143)
02-14 20:25:16.066 E/WebSocketCoreImpl( 8342): 	at com.android.org.conscrypt.ConscryptEngineSocket$SSLInputStream.readFromSocket(ConscryptEngineSocket.java:994)
02-14 20:25:16.066 E/WebSocketCoreImpl( 8342): 	at com.android.org.conscrypt.ConscryptEngineSocket$SSLInputStream.processDataFromSocket(ConscryptEngineSocket.java:958)
02-14 20:25:16.066 E/WebSocketCoreImpl( 8342): 	at com.android.org.conscrypt.ConscryptEngineSocket$SSLInputStream.readUntilDataAvailable(ConscryptEngineSocket.java:873)
02-14 20:25:16.066 E/WebSocketCoreImpl( 8342): 	at com.android.org.conscrypt.ConscryptEngineSocket$SSLInputStream.read(ConscryptEngineSocket.java:846)
02-14 20:25:16.066 E/WebSocketCoreImpl( 8342): 	at okio.internal.DefaultSocket$SocketSource.read(DefaultSocket.kt:124)
02-14 20:25:16.066 E/WebSocketCoreImpl( 8342): 	at okio.RealBufferedSource.read(RealBufferedSource.kt:215)
02-14 20:25:16.066 E/WebSocketCoreImpl( 8342): 	at okhttp3.internal.connection.Exchange$ResponseBodySource.read(Exchange.kt:346)
02-14 20:25:16.066 E/WebSocketCoreImpl( 8342): 	at okio.RealBufferedSource.request(RealBufferedSource.kt:232)
02-14 20:25:16.066 E/WebSocketCoreImpl( 8342): 	at okio.RealBufferedSource.require(RealBufferedSource.kt:225)
02-14 20:25:16.066 E/WebSocketCoreImpl( 8342): 	at okio.RealBufferedSource.readByte(RealBufferedSource.kt:235)
02-14 20:25:16.066 E/WebSocketCoreImpl( 8342): 	at okhttp3.internal.ws.WebSocketReader.readHeader(WebSocketReader.kt:125)
02-14 20:25:16.066 E/WebSocketCoreImpl( 8342): 	at okhttp3.internal.ws.WebSocketReader.processNextFrame(WebSocketReader.kt:108)
02-14 20:25:16.066 E/WebSocketCoreImpl( 8342): 	at okhttp3.internal.ws.RealWebSocket.loopReader(RealWebSocket.kt:317)
02-14 20:25:16.066 E/WebSocketCoreImpl( 8342): 	at okhttp3.internal.ws.RealWebSocket$connect$1.onResponse(RealWebSocket.kt:204)
02-14 20:25:16.066 E/WebSocketCoreImpl( 8342): 	at okhttp3.internal.connection.RealCall$AsyncCall.run(RealCall.kt:576)
02-14 20:25:16.066 E/WebSocketCoreImpl( 8342): 	at java.util.concurrent.ThreadPoolExecutor.runWorker(ThreadPoolExecutor.java:1156)
02-14 20:25:16.066 E/WebSocketCoreImpl( 8342): 	at java.util.concurrent.ThreadPoolExecutor$Worker.run(ThreadPoolExecutor.java:651)
02-14 20:25:16.066 E/WebSocketCoreImpl( 8342): 	at java.lang.Thread.run(Thread.java:1119)
02-14 20:25:16.066 D/GpsLoggingService( 3596): onLocationChanged:1113 - Logging passive location to file
02-14 20:25:16.066 D/GpsLoggingService( 3596): writeToFile:1248 - Calling file writers
02-14 20:25:16.067 D/LocationSensorManager( 8342): Received location update.
02-14 20:25:16.071 D/GpsLoggingService( 3596): stopGpsManager:848 - Removing towerLocationManager updates
02-14 20:25:16.072 D/GpsLoggingService( 3596): stopGpsManager:853 - Removing gpsLocationManager updates
02-14 20:25:16.073 W/AlarmManager( 1738): Unrecognized alarm listener com.android.server.location.gnss.GnssLocationProvider$$ExternalSyntheticLambda25@dbd58b6
02-14 20:25:16.073 W/AlarmManager( 1738): Unrecognized alarm listener com.android.server.location.gnss.GnssLocationProvider$$ExternalSyntheticLambda24@d6a69b7
02-14 20:25:16.074 D/GpsLoggingService( 3596): setAlarmForNextPoint:1227 - Setting exact alarm for 30s
02-14 20:25:16.075 D/GpsLoggingService( 3596): onLocationChanged:957 - Has description? false, Single point? false, Last timestamp: 1771097116060, Current timestamp: 1771097116075
02-14 20:25:16.075 D/GpsLoggingService( 3596): onLocationChanged:961 - Received a stale location, its time was less than or equal to a previous point. Ignoring.
02-14 20:25:16.076 D/ForegroundServiceLauncher( 8342): Check if service HighAccuracyLocationService is running. Service running = false
02-14 20:25:16.076 D/LocationSensorManager( 8342): Last Location: 
02-14 20:25:16.076 D/LocationSensorManager( 8342): Coords:(50.0899371, 18.2118622)
02-14 20:25:16.076 D/LocationSensorManager( 8342): Accuracy: 30.668
02-14 20:25:16.076 D/LocationSensorManager( 8342): Bearing: 0.0
02-14 20:25:16.078 D/WM-SystemJobScheduler( 3596): Scheduling work ID 5683b4db-d5f8-41d2-9371-1e61157153c8Job ID 342904
02-14 20:25:16.078 D/LocationSensorManager( 8342): Begin evaluating if location update should be skipped
02-14 20:25:16.078 D/LocationSensorManager( 8342): Received location that is 37 milliseconds old, 1771097116041 compared to 1771097116078 with source fused
02-14 20:25:16.088 E/LocSvc_ApiV02(  845): reportLocEvent:3912] Loc event report: 0 KlobucharIonoMode_valid:0: leapSec_valid:1: tauC_valid:1 featureStatusReport_valid: 0 featureStatusReport: 0
02-14 20:25:16.088 E/LocSvc_ApiV02(  845): reportLocEvent:3912] Loc event report: 0 KlobucharIonoMode_valid:0: leapSec_valid:1: tauC_valid:1 featureStatusReport_valid: 0 featureStatusReport: 0
02-14 20:25:16.134 D/LocationSensorManager$sendLocationUpdate( 8342): Location update sent successfully for 1 as exact
02-14 20:25:16.270 I/NotificationListener( 2665): received notification posted event - com.mendhak.gpslogger#UserHandle{0},category=-1
02-14 20:25:16.271 I/AiAiEcho( 3977): SmartspaceNotificationPredictor no parser can handle this notification or notification is invalid
02-14 20:25:16.639 D/ActivityManager( 1738): freezing 13208 org.omnirom.omnijaws
02-14 20:25:16.642 D/InetDiagMessage( 1738): Destroyed 0 sockets, proto=IPPROTO_TCP, family=AF_INET, states=14
02-14 20:25:16.645 D/InetDiagMessage( 1738): Destroyed 0 sockets, proto=IPPROTO_TCP, family=AF_INET6, states=14
02-14 20:25:16.645 D/InetDiagMessage( 1738): Destroyed live tcp sockets for uids={10471} in 4ms
02-14 20:25:16.905 E/WifiHAL (  851): wifi_get_cached_scan_results: Wifi Cached Scan Result not supported by driver
02-14 20:25:16.905 E/WifiStaIfaceAidlImpl( 1738): getCachedScanData failed with service-specific exception: android.os.ServiceSpecificException:  (code 4)
02-14 20:25:17.072 D/WM-DelayedWorkTracker( 3596): Scheduling work 5683b4db-d5f8-41d2-9371-1e61157153c8
02-14 20:25:17.072 D/WM-GreedyScheduler( 3596): Starting tracking for 5683b4db-d5f8-41d2-9371-1e61157153c8
02-14 20:25:17.074 D/WM-ConstraintTracker( 3596): NetworkStateTracker24: initial state = NetworkState(isConnected=true, isValidated=true, isMetered=false, isNotRoaming=true)
02-14 20:25:17.074 D/WM-NetworkStateTracker( 3596): Registering network callback
02-14 20:25:17.074 D/ConnectivityService( 1738): requestNetwork for uid/pid:10747/3596 activeRequest: null callbackRequest: 8711 [NetworkRequest [ REQUEST id=8712, [ Capabilities: INTERNET&NOT_RESTRICTED&TRUSTED&NOT_VCN_MANAGED&NOT_BANDWIDTH_CONSTRAINED Uid: 10747 RequestorUid: 10747 RequestorPkg: com.mendhak.gpslogger UnderlyingNetworks: Null] ]] callback flags: 0 order: 2147483647 isUidTracked: false declaredMethods: AVAIL|LOST|NC
02-14 20:25:17.074 D/WM-GreedyScheduler( 3596): Constraints met: Scheduling work ID WorkGenerationalId(workSpecId=5683b4db-d5f8-41d2-9371-1e61157153c8, generation=0)
02-14 20:25:17.075 D/WM-Processor( 3596): Processor: processing WorkGenerationalId(workSpecId=5683b4db-d5f8-41d2-9371-1e61157153c8, generation=0)
02-14 20:25:17.076 D/WM-WorkerWrapper( 3596): Starting work for com.mendhak.gpslogger.loggers.customurl.CustomUrlWorker
02-14 20:25:17.078 I/CustomUrlWorker( 3596): doWork:59 - HTTP Request - https://track.think.fox/api/v1/owntracks/points?api_key=19404e10451662533f1524a94f59a8ea
02-14 20:25:17.078 D/WM-NetworkStateTracker( 3596): Network capabilities changed: [ Transports: WIFI Capabilities: NOT_METERED&INTERNET&NOT_RESTRICTED&TRUSTED&NOT_VPN&VALIDATED&NOT_ROAMING&FOREGROUND&NOT_CONGESTED&NOT_SUSPENDED&NOT_VCN_MANAGED&NOT_BANDWIDTH_CONSTRAINED LinkUpBandwidth>=263379Kbps LinkDnBandwidth>=70201Kbps TransportInfo: <SSID: <unknown ssid>, BSSID: 02:00:00:00:00:00, MAC: 02:00:00:00:00:00, IP: /10.0.0.216, Security type: 2, Supplicant state: COMPLETED, Wi-Fi standard: 11ac, RSSI: -45, Link speed: 866Mbps, Tx Link speed: 866Mbps, Max Supported Tx Link speed: 866Mbps, Rx Link speed: 866Mbps, Max Supported Rx Link speed: 866Mbps, Frequency: 5180MHz, Net ID: -1, Metered hint: false, score: 60, isUsable: true, CarrierMerged: false, SubscriptionId: -1, IsPrimary: -1, Trusted: true, Restricted: false, Ephemeral: false, OEM paid: false, OEM private: false, OSU AP: false, FQDN: <none>, Provider friendly name: <none>, Requesting package name: <none><none>MLO Information: , Is TID-To-Link negotiation supported by the AP: false, AP MLD Address: <none>, AP MLO Link Id: <none>, AP MLO Affiliated links: <none>, Vendor Data: <none>> SignalStrength: -45 UnderlyingNetworks: Null]
02-14 20:25:17.079 D/Networks( 3596): getKnownServersStore:65 - Getting local truststore - /storage/emulated/0/Android/data/com.mendhak.gpslogger/files/knownservers.bks
02-14 20:25:17.083 D/Networks( 3596): getKnownServersStore:65 - Getting local truststore - /storage/emulated/0/Android/data/com.mendhak.gpslogger/files/knownservers.bks
02-14 20:25:17.083 D/WifiNetworkFactory( 1738): got request NetworkRequest [ REQUEST id=8712, [ Capabilities: INTERNET&NOT_RESTRICTED&TRUSTED&NOT_VCN_MANAGED&NOT_BANDWIDTH_CONSTRAINED Uid: 10747 RequestorUid: 10747 RequestorPkg: com.mendhak.gpslogger UnderlyingNetworks: Null] ]
02-14 20:25:17.084 D/UntrustedWifiNetworkFactory( 1738): got request NetworkRequest [ REQUEST id=8712, [ Capabilities: INTERNET&NOT_RESTRICTED&TRUSTED&NOT_VCN_MANAGED&NOT_BANDWIDTH_CONSTRAINED Uid: 10747 RequestorUid: 10747 RequestorPkg: com.mendhak.gpslogger UnderlyingNetworks: Null] ]
02-14 20:25:17.084 D/OemPaidWifiNetworkFactory( 1738): got request NetworkRequest [ REQUEST id=8712, [ Capabilities: INTERNET&NOT_RESTRICTED&TRUSTED&NOT_VCN_MANAGED&NOT_BANDWIDTH_CONSTRAINED Uid: 10747 RequestorUid: 10747 RequestorPkg: com.mendhak.gpslogger UnderlyingNetworks: Null] ]
02-14 20:25:17.085 D/MultiInternetWifiNetworkFactory( 1738): got request NetworkRequest [ REQUEST id=8712, [ Capabilities: INTERNET&NOT_RESTRICTED&TRUSTED&NOT_VCN_MANAGED&NOT_BANDWIDTH_CONSTRAINED Uid: 10747 RequestorUid: 10747 RequestorPkg: com.mendhak.gpslogger UnderlyingNetworks: Null] ]
02-14 20:25:17.085 D/ConnectivityService( 1738): NetReassign [8712 : null  142] [c 2] [a 3] [i 5]
02-14 20:25:17.112 E/CustomUrlWorker( 3596): doWork:94 - Exception during Custom URL processing javax.net.ssl.SSLHandshakeException: Read error: ssl=0xb40000738b0e64d8: Failure in SSL library, usually a protocol error
02-14 20:25:17.112 E/CustomUrlWorker( 3596): error:10000458:SSL routines:OPENSSL_internal:TLSV1_ALERT_UNRECOGNIZED_NAME (external/boringssl/src/ssl/tls_record.cc:484 0xb4000073eb1609f0:0x00000003)
02-14 20:25:17.112 W/CustomUrlWorker( 3596): doWork:119 - Custom URL - attempt 0 of 3 failed, will retry
02-14 20:25:17.112 I/WM-WorkerWrapper( 3596): Worker result RETRY for Work [ id=5683b4db-d5f8-41d2-9371-1e61157153c8, tags={ com.mendhak.gpslogger.loggers.customurl.CustomUrlWorker } ]
02-14 20:25:17.113 D/WM-Processor( 3596): Processor 5683b4db-d5f8-41d2-9371-1e61157153c8 executed; reschedule = true
02-14 20:25:17.113 D/WM-GreedyScheduler( 3596): Stopping tracking for WorkGenerationalId(workSpecId=5683b4db-d5f8-41d2-9371-1e61157153c8, generation=0)
02-14 20:25:17.118 D/WM-GreedyScheduler( 3596): Cancelling work ID 5683b4db-d5f8-41d2-9371-1e61157153c8
02-14 20:25:17.121 D/WM-SystemJobScheduler( 3596): Scheduling work ID 5683b4db-d5f8-41d2-9371-1e61157153c8Job ID 342905
02-14 20:25:17.123 D/WM-NetworkStateTracker( 3596): Unregistering network callback
02-14 20:25:17.269 D/DisplayModeController(  920): setDesiredMode 4630946480857061762 {mode={fps=60.00 Hz, modePtr={id=1, vsyncRate=60.00 Hz, peakRefreshRate=60.00 Hz}}, emitEvent=false, force=false}
02-14 20:25:17.276 I/SDM     (  838): HWDeviceDRM::UpdateMixerAttributes: Mixer WxH 1080x2400-0 for Peripheral
02-14 20:25:17.276 I/SDM     (  838): HWCDisplay::SubmitDisplayConfig: Active configuration changed to: 1
02-14 20:25:17.607 D/ActivityManager( 1738): freezing 31941 com.android.providers.calendar
02-14 20:25:17.609 D/InetDiagMessage( 1738): Destroyed 0 sockets, proto=IPPROTO_TCP, family=AF_INET, states=14
02-14 20:25:17.610 D/InetDiagMessage( 1738): Destroyed 0 sockets, proto=IPPROTO_TCP, family=AF_INET6, states=14
02-14 20:25:17.611 D/InetDiagMessage( 1738): Destroyed live tcp sockets for uids={10367} in 2ms
02-14 20:25:18.094 D/SatelliteController( 2555): iisInCarrierRoamingNbIotNtn: satellite is disabled
02-14 20:25:19.574 W/C2BqBuffer(  879): last successful dequeue was 19130118 us ago, 222 consecutive failures
02-14 20:25:19.792 I/QC2Comp (  879): [vp9D_79] Stats: Pending(17) i/p-done(17) Works: Q: 284/Done 268|Work-Rate: Q(0.0/s Avg=9.3/s) Done(0.000/s Avg=8.782/s)| Stream: 25.00fps 1.6Mbps
02-14 20:25:19.792 I/QC2Comp (  879): Mem-usage:  [In-1D - 10 bufs 37.383 MB] [1D-0 - 13 bufs 0.203 MB] [2D-67 - 22 bufs 67.547 MB]
02-14 20:25:19.792 I/QC2Comp (  879): Total Mem-usage: 105.133 MB
02-14 20:25:19.925 E/WifiHAL (  851): wifi_get_cached_scan_results: Wifi Cached Scan Result not supported by driver
02-14 20:25:19.926 E/WifiStaIfaceAidlImpl( 1738): getCachedScanData failed with service-specific exception: android.os.ServiceSpecificException:  (code 4)
02-14 20:25:21.110 I/DisplayDeviceRepository( 1738): Display device changed render timings: "Wbudowany ekran", renderFrameRate=60.000004, presentationDeadlineNanos=16666666, appVsyncOffsetNanos=1000000, frameRateOverrides=[]
02-14 20:25:21.111 D/WindowManager( 1738): DeferredDisplayUpdater: partially applying DisplayInfo(1080 x 2400) immediately
02-14 20:25:21.111 D/audio_hw_primary(  836): adev_set_parameters: enter: screen_state=on
02-14 20:25:21.112 V/msm8974_platform(  836): platform_set_parameters: enter: screen_state=on
02-14 20:25:21.112 D/msm8974_platform(  836): platform_set_parameters: exit with code(0)
02-14 20:25:21.112 D/sound_trigger_hw(  836): handle_screen_status_change: screen on
02-14 20:25:21.112 D/audio_hw_primary(  836): adev_set_parameters: exit with code(0)
02-14 20:25:21.423 D/LoungeSender( 9828): stale playback poll staleMs=22051
02-14 20:25:21.430 I/okhttp.OkHttpClient( 9828): --> POST https://www.youtube.com/api/lounge/bc/bind?device=REMOTE_CONTROL&app=android-remote&name=LibreTube%20%2822101320G%29&id=02edc995231a4a66a4789ee224cefc8c&gsessionid=xN1KT6EI7Vt-OY_ru4SNIidiRnwoKNc3&loungeIdToken=AGdO5p-cwZ3Ali1f7u5SsbZpiBbXn7qJdUP8NZ-pI42cPvvrfjjLs8OAf8BxhbcVCYK2mwz5jYdZXhNW3B_hDJIXxfFQuCyrsryoB_rpLuC0ApOrT0zeEts&VER=8&v=2&theme=cl&ui=1&capabilities=remote_queue&RID=1349&conn=longpoll&prop=yls&ctype=lb&t=1&cpn=xVrbm13zViI8PX6C&TYPE=xmlhttp&CI=0&CVER=1&SID=DA5FF96838576E2F
02-14 20:25:21.431 I/okhttp.OkHttpClient( 9828): Content-Type: application/x-www-form-urlencoded
02-14 20:25:21.431 I/okhttp.OkHttpClient( 9828): Content-Length: 29
02-14 20:25:21.431 I/okhttp.OkHttpClient( 9828): count=0&ofs=47&actions=%5B%5D
02-14 20:25:21.431 I/okhttp.OkHttpClient( 9828): --> END POST (29-byte body)
02-14 20:25:21.488 I/okhttp.OkHttpClient( 9828): <-- 200 https://www.youtube.com/api/lounge/bc/bind?device=REMOTE_CONTROL&app=android-remote&name=LibreTube%20%2822101320G%29&id=02edc995231a4a66a4789ee224cefc8c&gsessionid=xN1KT6EI7Vt-OY_ru4SNIidiRnwoKNc3&loungeIdToken=AGdO5p-cwZ3Ali1f7u5SsbZpiBbXn7qJdUP8NZ-pI42cPvvrfjjLs8OAf8BxhbcVCYK2mwz5jYdZXhNW3B_hDJIXxfFQuCyrsryoB_rpLuC0ApOrT0zeEts&VER=8&v=2&theme=cl&ui=1&capabilities=remote_queue&RID=1349&conn=longpoll&prop=yls&ctype=lb&t=1&cpn=xVrbm13zViI8PX6C&TYPE=xmlhttp&CI=0&CVER=1&SID=DA5FF96838576E2F (56ms)
02-14 20:25:21.488 I/okhttp.OkHttpClient( 9828): cache-control: no-cache, no-store, max-age=0, must-revalidate
02-14 20:25:21.488 I/okhttp.OkHttpClient( 9828): pragma: no-cache
02-14 20:25:21.488 I/okhttp.OkHttpClient( 9828): expires: Mon, 01 Jan 1990 00:00:00 GMT
02-14 20:25:21.488 I/okhttp.OkHttpClient( 9828): date: Sat, 14 Feb 2026 19:25:22 GMT
02-14 20:25:21.489 I/okhttp.OkHttpClient( 9828): content-type: text/plain; charset=utf-8
02-14 20:25:21.489 I/okhttp.OkHttpClient( 9828): x-content-type-options: nosniff
02-14 20:25:21.489 I/okhttp.OkHttpClient( 9828): x-xss-protection: 1; mode=block
02-14 20:25:21.489 I/okhttp.OkHttpClient( 9828): server: GSE
02-14 20:25:21.489 I/okhttp.OkHttpClient( 9828): alt-svc: h3=":443"; ma=2592000,h3-29=":443"; ma=2592000
02-14 20:25:21.490 I/okhttp.OkHttpClient( 9828): 10
02-14 20:25:21.490 I/okhttp.OkHttpClient( 9828): [1,21,890]
02-14 20:25:21.490 I/okhttp.OkHttpClient( 9828): <-- END HTTP (13-byte body)
02-14 20:25:21.491 D/LoungeSender( 9828): poll rid=1349 ofs=47 bodyLen=13 sid=DA5FF96838576E2F body=10
02-14 20:25:21.491 D/LoungeSender( 9828): [1,21,890]
02-14 20:25:21.492 D/LoungeSender( 9828): parseNowPlaying no status snippet=[1,21,890]
02-14 20:25:22.939 E/WifiHAL (  851): wifi_get_cached_scan_results: Wifi Cached Scan Result not supported by driver
02-14 20:25:22.939 E/WifiStaIfaceAidlImpl( 1738): getCachedScanData failed with service-specific exception: android.os.ServiceSpecificException:  (code 4)
02-14 20:25:24.522 D/ActivityManager( 1738): freezing 19793 com.google.android.gms
02-14 20:25:24.631 W/C2BqBuffer(  879): last successful dequeue was 24187102 us ago, 278 consecutive failures
02-14 20:25:24.792 I/QC2Comp (  879): [vp9D_79] Stats: Pending(17) i/p-done(17) Works: Q: 284/Done 268|Work-Rate: Q(0.0/s Avg=8.0/s) Done(0.000/s Avg=7.545/s)| Stream: 25.00fps 1.6Mbps
02-14 20:25:24.792 I/QC2Comp (  879): Mem-usage:  [In-1D - 10 bufs 37.383 MB] [1D-0 - 13 bufs 0.203 MB] [2D-67 - 22 bufs 67.547 MB]
02-14 20:25:24.792 I/QC2Comp (  879): Total Mem-usage: 105.133 MB
02-14 20:25:25.952 E/WifiHAL (  851): wifi_get_cached_scan_results: Wifi Cached Scan Result not supported by driver
02-14 20:25:25.953 E/WifiStaIfaceAidlImpl( 1738): getCachedScanData failed with service-specific exception: android.os.ServiceSpecificException:  (code 4)
02-14 20:25:26.079 D/ServerConnectionStateProviderImplKt( 8342): Using external URL
02-14 20:25:26.080 D/WebSocketCoreImpl( 8342): Creating WebSocket connection
02-14 20:25:26.085 D/ServerConnectionStateProviderImplKt( 8342): Using external URL
02-14 20:25:26.087 D/ConnectivityService( 1738): NetReassign [no changes] [c 1] [a 3] [i 5]
02-14 20:25:26.088 D/ServerConnectionStateProviderImplKt( 8342): Using external URL
02-14 20:25:26.090 W/ConnectivityManager.CallbackHandler( 8342): callback not found for CALLBACK_AVAILABLE message
02-14 20:25:26.091 D/ServerConnectionStateProviderImplKt( 8342): Using external URL
02-14 20:25:26.093 D/ServerConnectionStateProviderImplKt( 8342): Using external URL
02-14 20:25:26.094 D/ServerConnectionStateProviderImplKt( 8342): Using external URL
02-14 20:25:26.095 D/ConnectivityService( 1738): NetReassign [no changes] [c 1] [a 2] [i 5]
02-14 20:25:26.096 D/ServerConnectionStateProviderImplKt( 8342): Using external URL
02-14 20:25:26.108 D/WebSocketCoreImpl( 8342): Websocket: onOpen
02-14 20:25:26.109 D/WebSocketCoreImpl( 8342): Websocket: onMessage (text)
02-14 20:25:26.109 D/WebSocketCoreImpl( 8342): Message id null received
02-14 20:25:26.109 D/WebSocketCoreImpl( 8342): Auth Requested
02-14 20:25:26.112 D/WebSocketCoreImpl( 8342): Websocket: onMessage (text)
02-14 20:25:26.113 D/WebSocketCoreImpl( 8342): Message id null received
02-14 20:25:26.114 D/WebSocketCoreImpl( 8342): Sending message 26: {type=supported_features, id=26, features={coalesce_messages=1}}
02-14 20:25:26.117 D/WebSocketCoreImpl( 8342): Resubscribing to active subscriptions...
02-14 20:25:26.117 D/WebSocketCoreImpl( 8342): Sending message 27: {type=subscribe_trigger, trigger={platform=state, entity_id=[todo.liskowe_sprawunki]}, id=27}
02-14 20:25:26.120 D/WebSocketCoreImpl( 8342): Websocket: onMessage (text)
02-14 20:25:26.121 D/WebSocketCoreImpl( 8342): Message id 26 received
02-14 20:25:26.121 W/WebSocketCoreImpl( 8342): Response for message not in activeMessage id(26) skipping
02-14 20:25:26.126 D/WebSocketCoreImpl( 8342): Websocket: onMessage (text)
02-14 20:25:26.127 D/WebSocketCoreImpl( 8342): Message id 27 received
02-14 20:25:27.188 D/QtiCarrierConfigHelper( 2488): WARNING, no carrier configs on phone Id: 1
02-14 20:25:27.190 D/ActivityManager( 1738): sync unfroze 28375 com.google.android.apps.wellbeing for 3
02-14 20:25:27.191 D/ActivityManager( 1738): sync unfroze 28504 com.google.android.settings.intelligence for 3
02-14 20:25:27.191 I/LineageHealth( 1738): isSupported mode called, param: 2, supported: 1
02-14 20:25:27.191 I/LineageHealth( 1738): mIsPowerConnected: true, mBatteryPct: 23.0
02-14 20:25:27.191 D/ActivityManager( 1738): sync unfroze 7179 com.android.settings for 3
02-14 20:25:27.192 I/LineageHealth( 1738): Current time is 20:25
02-14 20:25:27.192 I/LineageHealth( 1738): Got target time 07:00, start time 22:00, current time 20:25
02-14 20:25:27.192 I/LineageHealth( 1738): Raw: 1771221600000, 1771189200000, 1771097127191
02-14 20:25:27.193 I/LineageHealth( 1738): State change: STAGE_NONE -> STAGE_NONE
02-14 20:25:27.195 D/ActivityManager( 1738): sync unfroze 7185 com.google.android.apps.turbo for 3
02-14 20:25:27.195 D/ActivityThread( 7185): Package [com.github.libretube.debug] reported as REPLACED, but missing application info. Assuming REMOVED.
02-14 20:25:27.198 D/ActivityThread( 7185): Package [com.github.libretube.debug] reported as REPLACED, but missing application info. Assuming REMOVED.
02-14 20:25:27.199 D/BackgroundInstallControlService( 1738): Package event received: 0
02-14 20:25:27.199 D/ActivityThread( 7185): Package [com.github.libretube.debug] reported as REPLACED, but missing application info. Assuming REMOVED.
02-14 20:25:27.199 D/ActivityThread( 7185): Package [com.github.libretube.debug] reported as REPLACED, but missing application info. Assuming REMOVED.
02-14 20:25:27.202 W/ProcessStats( 1738): Tracking association SourceState{64db41b com.android.systemui/10451 BFgs #70603} whose proc state 4 is better than process ProcessState{ffc1a03 com.google.android.apps.turbo/10398 pkg=com.google.android.apps.turbo} proc state 15 (0 skipped)
02-14 20:25:27.207 D/BatteryUsageBroadcastReceiver( 7179): onReceive:android.intent.action.BATTERY_LEVEL_CHANGED
02-14 20:25:27.209 D/BatteryUsageBroadcastReceiver( 7179): fetch data because of event: ACTION_BATTERY_LEVEL_CHANGED
02-14 20:25:28.981 E/WifiHAL (  851): wifi_get_cached_scan_results: Wifi Cached Scan Result not supported by driver
02-14 20:25:28.981 E/WifiStaIfaceAidlImpl( 1738): getCachedScanData failed with service-specific exception: android.os.ServiceSpecificException:  (code 4)
02-14 20:25:29.096 D/GpsLoggingService( 3596): onLocationChanged:957 - Has description? false, Single point? false, Last timestamp: 1771097116060, Current timestamp: 1771097129096
02-14 20:25:29.097 W/GpsLoggingService( 3596): onLocationChanged:1031 - Only accuracy of 100.0 m. Point discarded.Niedokadny punkt odrzucony
02-14 20:25:29.690 W/C2BqBuffer(  879): last successful dequeue was 29246342 us ago, 334 consecutive failures
02-14 20:25:29.792 I/QC2Comp (  879): [vp9D_79] Stats: Pending(17) i/p-done(17) Works: Q: 284/Done 268|Work-Rate: Q(0.0/s Avg=7.0/s) Done(0.000/s Avg=6.614/s)| Stream: 25.00fps 1.6Mbps
02-14 20:25:29.792 I/QC2Comp (  879): Mem-usage:  [In-1D - 10 bufs 37.383 MB] [1D-0 - 13 bufs 0.203 MB] [2D-67 - 22 bufs 67.547 MB]
02-14 20:25:29.792 I/QC2Comp (  879): Total Mem-usage: 105.133 MB
02-14 20:25:30.087 W/AOSP-MdnsDiscoveryManag( 3999): Error while decoding multicast packet (2455): 1 [CONTEXT service_id=168 ]
02-14 20:25:30.088 W/AOSP-MdnsDiscoveryManag( 3999): Error while decoding multicast packet (2456): 1 [CONTEXT service_id=168 ]
02-14 20:25:30.941 D/SatelliteController( 2555): iisInCarrierRoamingNbIotNtn: satellite is disabled
02-14 20:25:31.102 W/AOSP-MdnsDiscoveryManag( 3999): Error while decoding multicast packet (2457): 1 [CONTEXT service_id=168 ]
02-14 20:25:31.102 W/AOSP-MdnsDiscoveryManag( 3999): Error while decoding multicast packet (2458): 1 [CONTEXT service_id=168 ]
02-14 20:25:32.005 E/WifiHAL (  851): wifi_get_cached_scan_results: Wifi Cached Scan Result not supported by driver
02-14 20:25:32.005 E/WifiStaIfaceAidlImpl( 1738): getCachedScanData failed with service-specific exception: android.os.ServiceSpecificException:  (code 4)
02-14 20:25:32.223 D/InetDiagMessage( 1738): Destroyed 0 sockets, proto=IPPROTO_TCP, family=AF_INET, states=14
02-14 20:25:32.224 D/InetDiagMessage( 1738): Destroyed 0 sockets, proto=IPPROTO_TCP, family=AF_INET6, states=14
02-14 20:25:32.224 D/InetDiagMessage( 1738): Destroyed live tcp sockets for uids={10407} in 2ms
02-14 20:25:32.225 D/InetDiagMessage( 1738): Destroyed 0 sockets, proto=IPPROTO_TCP, family=AF_INET, states=14
02-14 20:25:32.225 D/InetDiagMessage( 1738): Destroyed 0 sockets, proto=IPPROTO_TCP, family=AF_INET6, states=14
02-14 20:25:32.226 D/InetDiagMessage( 1738): Destroyed live tcp sockets for uids={20407} in 1ms
02-14 20:25:33.653 I/vendor.qti.bluetooth@1.0-ibs_handler(  840): ProcessIbsCmd: Received IBS_WAKE_IND: 0xFD
02-14 20:25:33.653 D/vendor.qti.bluetooth@1.0-ibs_handler(  840): SerialClockVote: vote for UART CLK ON
02-14 20:25:33.654 D/vendor.qti.bluetooth@1.0-wake_lock(  840): Acquire wakelock is acquired 
02-14 20:25:33.654 I/vendor.qti.bluetooth@1.0-ibs_handler(  840): ProcessIbsCmd: Writing IBS_WAKE_ACK
02-14 20:25:33.694 I/vendor.qti.bluetooth@1.0-ibs_handler(  840): ProcessIbsCmd: Received IBS_SLEEP_IND: 0xFE
02-14 20:25:33.694 D/vendor.qti.bluetooth@1.0-ibs_handler(  840): SerialClockVote: vote for UART CLK OFF
02-14 20:25:33.774 D/SatelliteController( 2555): iisInCarrierRoamingNbIotNtn: satellite is disabled
02-14 20:25:33.844 D/vendor.qti.bluetooth@1.0-wake_lock(  840): Release wakelock is released 
02-14 20:25:34.187 D/WM-DelayedWorkTracker( 3596): Scheduling work d2e35ab7-74d7-4d8b-a3c2-2f57408db4fb
02-14 20:25:34.187 D/WM-GreedyScheduler( 3596): Starting tracking for d2e35ab7-74d7-4d8b-a3c2-2f57408db4fb
02-14 20:25:34.189 D/WM-ConstraintTracker( 3596): NetworkStateTracker24: initial state = NetworkState(isConnected=true, isValidated=true, isMetered=false, isNotRoaming=true)
02-14 20:25:34.189 D/WM-NetworkStateTracker( 3596): Registering network callback
02-14 20:25:34.189 D/ConnectivityService( 1738): requestNetwork for uid/pid:10747/3596 activeRequest: null callbackRequest: 8715 [NetworkRequest [ REQUEST id=8716, [ Capabilities: INTERNET&NOT_RESTRICTED&TRUSTED&NOT_VCN_MANAGED&NOT_BANDWIDTH_CONSTRAINED Uid: 10747 RequestorUid: 10747 RequestorPkg: com.mendhak.gpslogger UnderlyingNetworks: Null] ]] callback flags: 0 order: 2147483647 isUidTracked: false declaredMethods: AVAIL|LOST|NC
02-14 20:25:34.189 D/WM-GreedyScheduler( 3596): Constraints met: Scheduling work ID WorkGenerationalId(workSpecId=d2e35ab7-74d7-4d8b-a3c2-2f57408db4fb, generation=0)
02-14 20:25:34.190 D/WM-Processor( 3596): Processor: processing WorkGenerationalId(workSpecId=d2e35ab7-74d7-4d8b-a3c2-2f57408db4fb, generation=0)
02-14 20:25:34.191 D/WM-NetworkStateTracker( 3596): Network capabilities changed: [ Transports: WIFI Capabilities: NOT_METERED&INTERNET&NOT_RESTRICTED&TRUSTED&NOT_VPN&VALIDATED&NOT_ROAMING&FOREGROUND&NOT_CONGESTED&NOT_SUSPENDED&NOT_VCN_MANAGED&NOT_BANDWIDTH_CONSTRAINED LinkUpBandwidth>=263379Kbps LinkDnBandwidth>=70201Kbps TransportInfo: <SSID: <unknown ssid>, BSSID: 02:00:00:00:00:00, MAC: 02:00:00:00:00:00, IP: /10.0.0.216, Security type: 2, Supplicant state: COMPLETED, Wi-Fi standard: 11ac, RSSI: -45, Link speed: 866Mbps, Tx Link speed: 866Mbps, Max Supported Tx Link speed: 866Mbps, Rx Link speed: 866Mbps, Max Supported Rx Link speed: 866Mbps, Frequency: 5180MHz, Net ID: -1, Metered hint: false, score: 60, isUsable: true, CarrierMerged: false, SubscriptionId: -1, IsPrimary: -1, Trusted: true, Restricted: false, Ephemeral: false, OEM paid: false, OEM private: false, OSU AP: false, FQDN: <none>, Provider friendly name: <none>, Requesting package name: <none><none>MLO Information: , Is TID-To-Link negotiation supported by the AP: false, AP MLD Address: <none>, AP MLO Link Id: <none>, AP MLO Affiliated links: <none>, Vendor Data: <none>> SignalStrength: -45 UnderlyingNetworks: Null]
02-14 20:25:34.191 D/WM-WorkerWrapper( 3596): Starting work for com.mendhak.gpslogger.loggers.customurl.CustomUrlWorker
02-14 20:25:34.192 D/WifiNetworkFactory( 1738): got request NetworkRequest [ REQUEST id=8716, [ Capabilities: INTERNET&NOT_RESTRICTED&TRUSTED&NOT_VCN_MANAGED&NOT_BANDWIDTH_CONSTRAINED Uid: 10747 RequestorUid: 10747 RequestorPkg: com.mendhak.gpslogger UnderlyingNetworks: Null] ]
02-14 20:25:34.192 D/UntrustedWifiNetworkFactory( 1738): got request NetworkRequest [ REQUEST id=8716, [ Capabilities: INTERNET&NOT_RESTRICTED&TRUSTED&NOT_VCN_MANAGED&NOT_BANDWIDTH_CONSTRAINED Uid: 10747 RequestorUid: 10747 RequestorPkg: com.mendhak.gpslogger UnderlyingNetworks: Null] ]
02-14 20:25:34.193 D/OemPaidWifiNetworkFactory( 1738): got request NetworkRequest [ REQUEST id=8716, [ Capabilities: INTERNET&NOT_RESTRICTED&TRUSTED&NOT_VCN_MANAGED&NOT_BANDWIDTH_CONSTRAINED Uid: 10747 RequestorUid: 10747 RequestorPkg: com.mendhak.gpslogger UnderlyingNetworks: Null] ]
02-14 20:25:34.193 I/CustomUrlWorker( 3596): doWork:59 - HTTP Request - https://track.think.fox/api/v1/owntracks/points?api_key=19404e10451662533f1524a94f59a8ea
02-14 20:25:34.193 D/MultiInternetWifiNetworkFactory( 1738): got request NetworkRequest [ REQUEST id=8716, [ Capabilities: INTERNET&NOT_RESTRICTED&TRUSTED&NOT_VCN_MANAGED&NOT_BANDWIDTH_CONSTRAINED Uid: 10747 RequestorUid: 10747 RequestorPkg: com.mendhak.gpslogger UnderlyingNetworks: Null] ]
02-14 20:25:34.193 D/ConnectivityService( 1738): NetReassign [8716 : null  142] [c 1] [a 1] [i 2]
