--------- beginning of main
02-14 20:24:44.485 I/libretube.debug( 9828): hiddenapi: Accessing hidden method Landroid/view/ViewGroup;->makeOptionalFitsSystemWindows()V (runtime_flags=0, domain=platform, api=unsupported) from Landroidx/appcompat/widget/ViewUtils; (domain=app) using reflection: allowed
02-14 20:24:44.620 I/AppVisibilityProxy( 9828): onAppEnteredForeground
02-14 20:24:44.932 D/CompatChangeReporter( 9828): Compat change id reported: 349153669; UID 10759; state: ENABLED
02-14 20:24:44.942 E/perf_hint( 9828): createSessionUsingConfig: PerformanceHint cannot create session. PowerHintSessions are not supported!
02-14 20:24:44.946 I/Choreographer( 9828): Skipped 97 frames!  The application may be doing too much work on its main thread.
--------- beginning of system
02-14 20:24:44.949 D/CoreBackPreview( 1738): Window{f31caf2 u0 com.github.libretube.debug/com.github.libretube.Default}: Setting back callback OnBackInvokedCallbackInfo{mCallback=android.window.IOnBackInvokedCallback$Stub$Proxy@37dbfec, mPriority=-1, mIsAnimationCallback=false, mOverrideBehavior=0}
02-14 20:24:44.993 I/Gralloc4( 9828): Adding additional valid usage bits: 0x8202000
02-14 20:24:45.019 W/AxMediaRouter( 9828): Ignoring attempt to select selected route: MediaRouter.RouteInfo{ uniqueId=DEFAULT_ROUTE, name=Telefon, description=null, iconUri=null, enabled=true, isSystemRoute=true, connectionState=0, canDisconnect=false, playbackType=0, playbackStream=3, deviceType=0, volumeHandling=1, volume=9, volumeMax=15, presentationDisplayId=-1, extras=null, settingsIntent=null, providerPackageName=android }
02-14 20:24:45.019 V/MediaRouter( 9828): Selecting route: RouteInfo{ name=Telefon, description=null, status=null, category=RouteCategory{ name=System types=ROUTE_TYPE_LIVE_AUDIO ROUTE_TYPE_LIVE_VIDEO  groupable=false }, supportedTypes=ROUTE_TYPE_LIVE_AUDIO ROUTE_TYPE_LIVE_VIDEO , presentationDisplay=null }
02-14 20:24:45.020 I/AppsFilter( 1738): interaction: PackageSetting{9716430 com.github.libretube.debug/10759} -> PackageSetting{1eb3c91 com.mgoogle.android.gms/10544} BLOCKED
02-14 20:24:45.020 I/AppsFilter( 1738): interaction: PackageSetting{9716430 com.github.libretube.debug/10759} -> PackageSetting{6c327f6 app.revanced.android.gms/10654} BLOCKED
02-14 20:24:45.024 I/ActivityTaskManager( 1738): Displayed com.github.libretube.debug/com.github.libretube.Default for user 0: +1s438ms
02-14 20:24:45.029 I/HWUI    ( 9828): Davey! duration=889ms; Flags=1, FrameTimelineVsyncId=14455133, IntendedVsync=30494308362597, Vsync=30495118552478, InputEventId=0, HandleInputStart=30495126999431, AnimationStart=30495127006410, PerformTraversalsStart=30495127174743, DrawStart=30495181011780, FrameDeadline=30494324029263, FrameStartTime=30495126677868, FrameInterval=8352473, WorkloadTarget=15666666, SyncQueued=30495187308916, SyncStart=30495187488603, IssueDrawCommandsStart=30495187816937, SwapBuffers=30495197083917, FrameCompleted=30495198455636, DequeueBufferDuration=17031, QueueBufferDuration=149792, GpuCompleted=30495198455636, SwapBuffersCompleted=30495197939177, DisplayPresentTime=0, CommandSubmissionCompleted=30495197083917, 
02-14 20:24:45.048 I/MediaRouterProxy( 9828): Set up output switcher flags: true (from module), true (from CastOptions)
02-14 20:24:45.049 I/MediaRouterProxy( 9828): media transfer = false, session transfer = true, transfer to local = false, in-app output switcher = false
02-14 20:24:45.112 D/CompatChangeReporter( 9828): Compat change id reported: 270674727; UID 10759; state: ENABLED
02-14 20:24:45.113 W/BitmapDrawable( 9828): BitmapDrawable created with null Bitmap
02-14 20:24:45.117 W/BitmapDrawable( 9828): BitmapDrawable created with null Bitmap
02-14 20:24:45.146 W/BitmapDrawable( 9828): BitmapDrawable created with null Bitmap
02-14 20:24:45.148 W/BitmapDrawable( 9828): BitmapDrawable created with null Bitmap
02-14 20:24:45.204 I/ImeTracker( 1738): com.github.libretube.debug:78b83022: onRequestHide at ORIGIN_SERVER reason HIDE_UNSPECIFIED_WINDOW fromUser false
02-14 20:24:45.209 I/GoogleInputMethodService( 4023): GoogleInputMethodService.onFinishInput():2113 
02-14 20:24:45.211 I/Module  ( 4023): DeviceLockedStatusModuleProvider$Module.updateDeviceLockedStatus():103 repeatCheckTimes = 0, locked = false
02-14 20:24:45.211 I/ImeTracker( 1738): system_server:fc0831b1: onRequestHide at ORIGIN_SERVER reason IME_REQUESTED_CHANGED_LISTENER fromUser false
02-14 20:24:45.211 I/GoogleInputMethodService( 4023): GoogleInputMethodService.onStartInput():1384 onStartInput(EditorInfo{EditorInfo{packageName=com.github.libretube.debug, inputType=0, inputTypeString=NULL, enableLearning=false, autoCorrection=false, autoComplete=false, imeOptions=0, privateImeOptions=null, actionName=UNSPECIFIED, actionLabel=null, initialSelStart=-1, initialSelEnd=-1, initialCapsMode=0, label=null, fieldId=0, fieldName=null, extras=null, hintText=null, hintLocales=[]}}, false)
02-14 20:24:45.211 I/ImeTracker( 1738): system_server:fc0831b1: onCancelled at PHASE_SERVER_SHOULD_HIDE
02-14 20:24:45.212 I/Module  ( 4023): DeviceLockedStatusModuleProvider$Module.updateDeviceLockedStatus():103 repeatCheckTimes = 1, locked = false
02-14 20:24:45.212 D/InsetsController( 9828): hide(ime(), fromIme=false)
02-14 20:24:45.212 I/ImeTracker( 9828): com.github.libretube.debug:78b83022: onCancelled at PHASE_CLIENT_ALREADY_HIDDEN
02-14 20:24:45.213 W/PackageConfigPersister( 1738): App-specific configuration not found for packageName: com.github.libretube.debug and userId: 0
02-14 20:24:45.218 W/DiscoveryManager( 3999): BroadcastReceiver is already registered
02-14 20:24:45.218 I/DiscoveryManager( 3999): Discovery state (DiscoveryState{filterCriteria=[%urn:x-cast:com.google.cast.media, CFE7FEDA, CC1AD845], categoryToCriteria={com.google.android.gms.cast.CATEGORY_CAST//urn:x-cast:com.google.cast.media//ALLOW_IPV6=[%urn:x-cast:com.google.cast.media], com.google.android.gms.cast.CATEGORY_CAST/CC1AD845///ALLOW_IPV6=[CC1AD845], com.google.android.gms.cast.CATEGORY_CAST/CFE7FEDA/urn:x-cast:com.google.cast.media//ALLOW_IPV6=[CFE7FEDA, %urn:x-cast:com.google.cast.media]}, activeScan=false, activeScanWithScreenOff=false, discoveryRequestSupportsDynamicSession=false})
02-14 20:24:45.219 I/CastMediaRouteProvider( 3999): Published 1 routes
02-14 20:24:45.228 I/AOSP-MdnsDiscoveryManag( 3999): (REDACTED) %s
02-14 20:24:45.228 I/AOSP-MdnsDiscoveryManag( 3999): (REDACTED) %s
02-14 20:24:45.229 I/AOSP-MdnsDiscoveryManag( 3999): (REDACTED) %s
02-14 20:24:45.229 I/AOSP-MdnsDiscoveryManag( 3999): (REDACTED) %s
02-14 20:24:45.230 I/AOSP-MdnsDiscoveryManag( 3999): (REDACTED) %s
02-14 20:24:45.230 I/AOSP-MdnsDiscoveryManag( 3999): (REDACTED) %s
02-14 20:24:45.230 I/AOSP-MdnsDiscoveryManag( 3999): (REDACTED) %s
02-14 20:24:45.230 I/AOSP-MdnsDiscoveryManag( 3999): (REDACTED) %s
02-14 20:24:45.230 I/WifiService( 1738): releaseMulticastLock uid=10411 lockTag=mdns-android
02-14 20:24:45.231 I/MdnsServiceBrowser( 3999): (REDACTED) registering %s
02-14 20:24:45.233 I/AOSP-MdnsDiscoveryManag( 3999): (REDACTED) %s
02-14 20:24:45.234 I/AOSP-MdnsDiscoveryManag( 3999): (REDACTED) %s
02-14 20:24:45.235 I/AOSP-MdnsDiscoveryManag( 3999): (REDACTED) %s
02-14 20:24:45.235 I/AOSP-MdnsDiscoveryManag( 3999): (REDACTED) %s
02-14 20:24:45.236 I/AOSP-MdnsDiscoveryManag( 3999): (REDACTED) %s
02-14 20:24:45.237 I/AOSP-MdnsDiscoveryManag( 3999): (REDACTED) %s
02-14 20:24:45.237 I/AOSP-MdnsDiscoveryManag( 3999): (REDACTED) %s
02-14 20:24:45.237 I/AOSP-MdnsDiscoveryManag( 3999): (REDACTED) %s
02-14 20:24:45.240 I/AOSP-MdnsDiscoveryManag( 3999): (REDACTED) %s
02-14 20:24:45.244 I/WifiService( 1738): acquireMulticastLock uid=10411 lockTag=mdns-android
02-14 20:24:45.245 I/AOSP-MdnsDiscoveryManag( 3999): (REDACTED) %s
02-14 20:24:45.246 I/AOSP-MdnsDiscoveryManag( 3999): (REDACTED) %s
02-14 20:24:45.246 I/AOSP-MdnsDiscoveryManag( 3999): (REDACTED) %s
02-14 20:24:45.247 I/AOSP-MdnsDiscoveryManag( 3999): (REDACTED) %s
02-14 20:24:45.247 I/AOSP-MdnsDiscoveryManag( 3999): (REDACTED) %s
02-14 20:24:45.247 I/AOSP-MdnsDiscoveryManag( 3999): (REDACTED) %s
02-14 20:24:45.248 I/AOSP-MdnsDiscoveryManag( 3999): (REDACTED) %s
02-14 20:24:45.248 I/AOSP-MdnsDiscoveryManag( 3999): (REDACTED) %s
02-14 20:24:45.248 I/AOSP-MdnsDiscoveryManag( 3999): (REDACTED) %s
02-14 20:24:45.249 I/AOSP-MdnsDiscoveryManag( 3999): (REDACTED) %s
02-14 20:24:45.249 I/AOSP-MdnsDiscoveryManag( 3999): (REDACTED) %s
02-14 20:24:45.249 D/ConnectivityService( 1738): NetReassign [no changes] [c 1] [a 3] [i 4]
02-14 20:24:45.250 I/AOSP-MdnsDiscoveryManag( 3999): (REDACTED) %s
02-14 20:24:45.250 W/AOSP-MdnsDiscoveryManag( 3999): Error while decoding multicast packet (2423): 1 [CONTEXT service_id=168 ]
02-14 20:24:45.250 I/AOSP-MdnsDiscoveryManag( 3999): (REDACTED) %s
02-14 20:24:45.251 W/AOSP-MdnsDiscoveryManag( 3999): Error while decoding multicast packet (2424): 1 [CONTEXT service_id=168 ]
02-14 20:24:45.251 I/AOSP-MdnsDiscoveryManag( 3999): (REDACTED) %s
02-14 20:24:45.251 I/AOSP-MdnsDiscoveryManag( 3999): (REDACTED) %s
02-14 20:24:45.251 I/AOSP-MdnsDiscoveryManag( 3999): (REDACTED) %s
02-14 20:24:45.251 I/AOSP-MdnsDiscoveryManag( 3999): (REDACTED) %s
02-14 20:24:45.252 W/AOSP-MdnsDiscoveryManag( 3999): Error while decoding multicast packet (2425): 1 [CONTEXT service_id=168 ]
02-14 20:24:45.253 W/AOSP-MdnsDiscoveryManag( 3999): Error while decoding multicast packet (2426): 1 [CONTEXT service_id=168 ]
02-14 20:24:45.253 I/AOSP-MdnsDiscoveryManag( 3999): (REDACTED) %s
02-14 20:24:45.254 I/AOSP-MdnsDiscoveryManag( 3999): (REDACTED) %s
02-14 20:24:45.254 I/AOSP-MdnsDiscoveryManag( 3999): (REDACTED) %s
02-14 20:24:45.255 I/AOSP-MdnsDiscoveryManag( 3999): (REDACTED) %s
02-14 20:24:45.436 I/FontLog ( 3999): (REDACTED) Received query %s, URI %s
02-14 20:24:45.436 I/FontLog ( 3999): (REDACTED) Query [%s] resolved to %s
02-14 20:24:45.437 I/FontLog ( 3999): (REDACTED) Fetch %s end status %s
02-14 20:24:45.438 I/FontLog ( 3999): (REDACTED) Pulling font file for id = %d, cache size = %d
02-14 20:24:45.442 I/FontLog ( 3999): (REDACTED) Pulling font file for id = %d, cache size = %d
02-14 20:24:45.602 I/FA      ( 3221): Application backgrounded at: timestamp_millis: 1771097083592
02-14 20:24:45.616 D/AdvertisingIdClient(19793): AdvertisingIdClient already created.
02-14 20:24:45.616 D/AdvertisingIdClient(19793): AdvertisingIdClient is not bounded. Starting to bind it...
02-14 20:24:45.618 D/AdvertisingIdClient(19793): AdvertisingIdClient is bounded
02-14 20:24:45.619 W/AdvertisingIdSettings(19793): Package ginlemon.flowerfree failed Ad Id permission check. Apps that target Android SDK 33 or higher should declare com.google.android.gms.permission.AD_ID in the app manifest to access Ad Id.
02-14 20:24:45.619 I/AdvertisingIdClient(19793): shouldSendLog 28667284
02-14 20:24:45.619 I/AdvertisingIdClient(19793): GetInfoInternal elapse 3ms
02-14 20:24:45.622 D/BoundBrokerSvc( 3999): onRebind: Intent { act=com.google.android.gms.common.telemetry.service.START dat=chimera-action:/... xflg=0x4 cmp=com.google.android.gms/.chimera.PersistentApiService }
02-14 20:24:45.628 I/AdvertisingIdClient(19793): getting error as 17: API: ClientTelemetry.API is not available on this device. Connection failed with: ConnectionResult{statusCode=API_DISABLED_FOR_CONNECTION, resolution=null, message=null, clientMethodKey=null}
02-14 20:24:45.692 D/BoundBrokerSvc(19793): onUnbind: Intent { act=com.google.android.gms.onboardingconsent.api.ConsentManagerApiService.START dat=chimera-action:/... xflg=0x4 cmp=com.google.android.gms/.chimera.GmsApiService }
02-14 20:24:45.782 W/BitmapDrawable( 9828): BitmapDrawable created with null Bitmap
02-14 20:24:45.783 W/BitmapDrawable( 9828): BitmapDrawable created with null Bitmap
02-14 20:24:45.799 W/BitmapDrawable( 9828): BitmapDrawable created with null Bitmap
02-14 20:24:45.801 W/BitmapDrawable( 9828): BitmapDrawable created with null Bitmap
02-14 20:24:46.006 W/BitmapDrawable( 9828): BitmapDrawable created with null Bitmap
02-14 20:24:46.008 W/BitmapDrawable( 9828): BitmapDrawable created with null Bitmap
02-14 20:24:46.015 W/BitmapDrawable( 9828): BitmapDrawable created with null Bitmap
02-14 20:24:46.017 W/BitmapDrawable( 9828): BitmapDrawable created with null Bitmap
02-14 20:24:46.035 W/BitmapDrawable( 9828): BitmapDrawable created with null Bitmap
02-14 20:24:46.037 W/BitmapDrawable( 9828): BitmapDrawable created with null Bitmap
02-14 20:24:46.043 W/BitmapDrawable( 9828): BitmapDrawable created with null Bitmap
02-14 20:24:46.044 W/BitmapDrawable( 9828): BitmapDrawable created with null Bitmap
02-14 20:24:46.061 W/BitmapDrawable( 9828): BitmapDrawable created with null Bitmap
02-14 20:24:46.063 W/BitmapDrawable( 9828): BitmapDrawable created with null Bitmap
02-14 20:24:46.069 W/BitmapDrawable( 9828): BitmapDrawable created with null Bitmap
02-14 20:24:46.070 W/BitmapDrawable( 9828): BitmapDrawable created with null Bitmap
02-14 20:24:46.090 W/BitmapDrawable( 9828): BitmapDrawable created with null Bitmap
02-14 20:24:46.092 W/BitmapDrawable( 9828): BitmapDrawable created with null Bitmap
02-14 20:24:46.098 W/BitmapDrawable( 9828): BitmapDrawable created with null Bitmap
02-14 20:24:46.099 W/BitmapDrawable( 9828): BitmapDrawable created with null Bitmap
02-14 20:24:46.119 W/BitmapDrawable( 9828): BitmapDrawable created with null Bitmap
02-14 20:24:46.121 W/BitmapDrawable( 9828): BitmapDrawable created with null Bitmap
02-14 20:24:46.126 W/libretube.debug( 9828): Long monitor contention with owner DefaultDispatcher-worker-7 (1920) at void coil3.disk.DiskLruCache.initialize()(DiskLruCache.kt:184) waiters=0 in coil3.disk.DiskLruCache$Snapshot coil3.disk.DiskLruCache.get(java.lang.String) for 890ms
02-14 20:24:46.127 W/libretube.debug( 9828): Long monitor contention with owner DefaultDispatcher-worker-7 (1920) at void coil3.disk.DiskLruCache.initialize()(DiskLruCache.kt:184) waiters=1 in coil3.disk.DiskLruCache$Snapshot coil3.disk.DiskLruCache.get(java.lang.String) for 891ms
02-14 20:24:46.127 W/libretube.debug( 9828): Long monitor contention with owner DefaultDispatcher-worker-7 (1920) at void coil3.disk.DiskLruCache.initialize()(DiskLruCache.kt:184) waiters=2 in coil3.disk.DiskLruCache$Snapshot coil3.disk.DiskLruCache.get(java.lang.String) for 891ms
02-14 20:24:46.127 W/libretube.debug( 9828): Long monitor contention with owner DefaultDispatcher-worker-7 (1920) at void coil3.disk.DiskLruCache.initialize()(DiskLruCache.kt:184) waiters=3 in coil3.disk.DiskLruCache$Snapshot coil3.disk.DiskLruCache.get(java.lang.String) for 339ms
02-14 20:24:46.129 W/libretube.debug( 9828): Long monitor contention with owner DefaultDispatcher-worker-7 (1920) at void coil3.disk.DiskLruCache.initialize()(DiskLruCache.kt:184) waiters=5 in coil3.disk.DiskLruCache$Snapshot coil3.disk.DiskLruCache.get(java.lang.String) for 310ms
02-14 20:24:46.129 W/libretube.debug( 9828): Long monitor contention with owner DefaultDispatcher-worker-7 (1920) at void coil3.disk.DiskLruCache.initialize()(DiskLruCache.kt:184) waiters=6 in coil3.disk.DiskLruCache$Snapshot coil3.disk.DiskLruCache.get(java.lang.String) for 311ms
02-14 20:24:46.130 W/BitmapDrawable( 9828): BitmapDrawable created with null Bitmap
02-14 20:24:46.133 W/BitmapDrawable( 9828): BitmapDrawable created with null Bitmap
02-14 20:24:46.144 W/HWUI    ( 9828): Image decoding logging dropped!
02-14 20:24:46.147 W/HWUI    ( 9828): Image decoding logging dropped!
02-14 20:24:46.148 W/HWUI    ( 9828): Image decoding logging dropped!
02-14 20:24:46.148 W/HWUI    ( 9828): Image decoding logging dropped!
02-14 20:24:46.150 W/HWUI    ( 9828): Image decoding logging dropped!
02-14 20:24:46.154 W/HWUI    ( 9828): Image decoding logging dropped!
02-14 20:24:46.154 W/HWUI    ( 9828): Image decoding logging dropped!
02-14 20:24:46.154 W/HWUI    ( 9828): Image decoding logging dropped!
02-14 20:24:46.156 W/HWUI    ( 9828): Image decoding logging dropped!
02-14 20:24:46.157 W/HWUI    ( 9828): Image decoding logging dropped!
02-14 20:24:46.157 W/HWUI    ( 9828): Image decoding logging dropped!
02-14 20:24:46.158 W/HWUI    ( 9828): Image decoding logging dropped!
02-14 20:24:46.159 W/HWUI    ( 9828): Image decoding logging dropped!
02-14 20:24:46.159 W/HWUI    ( 9828): Image decoding logging dropped!
02-14 20:24:46.159 W/HWUI    ( 9828): Image decoding logging dropped!
02-14 20:24:46.160 W/HWUI    ( 9828): Image decoding logging dropped!
02-14 20:24:46.160 W/HWUI    ( 9828): Image decoding logging dropped!
02-14 20:24:46.167 W/HWUI    ( 9828): Image decoding logging dropped!
02-14 20:24:46.175 W/HWUI    ( 9828): Image decoding logging dropped!
02-14 20:24:46.175 W/HWUI    ( 9828): Image decoding logging dropped!
02-14 20:24:46.176 W/HWUI    ( 9828): Image decoding logging dropped!
02-14 20:24:46.179 W/HWUI    ( 9828): Image decoding logging dropped!
02-14 20:24:46.179 W/HWUI    ( 9828): Image decoding logging dropped!
02-14 20:24:46.179 W/HWUI    ( 9828): Image decoding logging dropped!
02-14 20:24:46.181 W/HWUI    ( 9828): Image decoding logging dropped!
02-14 20:24:46.184 W/HWUI    ( 9828): Image decoding logging dropped!
02-14 20:24:46.184 W/HWUI    ( 9828): Image decoding logging dropped!
02-14 20:24:46.185 W/HWUI    ( 9828): Image decoding logging dropped!
02-14 20:24:46.255 I/AOSP-MdnsDiscoveryManag( 3999): (REDACTED) %s
02-14 20:24:46.255 I/AOSP-MdnsDiscoveryManag( 3999): (REDACTED) %s
02-14 20:24:46.256 I/AOSP-MdnsDiscoveryManag( 3999): (REDACTED) %s
02-14 20:24:46.256 I/AOSP-MdnsDiscoveryManag( 3999): (REDACTED) %s
02-14 20:24:46.256 I/AOSP-MdnsDiscoveryManag( 3999): (REDACTED) %s
02-14 20:24:46.256 I/AOSP-MdnsDiscoveryManag( 3999): (REDACTED) %s
02-14 20:24:46.256 W/AOSP-MdnsDiscoveryManag( 3999): Error while decoding multicast packet (2427): 1 [CONTEXT service_id=168 ]
02-14 20:24:46.256 W/AOSP-MdnsDiscoveryManag( 3999): Error while decoding multicast packet (2428): 1 [CONTEXT service_id=168 ]
02-14 20:24:46.661 I/AOSP-MdnsDiscoveryManag( 3999): (REDACTED) %s
02-14 20:24:46.662 I/AOSP-MdnsDiscoveryManag( 3999): (REDACTED) %s
02-14 20:24:46.662 I/AOSP-MdnsDiscoveryManag( 3999): (REDACTED) %s
02-14 20:24:46.662 I/AOSP-MdnsDiscoveryManag( 3999): (REDACTED) %s
02-14 20:24:46.662 I/AOSP-MdnsDiscoveryManag( 3999): (REDACTED) %s
02-14 20:24:46.663 I/AOSP-MdnsDiscoveryManag( 3999): (REDACTED) %s
02-14 20:24:46.663 I/AOSP-MdnsDiscoveryManag( 3999): (REDACTED) %s
02-14 20:24:46.663 I/DeviceScanner( 3999): [MDNS] Received response from "S3n" (2f3fa2278a4742c95cb410e49cc349e6) [cast connect] with result "2 Updated device"
02-14 20:24:46.723 E/WifiHAL (  851): wifi_get_cached_scan_results: Wifi Cached Scan Result not supported by driver
02-14 20:24:46.723 E/WifiStaIfaceAidlImpl( 1738): getCachedScanData failed with service-specific exception: android.os.ServiceSpecificException:  (code 4)
02-14 20:24:46.779 I/NearbyDiscovery( 3999): (REDACTED) PureOffloadFastPairScanner: eventType=%s, isInternalReq=%s, isScanning=%s, isScanningAllowed=%s
02-14 20:24:46.779 I/NearbyDiscovery( 3999): (REDACTED) ApFastPairScanner: isScreenOn=%s, isLocationEnabled=%s, disableLocationRequirement=%s, isDiscoveryScanningEnabled=%s, during24GhzWifiWarmingUpPeriod=%s
02-14 20:24:46.779 D/BluetoothAdapter( 3999): isLeEnabled(): BLE_ON
02-14 20:24:46.780 I/NearbyDiscovery( 3999): (REDACTED) ApFastPairScanner: eventType=%s, intReq=%s, scanning=%s, scanAllowed=%s, bleEnabled=%s, lockScanRate=%s, startScanningByLowPowerMode=%s
02-14 20:24:46.780 I/NearbyDiscovery( 3999): (REDACTED) ApFastPairScanner: Stopping scan, %s
02-14 20:24:46.780 D/BluetoothAdapter( 3999): isLeEnabled(): BLE_ON
02-14 20:24:46.783 I/bt_shim_scanner( 3256): system/main/shim/le_scanning_manager.cc:180 ScanFilterParamSetup: in shim layer, clientIf=1
02-14 20:24:46.784 I/bt_shim_scanner( 3256): system/main/shim/le_scanning_manager.cc:180 ScanFilterParamSetup: in shim layer, clientIf=1
02-14 20:24:46.784 I/bt_shim_scanner( 3256): system/main/shim/le_scanning_manager.cc:180 ScanFilterParamSetup: in shim layer, clientIf=1
02-14 20:24:46.784 D/vendor.qti.bluetooth@1.0-ibs_handler(  840): SerialClockVote: vote for UART CLK ON
02-14 20:24:46.784 I/bt_shim_scanner( 3256): system/main/shim/le_scanning_manager.cc:147 Scan: in shim layer stopped
02-14 20:24:46.784 I/bt_shim_scanner( 3256): system/main/shim/le_scanning_manager.cc:141 Unregister: in shim layer, scannerId=1
02-14 20:24:46.784 I/bt_shim_scanner( 3256): system/main/shim/le_scanning_manager.cc:311 SetScanParameters: in shim layer, scannerId1m=2, scannerIdCoded=0
02-14 20:24:46.784 I/bt_shim_scanner( 3256): system/main/shim/le_scanning_manager.cc:147 Scan: in shim layer started
02-14 20:24:46.785 D/vendor.qti.bluetooth@1.0-wake_lock(  840): Acquire wakelock is acquired 
02-14 20:24:46.785 I/vendor.qti.bluetooth@1.0-ibs_handler(  840): DeviceWakeUp: Writing IBS_WAKE_IND
02-14 20:24:46.785 I/vendor.qti.bluetooth@1.0-ibs_handler(  840): ProcessIbsCmd: Received IBS_WAKE_ACK: 0xFC
02-14 20:24:46.785 I/NearbyDiscovery( 3999): (REDACTED) ApFastPairScanner: isScreenOn=%s, isLocationEnabled=%s, disableLocationRequirement=%s, isDiscoveryScanningEnabled=%s, during24GhzWifiWarmingUpPeriod=%s
02-14 20:24:46.785 I/vendor.qti.bluetooth@1.0-ibs_handler(  840): ProcessIbsCmd: Signal wack_cond_
02-14 20:24:46.785 D/vendor.qti.bluetooth@1.0-ibs_handler(  840): DeviceWakeUp: Unblocked from waiting for FC, pthread_cond_timedwait ret = 0
02-14 20:24:46.785 I/NearbyDiscovery( 3999): (REDACTED) ApFastPairScanner: Start scanning internally, %s
02-14 20:24:46.785 D/BluetoothAdapter( 3999): isLeEnabled(): BLE_ON
02-14 20:24:46.785 I/vendor.qti.bluetooth@1.0-ibs_handler(  840): ProcessIbsCmd: Received IBS_WAKE_IND: 0xFD
02-14 20:24:46.786 I/vendor.qti.bluetooth@1.0-ibs_handler(  840): ProcessIbsCmd: Writing IBS_WAKE_ACK
02-14 20:24:46.786 I/bluetooth( 3256): system/gd/hci/le_address_manager.cc:278 unregister_client: Client unregistered
02-14 20:24:46.786 I/bluetooth( 3256): system/gd/hci/le_scanning_manager.cc:605 stop_scan: Scanning already stopped, return!
02-14 20:24:46.786 I/bluetooth( 3256): system/gd/hci/le_address_manager.cc:263 register_client: Client registered
02-14 20:24:46.787 I/bt_shim_scanner( 3256): system/main/shim/le_scanning_manager.cc:135 RegisterScanner: in shim layer, UUID=1570b61e-da37-4da6-b2e2-25484a23f388
02-14 20:24:46.787 D/BluetoothLeScanner( 3999): onScannerRegistered() - status=0 scannerId=1 mScannerId=0
02-14 20:24:46.793 I/NearbyDiscovery( 3999): (REDACTED) ApFastPairScanner: Starting %s scanning
02-14 20:24:46.793 I/bt_shim_scanner( 3256): system/main/shim/le_scanning_manager.cc:236 ScanFilterEnable: in shim layer
02-14 20:24:46.794 I/bt_shim_scanner( 3256): system/main/shim/le_scanning_manager.cc:213 ScanFilterAdd: in shim layer
02-14 20:24:46.794 I/bt_shim_scanner( 3256): system/main/shim/le_scanning_manager.cc:180 ScanFilterParamSetup: in shim layer, clientIf=1
02-14 20:24:46.794 I/bt_shim_scanner( 3256): system/main/shim/le_scanning_manager.cc:213 ScanFilterAdd: in shim layer
02-14 20:24:46.794 I/bt_shim_scanner( 3256): system/main/shim/le_scanning_manager.cc:180 ScanFilterParamSetup: in shim layer, clientIf=1
02-14 20:24:46.795 I/bt_shim_scanner( 3256): system/main/shim/le_scanning_manager.cc:213 ScanFilterAdd: in shim layer
02-14 20:24:46.795 I/bt_shim_scanner( 3256): system/main/shim/le_scanning_manager.cc:180 ScanFilterParamSetup: in shim layer, clientIf=1
02-14 20:24:46.840 I/vendor.qti.bluetooth@1.0-ibs_handler(  840): ProcessIbsCmd: Received IBS_SLEEP_IND: 0xFE
02-14 20:24:46.979 D/audio_hw_primary(  836): adev_create_audio_patch: enter: num sources 1, num_sinks 1, handle 20
02-14 20:24:46.979 D/audio_hw_primary(  836): adev_create_audio_patch: Playback patch from mix handle 21 to device 2
02-14 20:24:46.979 D/audio_hw_primary(  836): update_patch: enter
02-14 20:24:46.979 D/audio_hw_primary(  836): route_output_stream: enter: usecase(12: audio-ull-playback) devices 2
02-14 20:24:46.980 D/audio_hw_primary(  836): adev_create_audio_patch: exit: num sources 1, num_sinks 1, handle 20
02-14 20:24:46.981 D/NativePermissionController(  911): checkPermission: missing 13 for 10677
02-14 20:24:46.982 W/AS.PlaybackActivityMon( 1738): No piid assigned for invalid/internal port id 516
02-14 20:24:46.982 D/NativePermissionController(  911): checkPermission: missing 13 for 10677
02-14 20:24:46.982 D/audio_hw_primary(  836): start_output_stream: enter: stream(0xe3100010)usecase(12: audio-ull-playback) devices(0x2) is_haptic_usecase(0)
02-14 20:24:46.982 D/audio_hw_primary(  836): select_devices for use case (audio-ull-playback in:0 out:0 device:0x2)
02-14 20:24:46.982 D/msm8974_platform(  836): platform_get_output_snd_device: enter: output devices(0x2)
02-14 20:24:46.982 I/msm8974_platform(  836): platform_check_and_set_codec_backend_cfg:becf: afe: bitwidth 16, samplerate 48000 channels 2, backend_idx 4 usecase = 12 device (speaker)
02-14 20:24:46.982 I/msm8974_platform(  836): platform_check_and_set_codec_backend_cfg: new_snd_devices[0] is 2
02-14 20:24:46.982 I/msm8974_platform(  836): platform_check_codec_backend_cfg:becf: afe: bitwidth 16, samplerate 48000 channels 2, backend_idx 4 usecase = 12 device (speaker)
02-14 20:24:46.983 D/NativePermissionController(  911): checkPermission: missing 13 for 10677
02-14 20:24:46.983 D/NativePermissionController(  911): checkPermission: missing 13 for 10677
02-14 20:24:46.985 D/msm8974_platform(  836): platform_check_codec_backend_cfg:becf: updated afe: bitwidth 16, samplerate 48000 channels 2,backend_idx 4 usecase = 12 device (speaker)
02-14 20:24:46.985 D/msm8974_platform(  836): platform_check_codec_backend_cfg:becf: afe: set BE sample 48000, bit_width 24, channels 2 for TDM_RX_0
02-14 20:24:46.985 I/msm8974_platform(  836): platform_check_codec_backend_cfg:becf: afe: Codec selected backend: 4 updated bit width: 24 and sample rate: 48000
02-14 20:24:46.985 D/audio_hw_primary(  836): check_usecases_codec_backend:becf: force routing 0
02-14 20:24:46.985 E/msm8974_platform(  836): platform_check_backends_match: Invalid snd_device2 = 
02-14 20:24:46.985 D/audio_hw_primary(  836): check_usecases_codec_backend:becf: (107) check_usecases curr device: speaker, usecase device: backends match 0
02-14 20:24:46.985 D/audio_hw_primary(  836): @@: usecase[0xe7743910]=audio-ull-playback, uc_info[0xe7743910]=audio-ull-playback
02-14 20:24:46.985 D/audio_hw_primary(  836): check_usecases_codec_backend:becf: check_usecases num.of Usecases to switch 0
02-14 20:24:46.985 D/hardware_info(  836): hw_info_append_hw_type : device_name = speaker
02-14 20:24:46.985 D/audio_hw_primary(  836): enable_snd_device: snd_device(2: speaker)[SND_DEVICE_OUT_SPEAKER]
02-14 20:24:46.985 D/msm8974_platform(  836): platform_get_island_cfg_on_device:island cfg status on snd_device = (speaker 0)
02-14 20:24:46.985 I/soundtrigger(  836): audio_extn_sound_trigger_update_device_status: device 0x2 of type 0 for Event 1, with Raise=0
02-14 20:24:46.985 D/audio_route(  836): Apply path: speaker
02-14 20:24:46.988 D/hardware_info(  836): hw_info_append_hw_type : device_name = vi-feedback
02-14 20:24:46.988 D/audio_hw_primary(  836): enable_snd_device: snd_device(246: vi-feedback)[SND_DEVICE_IN_CAPTURE_VI_FEEDBACK]
02-14 20:24:46.988 D/msm8974_platform(  836): platform_get_island_cfg_on_device:island cfg status on snd_device = (vi-feedback 0)
02-14 20:24:46.988 I/soundtrigger(  836): audio_extn_sound_trigger_update_device_status: device 0xf6 of type 1 for Event 1, with Raise=0
02-14 20:24:46.988 D/audio_route(  836): Apply path: vi-feedback
02-14 20:24:46.988 D/msm8974_platform(  836): fluence nn disabled
02-14 20:24:46.988 D/soundtrigger(  836): audio_extn_sound_trigger_update_stream_status: uc_info->id 53 of type 1 for Event 3, with Raise=0
02-14 20:24:46.988 D/audio_hw_utils(  836): audio_extn_utils_send_app_type_cfg: usecase->in_snd_device vi-feedback
02-14 20:24:46.988 E/audio_hw_utils(  836): send_app_type_cfg_for_device: Could not get ctl for mixer cmd - Audio Stream Capture 32 App Type Cfg
02-14 20:24:46.988 D/android.hardware.audio.service(  836): [Data Manager]-> No data found
02-14 20:24:46.988 D/msm8974_platform(  836): fluence nn disabled
02-14 20:24:46.988 D/audio_hw_primary(  836): enable_audio_route: apply mixer and update path: spkr-vi-record
02-14 20:24:46.988 D/audio_route(  836): Apply path: spkr-vi-record
02-14 20:24:46.990 D/audio_hw_primary(  836): [force reset] create spkr-vi-record 1
02-14 20:24:46.990 D/audio_hw_awinic_feedback(  836): audio_extn_aw882xx_start_feedback:[Awinic] the pcm id uc_info->id = 53, tx_pcm_id = 32
02-14 20:24:46.998 D/soundtrigger(  836): audio_extn_sound_trigger_update_stream_status: uc_info->id 12 of type 0 for Event 3, with Raise=0
02-14 20:24:46.998 D/audio_hw_utils(  836): audio_extn_utils_send_app_type_cfg: usecase->out_snd_device speaker
02-14 20:24:46.998 I/audio_hw_utils(  836): ULL doesnt need sending app type cfg, returning
02-14 20:24:46.998 D/android.hardware.audio.service(  836): Failed to fetch the lookup information of the device 0000271B 
02-14 20:24:46.998 D/android.hardware.audio.service(  836): Failed to fetch the lookup information of the device 0000271B 
02-14 20:24:46.998 D/audio_hw_primary(  836): enable_audio_route: apply mixer and update path: audio-ull-playback speaker
02-14 20:24:46.998 D/audio_route(  836): Apply path: audio-ull-playback speaker
02-14 20:24:46.999 D/audio_hw_primary(  836): [force reset] create audio-ull-playback speaker 1
02-14 20:24:46.999 D/audio_hw_primary(  836): select_devices: done
02-14 20:24:46.999 D/msm8974_platform(  836): platform_set_channel_map mixer_ctl_name:Playback Channel Map13
02-14 20:24:46.999 D/msm8974_platform(  836): platform_set_channel_map: set mapping(1 2 0 0 0 0 0 0) for channel:2
02-14 20:24:46.999 E/msm8974_platform(  836): platform_set_channel_map: Could not set ctl, error:-22 ch_count:2
02-14 20:24:47.010 D/audio_hw_primary(  836): start_output_stream: exit
02-14 20:24:47.010 V/msm8974_platform(  836): platform_set_parameters: enter: cal_persist=0;cal_devid=2;cal_moduleid=0x1000a100;cal_caltype=0;cal_instanceid=0x0;cal_apptype=69940;cal_paramid=0x1000a114;cal_topoid=0x1000a100;cal_samplerate=48000;cal_data=CQAAAA==
02-14 20:24:47.010 D/msm8974_platform(  836): platform_get_output_snd_device: enter: output devices(0x2)
02-14 20:24:47.010 D/msm8974_platform(  836): Setting audio calibration for snd_device(2) acdb_id(10011)
02-14 20:24:47.010 D/msm8974_platform(  836): platform_set_parameters: exit with code(0)
02-14 20:24:47.010 D/adsp_utils(  836): set_channel_reverse mode: 0
02-14 20:24:47.010 V/msm8974_platform(  836): platform_set_parameters: enter: cal_persist=0;cal_devid=2;cal_moduleid=0x1000a106;cal_caltype=0;cal_instanceid=0x0;cal_apptype=69940;cal_paramid=0x1000a198;cal_topoid=0x1000a106;cal_samplerate=48000;cal_data=AAAAAA==
02-14 20:24:47.010 D/msm8974_platform(  836): platform_get_output_snd_device: enter: output devices(0x2)
02-14 20:24:47.010 D/msm8974_platform(  836): Setting audio calibration for snd_device(2) acdb_id(10011)
02-14 20:24:47.010 D/msm8974_platform(  836): platform_set_parameters: exit with code(0)
02-14 20:24:47.010 V/msm8974_platform(  836): platform_set_parameters: enter: cal_persist=0;cal_devid=2;cal_moduleid=0x1000a106;cal_caltype=0;cal_instanceid=0x0;cal_apptype=69940;cal_paramid=0x1000a198;cal_topoid=0x1000a100;cal_samplerate=48000;cal_data=AAAAAA==
02-14 20:24:47.010 D/msm8974_platform(  836): platform_get_output_snd_device: enter: output devices(0x2)
02-14 20:24:47.010 D/msm8974_platform(  836): Setting audio calibration for snd_device(2) acdb_id(10011)
02-14 20:24:47.010 D/msm8974_platform(  836): platform_set_parameters: exit with code(0)
02-14 20:24:47.010 V/msm8974_platform(  836): platform_set_parameters: enter: cal_persist=0;cal_devid=2;cal_moduleid=0x1000a106;cal_caltype=0;cal_instanceid=0x0;cal_apptype=69937;cal_paramid=0x1000a198;cal_topoid=0x1000a106;cal_samplerate=48000;cal_data=AAAAAA==
02-14 20:24:47.010 D/msm8974_platform(  836): platform_get_output_snd_device: enter: output devices(0x2)
02-14 20:24:47.010 D/msm8974_platform(  836): Setting audio calibration for snd_device(2) acdb_id(10011)
02-14 20:24:47.010 D/msm8974_platform(  836): platform_set_parameters: exit with code(0)
02-14 20:24:47.010 V/msm8974_platform(  836): platform_set_parameters: enter: cal_persist=0;cal_devid=2;cal_moduleid=0x1000a106;cal_caltype=0;cal_instanceid=0x0;cal_apptype=69937;cal_paramid=0x1000a198;cal_topoid=0x1000a100;cal_samplerate=48000;cal_data=AAAAAA==
02-14 20:24:47.010 D/msm8974_platform(  836): platform_get_output_snd_device: enter: output devices(0x2)
02-14 20:24:47.010 D/msm8974_platform(  836): Setting audio calibration for snd_device(2) acdb_id(10011)
02-14 20:24:47.010 D/msm8974_platform(  836): platform_set_parameters: exit with code(0)
02-14 20:24:47.010 V/msm8974_platform(  836): platform_set_parameters: enter: cal_persist=0;cal_devid=2;cal_moduleid=0x1000a106;cal_caltype=0;cal_instanceid=0x0;cal_apptype=69936;cal_paramid=0x1000a198;cal_topoid=0x1000a106;cal_samplerate=48000;cal_data=AAAAAA==
02-14 20:24:47.010 D/msm8974_platform(  836): platform_get_output_snd_device: enter: output devices(0x2)
02-14 20:24:47.010 D/msm8974_platform(  836): Setting audio calibration for snd_device(2) acdb_id(10011)
02-14 20:24:47.010 D/msm8974_platform(  836): platform_set_parameters: exit with code(0)
02-14 20:24:47.010 V/msm8974_platform(  836): platform_set_parameters: enter: cal_persist=0;cal_devid=2;cal_moduleid=0x1000a106;cal_caltype=0;cal_instanceid=0x0;cal_apptype=69936;cal_paramid=0x1000a198;cal_topoid=0x1000a100;cal_samplerate=48000;cal_data=AAAAAA==
02-14 20:24:47.010 D/msm8974_platform(  836): platform_get_output_snd_device: enter: output devices(0x2)
02-14 20:24:47.010 D/msm8974_platform(  836): Setting audio calibration for snd_device(2) acdb_id(10011)
02-14 20:24:47.010 D/msm8974_platform(  836): platform_set_parameters: exit with code(0)
02-14 20:24:47.011 D/audio_hw_primary(  836): check_and_set_karaok_parameters: is karaok rx device 0, is karaok tx device 0
02-14 20:24:47.011 V/send_data_to_xlog(  836): getCurrentDate
02-14 20:24:47.011 V/send_data_to_xlog(  836): current time is : 2026 year, 2 month, 14 daty
02-14 20:24:47.011 V/send_data_to_xlog(  836): do not need to seed data to xlog
02-14 20:24:47.011 V/send_data_to_xlog(  836): send_EarsCompensation_dailyuse_to_xlog
02-14 20:24:47.011 I/send_data_to_xlog(  836): get_headset_type the type is speaker
02-14 20:24:47.011 D/send_data_to_xlog(  836): send_misound_dailyuse_to_xlog, the headset type is speaker
02-14 20:24:47.011 D/send_data_to_xlog(  836):  send_misound_dailyuse_to_xlog: misound without usb
02-14 20:24:47.011 W/qc_adm  (  836): margin check: adm_request_focus_v2_1(p) failed diff -48
02-14 20:24:47.011 W/qc_adm  (  836): margin check: adm_abandon_focus(p) failed diff -48
02-14 20:24:47.048 W/HWUI    ( 9828): Image decoding logging dropped!
02-14 20:24:47.048 W/HWUI    ( 9828): Image decoding logging dropped!
02-14 20:24:47.049 W/HWUI    ( 9828): Image decoding logging dropped!
02-14 20:24:47.065 W/HWUI    ( 9828): Image decoding logging dropped!
02-14 20:24:47.136 I/MediaController( 9828): Init d801182 [AndroidXMedia3/1.9.1] [redwood, 22101320G, Xiaomi, 36]
02-14 20:24:47.152 D/CoreBackPreview( 1738): Window{f31caf2 u0 com.github.libretube.debug/com.github.libretube.Default}: Setting back callback OnBackInvokedCallbackInfo{mCallback=android.window.IOnBackInvokedCallback$Stub$Proxy@56fc76b, mPriority=0, mIsAnimationCallback=true, mOverrideBehavior=0}
02-14 20:24:47.152 W/WindowOnBackDispatcher( 9828): sendCancelIfRunning: isInProgress=false callback=androidx.activity.OnBackPressedDispatcher$Api34Impl$createOnBackAnimationCallback$1@90991e8
02-14 20:24:47.152 D/CoreBackPreview( 1738): Window{f31caf2 u0 com.github.libretube.debug/com.github.libretube.Default}: Setting back callback OnBackInvokedCallbackInfo{mCallback=android.window.IOnBackInvokedCallback$Stub$Proxy@71cb2c8, mPriority=-1, mIsAnimationCallback=false, mOverrideBehavior=0}
02-14 20:24:47.153 D/CoreBackPreview( 1738): Window{f31caf2 u0 com.github.libretube.debug/com.github.libretube.Default}: Setting back callback OnBackInvokedCallbackInfo{mCallback=android.window.IOnBackInvokedCallback$Stub$Proxy@4613f61, mPriority=0, mIsAnimationCallback=true, mOverrideBehavior=0}
02-14 20:24:47.174 W/RecyclerView( 9828): No adapter attached; skipping layout
02-14 20:24:47.182 W/RecyclerView( 9828): No adapter attached; skipping layout
02-14 20:24:47.189 W/RecyclerView( 9828): No adapter attached; skipping layout
02-14 20:24:47.205 D/BluetoothAdapter( 3999): isLeEnabled(): BLE_ON
02-14 20:24:47.206 I/bt_shim_scanner( 3256): system/main/shim/le_scanning_manager.cc:180 ScanFilterParamSetup: in shim layer, clientIf=2
02-14 20:24:47.207 I/bt_shim_scanner( 3256): system/main/shim/le_scanning_manager.cc:180 ScanFilterParamSetup: in shim layer, clientIf=2
02-14 20:24:47.207 I/bt_shim_scanner( 3256): system/main/shim/le_scanning_manager.cc:141 Unregister: in shim layer, scannerId=2
02-14 20:24:47.207 I/vendor.qti.bluetooth@1.0-ibs_handler(  840): ProcessIbsCmd: Received IBS_WAKE_IND: 0xFD
02-14 20:24:47.207 I/vendor.qti.bluetooth@1.0-ibs_handler(  840): ProcessIbsCmd: Writing IBS_WAKE_ACK
02-14 20:24:47.207 D/BluetoothAdapter( 3999): isLeEnabled(): BLE_ON
02-14 20:24:47.209 I/bt_shim_scanner( 3256): system/main/shim/le_scanning_manager.cc:135 RegisterScanner: in shim layer, UUID=3892ec24-b768-4f04-9bbb-9a700b05e4e9
02-14 20:24:47.209 D/BluetoothLeScanner( 3999): onScannerRegistered() - status=0 scannerId=2 mScannerId=0
02-14 20:24:47.213 I/bt_shim_scanner( 3256): system/main/shim/le_scanning_manager.cc:236 ScanFilterEnable: in shim layer
02-14 20:24:47.213 I/bt_shim_scanner( 3256): system/main/shim/le_scanning_manager.cc:213 ScanFilterAdd: in shim layer
02-14 20:24:47.213 I/bt_shim_scanner( 3256): system/main/shim/le_scanning_manager.cc:180 ScanFilterParamSetup: in shim layer, clientIf=2
02-14 20:24:47.214 I/bt_shim_scanner( 3256): system/main/shim/le_scanning_manager.cc:213 ScanFilterAdd: in shim layer
02-14 20:24:47.214 E/bluetooth( 3256): system/gd/hci/le_scanning_manager.cc:1089 update_ad_type_filter: AD type filter isn't supported
02-14 20:24:47.214 I/bt_shim_scanner( 3256): system/main/shim/le_scanning_manager.cc:180 ScanFilterParamSetup: in shim layer, clientIf=2
02-14 20:24:47.222 I/ExoPlayerImpl( 9828): Init ffe280c [AndroidXMedia3/1.9.1] [redwood, 22101320G, Xiaomi, 36]
02-14 20:24:47.245 D/AudioSystem( 9828): onNewServiceWithAdapter: media.audio_flinger service obtained 0xb4000072eb1521e0
02-14 20:24:47.246 D/AudioSystem( 9828): getService: checking for service media.audio_flinger: 0xb4000073eb144070
02-14 20:24:47.250 I/MediaSessionImpl( 9828): Init e402436 [AndroidXMedia3/1.9.1] [redwood, 22101320G, Xiaomi, 36]
02-14 20:24:47.257 I/vendor.qti.bluetooth@1.0-ibs_handler(  840): ProcessIbsCmd: Received IBS_SLEEP_IND: 0xFE
02-14 20:24:47.257 I/AOSP-MdnsDiscoveryManag( 3999): (REDACTED) %s
02-14 20:24:47.257 I/AOSP-MdnsDiscoveryManag( 3999): (REDACTED) %s
02-14 20:24:47.257 I/AOSP-MdnsDiscoveryManag( 3999): (REDACTED) %s
02-14 20:24:47.257 I/AOSP-MdnsDiscoveryManag( 3999): (REDACTED) %s
02-14 20:24:47.257 I/AOSP-MdnsDiscoveryManag( 3999): (REDACTED) %s
02-14 20:24:47.257 W/AOSP-MdnsDiscoveryManag( 3999): Error while decoding multicast packet (2435): 1 [CONTEXT service_id=168 ]
02-14 20:24:47.257 W/AOSP-MdnsDiscoveryManag( 3999): Error while decoding multicast packet (2436): 1 [CONTEXT service_id=168 ]
02-14 20:24:47.257 I/AOSP-MdnsDiscoveryManag( 3999): (REDACTED) %s
02-14 20:24:47.259 I/MediaSessionCompat( 9828): Couldn't find a unique registered media button receiver in the given context.
02-14 20:24:47.261 I/MediaSessionStack( 1738): addSession to bottom of stack | record: com.github.libretube.debug/androidx.media3.session.id.com.github.libretube.services.OnlinePlayerService/60 (userId=0)
02-14 20:24:47.261 D/MediaSessionService( 1738): Media button session is changed to com.github.libretube.debug/androidx.media3.session.id.com.github.libretube.services.OnlinePlayerService/60 (userId=0)
02-14 20:24:47.262 I/Dtdi    ( 3999): (REDACTED) [MediaControllerFilter] packageName=%s resolved=%s
02-14 20:24:47.263 I/Dtdi    ( 3999): (REDACTED) [MediaControllerFilter] packageName=%s resolved=%s
02-14 20:24:47.264 I/Dtdi    ( 3999): (REDACTED) [MediaControllerFilter] packageName=%s resolved=%s
02-14 20:24:47.268 D/MediaSessionService( 1738): onSessionPlaybackStateChanged: record=com.github.libretube.debug/androidx.media3.session.id.com.github.libretube.services.OnlinePlayerService/60 (userId=0) playbackState=PlaybackState {state=NONE(0), position=0, buffered position=0, speed=0.0, updated=30497448, actions=7339701, custom actions=[], active item id=0, error=null}
02-14 20:24:47.269 D/MediaSessionService( 1738): onSessionActiveStateChanged: record=com.github.libretube.debug/androidx.media3.session.id.com.github.libretube.services.OnlinePlayerService/60 (userId=0) playbackState=PlaybackState {state=NONE(0), position=0, buffered position=0, speed=0.0, updated=30497448, actions=7339701, custom actions=[], active item id=0, error=null}
02-14 20:24:47.270 D/MediaSessionService( 1738): onSessionPlaybackStateChanged: record=com.github.libretube.debug/androidx.media3.session.id.com.github.libretube.services.OnlinePlayerService/60 (userId=0) playbackState=PlaybackState {state=NONE(0), position=0, buffered position=0, speed=0.0, updated=30497450, actions=7339701, custom actions=[], active item id=0, error=null}
02-14 20:24:47.271 I/Dtdi    ( 3999): (REDACTED) [MediaControllerFilter] packageName=%s resolved=%s
02-14 20:24:47.272 I/Dtdi    ( 3999): (REDACTED) [MediaControllerFilter] packageName=%s resolved=%s
02-14 20:24:47.272 I/Dtdi    ( 3999): (REDACTED) [MediaControllerFilter] packageName=%s resolved=%s
02-14 20:24:47.273 I/Dtdi    ( 3999): (REDACTED) [MediaControllerFilter] packageName=%s resolved=%s
02-14 20:24:47.278 W/RecyclerView( 9828): No adapter attached; skipping layout
02-14 20:24:47.280 W/WindowOnBackDispatcher( 9828): sendCancelIfRunning: isInProgress=false callback=androidx.activity.OnBackPressedDispatcher$Api34Impl$createOnBackAnimationCallback$1@90991e8
02-14 20:24:47.280 D/CoreBackPreview( 1738): Window{f31caf2 u0 com.github.libretube.debug/com.github.libretube.Default}: Setting back callback OnBackInvokedCallbackInfo{mCallback=android.window.IOnBackInvokedCallback$Stub$Proxy@ebb945e, mPriority=-1, mIsAnimationCallback=false, mOverrideBehavior=0}
02-14 20:24:47.280 D/CoreBackPreview( 1738): Window{f31caf2 u0 com.github.libretube.debug/com.github.libretube.Default}: Setting back callback OnBackInvokedCallbackInfo{mCallback=android.window.IOnBackInvokedCallback$Stub$Proxy@bc7003f, mPriority=0, mIsAnimationCallback=true, mOverrideBehavior=0}
02-14 20:24:47.286 D/CompatChangeReporter( 1738): Compat change id reported: 297989574; UID 10759; state: ENABLED
02-14 20:24:47.292 W/RecyclerView( 9828): No adapter attached; skipping layout
02-14 20:24:47.300 I/MediaController( 9828): Init be4952c [AndroidXMedia3/1.9.1] [redwood, 22101320G, Xiaomi, 36]
02-14 20:24:47.301 D/MediaSessionService( 1738): onSessionPlaybackStateChanged: record=com.github.libretube.debug/androidx.media3.session.id.com.github.libretube.services.OnlinePlayerService/60 (userId=0) playbackState=PlaybackState {state=NONE(0), position=0, buffered position=0, speed=0.0, updated=30497480, actions=7339701, custom actions=[], active item id=0, error=null}
02-14 20:24:47.316 I/RemoteCastPlayer( 9828): Init 3890f63 [AndroidXMedia3/1.9.1] [redwood, 22101320G, Xiaomi, 36]
02-14 20:24:47.317 D/CastHelper( 9828): CastPlayer created
02-14 20:24:47.327 I/okhttp.OkHttpClient( 9828): --> GET https://ryd-proxy.kavin.rocks/votes?videoId=uIwj95733_E
02-14 20:24:47.372 I/System.out( 3221): pause
02-14 20:24:47.680 I/AOSP-MdnsDiscoveryManag( 3999): (REDACTED) %s
02-14 20:24:47.680 I/AOSP-MdnsDiscoveryManag( 3999): (REDACTED) %s
02-14 20:24:47.681 I/AOSP-MdnsDiscoveryManag( 3999): (REDACTED) %s
02-14 20:24:47.681 I/AOSP-MdnsDiscoveryManag( 3999): (REDACTED) %s
02-14 20:24:47.681 I/AOSP-MdnsDiscoveryManag( 3999): (REDACTED) %s
02-14 20:24:47.681 I/AOSP-MdnsDiscoveryManag( 3999): (REDACTED) %s
02-14 20:24:47.681 I/AOSP-MdnsDiscoveryManag( 3999): (REDACTED) %s
02-14 20:24:47.681 I/AOSP-MdnsDiscoveryManag( 3999): (REDACTED) %s
02-14 20:24:47.682 I/AOSP-MdnsDiscoveryManag( 3999): (REDACTED) %s
02-14 20:24:47.682 I/AOSP-MdnsDiscoveryManag( 3999): (REDACTED) %s
02-14 20:24:47.682 I/AOSP-MdnsDiscoveryManag( 3999): (REDACTED) %s
02-14 20:24:47.682 I/AOSP-MdnsDiscoveryManag( 3999): (REDACTED) %s
02-14 20:24:47.682 I/AOSP-MdnsDiscoveryManag( 3999): (REDACTED) %s
02-14 20:24:47.682 I/AOSP-MdnsDiscoveryManag( 3999): (REDACTED) %s
02-14 20:24:47.682 I/AOSP-MdnsDiscoveryManag( 3999): (REDACTED) %s
02-14 20:24:47.682 I/AOSP-MdnsDiscoveryManag( 3999): (REDACTED) %s
02-14 20:24:47.683 I/AOSP-MdnsDiscoveryManag( 3999): (REDACTED) %s
02-14 20:24:47.683 I/AOSP-MdnsDiscoveryManag( 3999): (REDACTED) %s
02-14 20:24:47.683 I/AOSP-MdnsDiscoveryManag( 3999): (REDACTED) %s
02-14 20:24:47.683 I/AOSP-MdnsDiscoveryManag( 3999): (REDACTED) %s
02-14 20:24:47.907 I/okhttp.OkHttpClient( 9828): <-- 200 https://ryd-proxy.kavin.rocks/votes?videoId=uIwj95733_E (578ms, 160-byte body)
02-14 20:24:48.216 I/vendor.qti.bluetooth@1.0-ibs_handler(  840): DeviceSleep: TX Awake, Sending SLEEP_IND
02-14 20:24:48.216 D/vendor.qti.bluetooth@1.0-ibs_handler(  840): SerialClockVote: vote for UART CLK OFF
02-14 20:24:48.366 D/vendor.qti.bluetooth@1.0-wake_lock(  840): Release wakelock is released 
02-14 20:24:48.435 W/RecyclerView( 9828): No adapter attached; skipping layout
02-14 20:24:48.780 D/kotlinx.coroutines.UndispatchedCoroutine( 9828): StreamsFields videoId=uIwj95733_E listId=WL params=EgVhYm91dPIGBgoCMgBKAA%3D%3D playerParams=0gcJCYcKAYcqIYzv
02-14 20:24:48.787 W/ContextCompat( 9828): The context:com.github.libretube.services.OnlinePlayerService@3015ee3 is not associated with any display. Return a fallback display instead.
02-14 20:24:48.900 D/MediaSessionService( 1738): onSessionPlaybackStateChanged: record=com.github.libretube.debug/androidx.media3.session.id.com.github.libretube.services.OnlinePlayerService/60 (userId=0) playbackState=PlaybackState {state=NONE(0), position=0, buffered position=0, speed=0.0, updated=30499080, actions=7339701, custom actions=[], active item id=0, error=null}
02-14 20:24:48.902 D/MediaSessionService( 1738): onSessionPlaybackStateChanged: record=com.github.libretube.debug/androidx.media3.session.id.com.github.libretube.services.OnlinePlayerService/60 (userId=0) playbackState=PlaybackState {state=NONE(0), position=0, buffered position=0, speed=0.0, updated=30499082, actions=7339701, custom actions=[], active item id=0, error=null}
02-14 20:24:48.905 D/MediaSessionService( 1738): onSessionPlaybackStateChanged: record=com.github.libretube.debug/androidx.media3.session.id.com.github.libretube.services.OnlinePlayerService/60 (userId=0) playbackState=PlaybackState {state=NONE(0), position=1301253, buffered position=1301253, speed=0.0, updated=30499084, actions=7339701, custom actions=[], active item id=0, error=null}
02-14 20:24:48.906 D/MediaSessionService( 1738): onSessionPlaybackStateChanged: record=com.github.libretube.debug/androidx.media3.session.id.com.github.libretube.services.OnlinePlayerService/60 (userId=0) playbackState=PlaybackState {state=NONE(0), position=1301253, buffered position=1301253, speed=0.0, updated=30499085, actions=7339701, custom actions=[], active item id=0, error=null}
02-14 20:24:48.907 I/MediaSessionStack( 1738): onPlaybackStateChanged - Pushing session to top | record: com.github.libretube.debug/androidx.media3.session.id.com.github.libretube.services.OnlinePlayerService/60 (userId=0)
02-14 20:24:48.907 D/MediaSessionService( 1738): onSessionPlaybackStateChanged: record=com.github.libretube.debug/androidx.media3.session.id.com.github.libretube.services.OnlinePlayerService/60 (userId=0) playbackState=PlaybackState {state=BUFFERING(6), position=1301253, buffered position=1301253, speed=0.0, updated=30499087, actions=7339699, custom actions=[], active item id=0, error=null}
02-14 20:24:48.907 I/MediaFocusControl( 1738): requestAudioFocus() from uid/pid 10759/9828 AA=USAGE_MEDIA/CONTENT_TYPE_MOVIE clientId=android.media.AudioManager@3d34f3candroidx.media3.common.audio.AudioFocusManager$$ExternalSyntheticLambda0@78534c5 callingPack=com.github.libretube.debug req=1 flags=0x0 sdk=35
02-14 20:24:48.907 I/AS.FadeOutManager( 1738): unfadeOutUid() uid:10759
02-14 20:24:48.907 D/BackgroundInstallControlService( 1738): Package event received: 0
02-14 20:24:48.909 I/WifiService( 1738): acquireWifiLock uid=10759 lockMode=3 packageName=com.github.libretube.debug
02-14 20:24:48.910 D/WifiHAL (  851): wifi_set_latency_mode: 1
02-14 20:24:48.911 W/AOSP-MdnsDiscoveryManag( 3999): Error while decoding multicast packet (2443): 1 [CONTEXT service_id=168 ]
02-14 20:24:48.911 W/AOSP-MdnsDiscoveryManag( 3999): Error while decoding multicast packet (2444): 1 [CONTEXT service_id=168 ]
02-14 20:24:48.913 I/okhttp.OkHttpClient( 9828): --> GET https://sponsor.ajay.app/api/skipSegments/c7b0?category=sponsor&category=intro&category=selfpromo&category=interaction&category=outro&category=filler&category=music_offtopic&category=preview&category=exclusive_access&category=hook&category=poi_highlight&actionType=skip&actionType=mute&actionType=full&actionType=poi&actionType=chapter
02-14 20:24:48.940 W/VideoCapabilities( 9828): Unrecognized profile/level 0/3 for video/mpeg2
02-14 20:24:48.941 W/VideoCapabilities( 9828): Unsupported mime image/vnd.android.heic
02-14 20:24:48.960 W/VideoCapabilities( 9828): Unrecognized profile/level 0/3 for video/mpeg2
02-14 20:24:48.960 W/VideoCapabilities( 9828): Unrecognized profile/level 0/3 for video/mpeg2
02-14 20:24:48.963 W/VideoCapabilities( 9828): Unsupported mime image/vnd.android.heic
02-14 20:24:48.964 W/VideoCapabilities( 9828): Unsupported mime image/vnd.android.heic
